Component: ARM Compiler 5.06 update 6 (build 750) Tool: armlink [4d35ed]

==============================================================================

Section Cross References

    startup_stm32f103xe.o(STACK) refers (Special) to heapauxi.o(.text) for __use_two_region_memory
    startup_stm32f103xe.o(HEAP) refers (Special) to heapauxi.o(.text) for __use_two_region_memory
    startup_stm32f103xe.o(RESET) refers (Special) to heapauxi.o(.text) for __use_two_region_memory
    startup_stm32f103xe.o(RESET) refers to startup_stm32f103xe.o(STACK) for __initial_sp
    startup_stm32f103xe.o(RESET) refers to startup_stm32f103xe.o(.text) for Reset_Handler
    startup_stm32f103xe.o(RESET) refers to stm32f1xx_it.o(i.NMI_Handler) for NMI_Handler
    startup_stm32f103xe.o(RESET) refers to stm32f1xx_it.o(i.HardFault_Handler) for HardFault_Handler
    startup_stm32f103xe.o(RESET) refers to stm32f1xx_it.o(i.MemManage_Handler) for MemManage_Handler
    startup_stm32f103xe.o(RESET) refers to stm32f1xx_it.o(i.BusFault_Handler) for BusFault_Handler
    startup_stm32f103xe.o(RESET) refers to stm32f1xx_it.o(i.UsageFault_Handler) for UsageFault_Handler
    startup_stm32f103xe.o(RESET) refers to stm32f1xx_it.o(i.SVC_Handler) for SVC_Handler
    startup_stm32f103xe.o(RESET) refers to stm32f1xx_it.o(i.DebugMon_Handler) for DebugMon_Handler
    startup_stm32f103xe.o(RESET) refers to stm32f1xx_it.o(i.PendSV_Handler) for PendSV_Handler
    startup_stm32f103xe.o(RESET) refers to stm32f1xx_it.o(i.SysTick_Handler) for SysTick_Handler
    startup_stm32f103xe.o(RESET) refers to stm32f1xx_it.o(i.I2C1_EV_IRQHandler) for I2C1_EV_IRQHandler
    startup_stm32f103xe.o(RESET) refers to stm32f1xx_it.o(i.I2C1_ER_IRQHandler) for I2C1_ER_IRQHandler
    startup_stm32f103xe.o(.text) refers (Special) to heapauxi.o(.text) for __use_two_region_memory
    startup_stm32f103xe.o(.text) refers to system_stm32f1xx.o(i.SystemInit) for SystemInit
    startup_stm32f103xe.o(.text) refers to __main.o(!!!main) for __main
    startup_stm32f103xe.o(.text) refers to startup_stm32f103xe.o(HEAP) for Heap_Mem
    startup_stm32f103xe.o(.text) refers to startup_stm32f103xe.o(STACK) for Stack_Mem
    test.o(i.testDrawCircle) refers to u8g2_buffer.o(i.u8g2_ClearBuffer) for u8g2_ClearBuffer
    test.o(i.testDrawCircle) refers to u8g2_font.o(i.u8g2_DrawStr) for u8g2_DrawStr
    test.o(i.testDrawCircle) refers to u8g2_circle.o(i.u8g2_DrawCircle) for u8g2_DrawCircle
    test.o(i.testDrawCircle) refers to u8g2_buffer.o(i.u8g2_SendBuffer) for u8g2_SendBuffer
    test.o(i.testDrawCircle) refers to stm32f1xx_hal.o(i.HAL_Delay) for HAL_Delay
    test.o(i.testDrawFilledEllipse) refers to u8g2_buffer.o(i.u8g2_ClearBuffer) for u8g2_ClearBuffer
    test.o(i.testDrawFilledEllipse) refers to u8g2_font.o(i.u8g2_DrawStr) for u8g2_DrawStr
    test.o(i.testDrawFilledEllipse) refers to u8g2_buffer.o(i.u8g2_SendBuffer) for u8g2_SendBuffer
    test.o(i.testDrawFilledEllipse) refers to stm32f1xx_hal.o(i.HAL_Delay) for HAL_Delay
    test.o(i.testDrawFilledEllipse) refers to u8g2_circle.o(i.u8g2_DrawFilledEllipse) for u8g2_DrawFilledEllipse
    test.o(i.testDrawFrame) refers to u8g2_buffer.o(i.u8g2_ClearBuffer) for u8g2_ClearBuffer
    test.o(i.testDrawFrame) refers to u8g2_font.o(i.u8g2_DrawStr) for u8g2_DrawStr
    test.o(i.testDrawFrame) refers to u8g2_box.o(i.u8g2_DrawFrame) for u8g2_DrawFrame
    test.o(i.testDrawFrame) refers to u8g2_buffer.o(i.u8g2_SendBuffer) for u8g2_SendBuffer
    test.o(i.testDrawFrame) refers to stm32f1xx_hal.o(i.HAL_Delay) for HAL_Delay
    test.o(i.testDrawMulti) refers to u8g2_buffer.o(i.u8g2_ClearBuffer) for u8g2_ClearBuffer
    test.o(i.testDrawMulti) refers to u8g2_hvline.o(i.u8g2_DrawPixel) for u8g2_DrawPixel
    test.o(i.testDrawMulti) refers to u8g2_buffer.o(i.u8g2_SendBuffer) for u8g2_SendBuffer
    test.o(i.testDrawMulti) refers to u8g2_box.o(i.u8g2_DrawBox) for u8g2_DrawBox
    test.o(i.testDrawMulti) refers to u8g2_box.o(i.u8g2_DrawFrame) for u8g2_DrawFrame
    test.o(i.testDrawMulti) refers to u8g2_box.o(i.u8g2_DrawRBox) for u8g2_DrawRBox
    test.o(i.testDrawMulti) refers to u8g2_box.o(i.u8g2_DrawRFrame) for u8g2_DrawRFrame
    test.o(i.testDrawMulti) refers to u8g2_circle.o(i.u8g2_DrawDisc) for u8g2_DrawDisc
    test.o(i.testDrawMulti) refers to u8g2_circle.o(i.u8g2_DrawCircle) for u8g2_DrawCircle
    test.o(i.testDrawMulti) refers to u8g2_circle.o(i.u8g2_DrawFilledEllipse) for u8g2_DrawFilledEllipse
    test.o(i.testDrawMulti) refers to u8g2_circle.o(i.u8g2_DrawEllipse) for u8g2_DrawEllipse
    test.o(i.testDrawProcess) refers to _printf_percent.o(.ARM.Collect$$_printf_percent$$00000000) for _printf_percent
    test.o(i.testDrawProcess) refers to _printf_d.o(.ARM.Collect$$_printf_percent$$00000009) for _printf_d
    test.o(i.testDrawProcess) refers to _printf_dec.o(.text) for _printf_int_dec
    test.o(i.testDrawProcess) refers to u8g2_buffer.o(i.u8g2_ClearBuffer) for u8g2_ClearBuffer
[...]
    I2C_Slave_ADDR                           0x08001f41   Thumb Code    70  stm32f1xx_hal_i2c.o(i.I2C_Slave_ADDR)
    i.I2C_Slave_AF                           0x08001f88   Section        0  stm32f1xx_hal_i2c.o(i.I2C_Slave_AF)
    I2C_Slave_AF                             0x08001f89   Thumb Code   138  stm32f1xx_hal_i2c.o(i.I2C_Slave_AF)
    i.I2C_Slave_STOPF                        0x08002018   Section        0  stm32f1xx_hal_i2c.o(i.I2C_Slave_STOPF)
    I2C_Slave_STOPF                          0x08002019   Thumb Code   338  stm32f1xx_hal_i2c.o(i.I2C_Slave_STOPF)
    i.I2C_WaitOnBTFFlagUntilTimeout          0x08002174   Section        0  stm32f1xx_hal_i2c.o(i.I2C_WaitOnBTFFlagUntilTimeout)
    I2C_WaitOnBTFFlagUntilTimeout            0x08002175   Thumb Code    86  stm32f1xx_hal_i2c.o(i.I2C_WaitOnBTFFlagUntilTimeout)
    i.I2C_WaitOnFlagUntilTimeout             0x080021cc   Section        0  stm32f1xx_hal_i2c.o(i.I2C_WaitOnFlagUntilTimeout)
    I2C_WaitOnFlagUntilTimeout               0x080021cd   Thumb Code   144  stm32f1xx_hal_i2c.o(i.I2C_WaitOnFlagUntilTimeout)
    i.I2C_WaitOnMasterAddressFlagUntilTimeout 0x0800225c   Section        0  stm32f1xx_hal_i2c.o(i.I2C_WaitOnMasterAddressFlagUntilTimeout)
    I2C_WaitOnMasterAddressFlagUntilTimeout  0x0800225d   Thumb Code   188  stm32f1xx_hal_i2c.o(i.I2C_WaitOnMasterAddressFlagUntilTimeout)
    i.I2C_WaitOnTXEFlagUntilTimeout          0x08002318   Section        0  stm32f1xx_hal_i2c.o(i.I2C_WaitOnTXEFlagUntilTimeout)
    I2C_WaitOnTXEFlagUntilTimeout            0x08002319   Thumb Code    86  stm32f1xx_hal_i2c.o(i.I2C_WaitOnTXEFlagUntilTimeout)
    i.MX_GPIO_Init                           0x08002370   Section        0  gpio.o(i.MX_GPIO_Init)
    i.MX_I2C1_Init                           0x08002408   Section        0  i2c.o(i.MX_I2C1_Init)
    i.MX_TIM1_Init                           0x08002448   Section        0  tim.o(i.MX_TIM1_Init)
    i.MemManage_Handler                      0x080024b0   Section        0  stm32f1xx_it.o(i.MemManage_Handler)
    i.NMI_Handler                            0x080024b2   Section        0  stm32f1xx_it.o(i.NMI_Handler)
    i.PendSV_Handler                         0x080024b4   Section        0  stm32f1xx_it.o(i.PendSV_Handler)
    i.SVC_Handler                            0x080024b6   Section        0  stm32f1xx_it.o(i.SVC_Handler)
    i.SysTick_Handler                        0x080024b8   Section        0  stm32f1xx_it.o(i.SysTick_Handler)
    i.SystemClock_Config                     0x080024bc   Section        0  main.o(i.SystemClock_Config)
    i.SystemInit                             0x0800251a   Section        0  system_stm32f1xx.o(i.SystemInit)
    i.TIM_Base_SetConfig                     0x0800251c   Section        0  stm32f1xx_hal_tim.o(i.TIM_Base_SetConfig)
    i.TIM_ETR_SetConfig                      0x080025a8   Section        0  stm32f1xx_hal_tim.o(i.TIM_ETR_SetConfig)
    i.TIM_ITRx_SetConfig                     0x080025bc   Section        0  stm32f1xx_hal_tim.o(i.TIM_ITRx_SetConfig)
    TIM_ITRx_SetConfig                       0x080025bd   Thumb Code    16  stm32f1xx_hal_tim.o(i.TIM_ITRx_SetConfig)
    i.TIM_TI1_ConfigInputStage               0x080025cc   Section        0  stm32f1xx_hal_tim.o(i.TIM_TI1_ConfigInputStage)
    TIM_TI1_ConfigInputStage                 0x080025cd   Thumb Code    34  stm32f1xx_hal_tim.o(i.TIM_TI1_ConfigInputStage)
    i.TIM_TI2_ConfigInputStage               0x080025ee   Section        0  stm32f1xx_hal_tim.o(i.TIM_TI2_ConfigInputStage)
    TIM_TI2_ConfigInputStage                 0x080025ef   Thumb Code    36  stm32f1xx_hal_tim.o(i.TIM_TI2_ConfigInputStage)
    i.UsageFault_Handler                     0x08002612   Section        0  stm32f1xx_it.o(i.UsageFault_Handler)
    i.__NVIC_SetPriority                     0x08002614   Section        0  stm32f1xx_hal_cortex.o(i.__NVIC_SetPriority)
    __NVIC_SetPriority                       0x08002615   Thumb Code    32  stm32f1xx_hal_cortex.o(i.__NVIC_SetPriority)
    i.draw                                   0x08002634   Section        0  stm32_u8g2.o(i.draw)
    i.main                                   0x08002734   Section        0  main.o(i.main)
    i.testDrawProcess                        0x08002770   Section        0  test.o(i.testDrawProcess)
    i.testDrawXBM                            0x08002800   Section        0  test.o(i.testDrawXBM)
    i.testShowFont                           0x08002884   Section        0  test.o(i.testShowFont)
    i.u8g2DrawTest                           0x08002934   Section        0  test.o(i.u8g2DrawTest)
    i.u8g2Init                               0x0800294c   Section        0  stm32_u8g2.o(i.u8g2Init)
    i.u8g2_ClearBuffer                       0x08002980   Section        0  u8g2_buffer.o(i.u8g2_ClearBuffer)
    i.u8g2_DrawCircle                        0x08002992   Section        0  u8g2_circle.o(i.u8g2_DrawCircle)
    i.u8g2_DrawGlyph                         0x080029d2   Section        0  u8g2_font.o(i.u8g2_DrawGlyph)
    i.u8g2_DrawHLine                         0x08002a42   Section        0  u8g2_hvline.o(i.u8g2_DrawHLine)
    i.u8g2_DrawHVLine                        0x08002a50   Section        0  u8g2_hvline.o(i.u8g2_DrawHVLine)
    i.u8g2_DrawHXBM                          0x08002afc   Section        0  u8g2_bitmap.o(i.u8g2_DrawHXBM)
    i.u8g2_DrawPixel                         0x08002b90   Section        0  u8g2_hvline.o(i.u8g2_DrawPixel)
    i.u8g2_DrawRFrame                        0x08002bbe   Section        0  u8g2_box.o(i.u8g2_DrawRFrame)
    i.u8g2_DrawStr                           0x08002cc0   Section        0  u8g2_font.o(i.u8g2_DrawStr)
    i.u8g2_DrawVLine                         0x08002cd0   Section        0  u8g2_hvline.o(i.u8g2_DrawVLine)
    i.u8g2_DrawXBM                           0x08002cdc   Section        0  u8g2_bitmap.o(i.u8g2_DrawXBM)
    i.u8g2_FirstPage                         0x08002d28   Section        0  u8g2_buffer.o(i.u8g2_FirstPage)
    i.u8g2_IsIntersection                    0x08002d44   Section        0  u8g2_intersection.o(i.u8g2_IsIntersection)
    i.u8g2_NextPage                          0x08002d74   Section        0  u8g2_buffer.o(i.u8g2_NextPage)
    i.u8g2_SendBuffer                        0x08002db2   Section        0  u8g2_buffer.o(i.u8g2_SendBuffer)
    i.u8g2_SetBufferCurrTileRow              0x08002dc4   Section        0  u8g2_buffer.o(i.u8g2_SetBufferCurrTileRow)
    i.u8g2_SetFont                           0x08002de0   Section        0  u8g2_font.o(i.u8g2_SetFont)
    i.u8g2_SetFontDirection                  0x08002e00   Section        0  u8g2_font.o(i.u8g2_SetFontDirection)
    i.u8g2_SetFontMode                       0x08002e06   Section        0  u8g2_font.o(i.u8g2_SetFontMode)
    i.u8g2_SetFontPosBaseline                0x08002e0c   Section        0  u8g2_font.o(i.u8g2_SetFontPosBaseline)
    i.u8g2_SetMaxClipWindow                  0x08002e18   Section        0  u8g2_setup.o(i.u8g2_SetMaxClipWindow)
    i.u8g2_SetupBuffer                       0x08002e34   Section        0  u8g2_setup.o(i.u8g2_SetupBuffer)
    i.u8g2_Setup_ssd1306_i2c_128x64_noname_f 0x08002e7c   Section        0  u8g2_d_setup.o(i.u8g2_Setup_ssd1306_i2c_128x64_noname_f)
    i.u8g2_UpdateRefHeight                   0x08002eb4   Section        0  u8g2_font.o(i.u8g2_UpdateRefHeight)
    i.u8g2_add_vector_x                      0x08002f06   Section        0  u8g2_font.o(i.u8g2_add_vector_x)
    i.u8g2_add_vector_y                      0x08002f22   Section        0  u8g2_font.o(i.u8g2_add_vector_y)
    i.u8g2_apply_clip_window                 0x08002f3e   Section        0  u8g2_setup.o(i.u8g2_apply_clip_window)
    u8g2_apply_clip_window                   0x08002f3f   Thumb Code   110  u8g2_setup.o(i.u8g2_apply_clip_window)
    i.u8g2_clip_intersection2                0x08002fac   Section        0  u8g2_hvline.o(i.u8g2_clip_intersection2)
    u8g2_clip_intersection2                  0x08002fad   Thumb Code    60  u8g2_hvline.o(i.u8g2_clip_intersection2)
    i.u8g2_draw_circle                       0x08002fe8   Section        0  u8g2_circle.o(i.u8g2_draw_circle)
    u8g2_draw_circle                         0x08002fe9   Thumb Code   106  u8g2_circle.o(i.u8g2_draw_circle)
    i.u8g2_draw_circle_section               0x08003052   Section        0  u8g2_circle.o(i.u8g2_draw_circle_section)
    u8g2_draw_circle_section                 0x08003053   Thumb Code   186  u8g2_circle.o(i.u8g2_draw_circle_section)
    i.u8g2_draw_hv_line_2dir                 0x0800310c   Section        0  u8g2_hvline.o(i.u8g2_draw_hv_line_2dir)
    i.u8g2_draw_l90_r0                       0x0800311e   Section        0  u8g2_setup.o(i.u8g2_draw_l90_r0)
    i.u8g2_draw_string                       0x0800312a   Section        0  u8g2_font.o(i.u8g2_draw_string)
    u8g2_draw_string                         0x0800312b   Thumb Code   118  u8g2_font.o(i.u8g2_draw_string)
    i.u8g2_font_calc_vref_font               0x080031a0   Section        0  u8g2_font.o(i.u8g2_font_calc_vref_font)
    i.u8g2_font_decode_get_signed_bits       0x080031a4   Section        0  u8g2_font.o(i.u8g2_font_decode_get_signed_bits)
    i.u8g2_font_decode_get_unsigned_bits     0x080031b8   Section        0  u8g2_font.o(i.u8g2_font_decode_get_unsigned_bits)
    i.u8g2_font_decode_glyph                 0x080031ec   Section        0  u8g2_font.o(i.u8g2_font_decode_glyph)
    i.u8g2_font_decode_len                   0x08003300   Section        0  u8g2_font.o(i.u8g2_font_decode_len)
    i.u8g2_font_get_glyph_data               0x0800338c   Section        0  u8g2_font.o(i.u8g2_font_get_glyph_data)
    i.u8g2_font_get_word                     0x080033fe   Section        0  u8g2_font.o(i.u8g2_font_get_word)
    u8g2_font_get_word                       0x080033ff   Thumb Code    20  u8g2_font.o(i.u8g2_font_get_word)
    i.u8g2_font_setup_decode                 0x08003412   Section        0  u8g2_font.o(i.u8g2_font_setup_decode)
    u8g2_font_setup_decode                   0x08003413   Thumb Code    52  u8g2_font.o(i.u8g2_font_setup_decode)
    i.u8g2_is_intersection_decision_tree     0x08003446   Section        0  u8g2_intersection.o(i.u8g2_is_intersection_decision_tree)
    i.u8g2_ll_hvline_vertical_top_lsb        0x08003460   Section        0  u8g2_ll_hvline.o(i.u8g2_ll_hvline_vertical_top_lsb)
    i.u8g2_m_16_8_f                          0x080034f0   Section        0  u8g2_d_memory.o(i.u8g2_m_16_8_f)
    i.u8g2_read_font_info                    0x080034fc   Section        0  u8g2_font.o(i.u8g2_read_font_info)
    i.u8g2_send_buffer                       0x08003566   Section        0  u8g2_buffer.o(i.u8g2_send_buffer)
    u8g2_send_buffer                         0x08003567   Thumb Code    78  u8g2_buffer.o(i.u8g2_send_buffer)
    i.u8g2_update_dimension_common           0x080035b4   Section        0  u8g2_setup.o(i.u8g2_update_dimension_common)
    u8g2_update_dimension_common             0x080035b5   Thumb Code    70  u8g2_setup.o(i.u8g2_update_dimension_common)
    i.u8g2_update_dimension_r0               0x080035fa   Section        0  u8g2_setup.o(i.u8g2_update_dimension_r0)
    i.u8g2_update_page_win_r0                0x080035fe   Section        0  u8g2_setup.o(i.u8g2_update_page_win_r0)
    i.u8x8_DrawTile                          0x08003620   Section        0  u8x8_display.o(i.u8x8_DrawTile)
    i.u8x8_InitDisplay                       0x0800363e   Section        0  u8x8_display.o(i.u8x8_InitDisplay)
    i.u8x8_RefreshDisplay                    0x0800364e   Section        0  u8x8_display.o(i.u8x8_RefreshDisplay)
    i.u8x8_SetPowerSave                      0x0800365e   Section        0  u8x8_display.o(i.u8x8_SetPowerSave)
    i.u8x8_Setup                             0x0800366e   Section        0  u8x8_setup.o(i.u8x8_Setup)
    i.u8x8_SetupDefaults                     0x08003690   Section        0  u8x8_setup.o(i.u8x8_SetupDefaults)
    i.u8x8_SetupMemory                       0x080036b4   Section        0  u8x8_display.o(i.u8x8_SetupMemory)
    i.u8x8_ascii_next                        0x080036c4   Section        0  u8x8_8x8.o(i.u8x8_ascii_next)
    i.u8x8_byte_EndTransfer                  0x080036d2   Section        0  u8x8_byte.o(i.u8x8_byte_EndTransfer)
    i.u8x8_byte_SendByte                     0x080036e2   Section        0  u8x8_byte.o(i.u8x8_byte_SendByte)
    i.u8x8_byte_StartTransfer                0x080036f0   Section        0  u8x8_byte.o(i.u8x8_byte_StartTransfer)
    i.u8x8_byte_hw_i2c                       0x08003700   Section        0  stm32_u8g2.o(i.u8x8_byte_hw_i2c)
    i.u8x8_cad_EndTransfer                   0x08003770   Section        0  u8x8_cad.o(i.u8x8_cad_EndTransfer)
    i.u8x8_cad_SendArg                       0x08003780   Section        0  u8x8_cad.o(i.u8x8_cad_SendArg)
    i.u8x8_cad_SendCmd                       0x08003790   Section        0  u8x8_cad.o(i.u8x8_cad_SendCmd)
    i.u8x8_cad_SendData                      0x080037a0   Section        0  u8x8_cad.o(i.u8x8_cad_SendData)
    i.u8x8_cad_SendSequence                  0x080037b0   Section        0  u8x8_cad.o(i.u8x8_cad_SendSequence)
    i.u8x8_cad_StartTransfer                 0x08003818   Section        0  u8x8_cad.o(i.u8x8_cad_StartTransfer)
    i.u8x8_cad_ssd13xx_fast_i2c              0x08003828   Section        0  u8x8_cad.o(i.u8x8_cad_ssd13xx_fast_i2c)
    i.u8x8_d_helper_display_init             0x080038e4   Section        0  u8x8_display.o(i.u8x8_d_helper_display_init)
    i.u8x8_d_helper_display_setup_memory     0x08003944   Section        0  u8x8_display.o(i.u8x8_d_helper_display_setup_memory)
    i.u8x8_d_ssd1306_128x64_noname           0x08003950   Section        0  u8x8_d_ssd1306_128x64_noname.o(i.u8x8_d_ssd1306_128x64_noname)
    i.u8x8_d_ssd1306_sh1106_generic          0x0800398c   Section        0  u8x8_d_ssd1306_128x64_noname.o(i.u8x8_d_ssd1306_sh1106_generic)
    u8x8_d_ssd1306_sh1106_generic            0x0800398d   Thumb Code   196  u8x8_d_ssd1306_128x64_noname.o(i.u8x8_d_ssd1306_sh1106_generic)
    i.u8x8_dummy_cb                          0x08003a54   Section        0  u8x8_setup.o(i.u8x8_dummy_cb)
    i.u8x8_gpio_and_delay                    0x08003a58   Section        0  stm32_u8g2.o(i.u8x8_gpio_and_delay)
    i.u8x8_gpio_call                         0x08003aba   Section        0  u8x8_gpio.o(i.u8x8_gpio_call)
    i.u8x8_i2c_data_transfer                 0x08003ac6   Section        0  u8x8_cad.o(i.u8x8_i2c_data_transfer)
    u8x8_i2c_data_transfer                   0x08003ac7   Thumb Code    44  u8x8_cad.o(i.u8x8_i2c_data_transfer)
    i.u8x8_utf8_init                         0x08003af2   Section        0  u8x8_8x8.o(i.u8x8_utf8_init)
    x$fpl$ddiv                               0x08003afc   Section      688  ddiv.o(x$fpl$ddiv)
    ddiv_entry                               0x08003b03   Thumb Code     0  ddiv.o(x$fpl$ddiv)
    x$fpl$dfix                               0x08003dac   Section       94  dfix.o(x$fpl$dfix)
    x$fpl$dflt                               0x08003e0a   Section       46  dflt_clz.o(x$fpl$dflt)
    x$fpl$dmul                               0x08003e38   Section      340  dmul.o(x$fpl$dmul)
    x$fpl$dnaninf                            0x08003f8c   Section      156  dnaninf.o(x$fpl$dnaninf)
    x$fpl$dretinf                            0x08004028   Section       12  dretinf.o(x$fpl$dretinf)
    .constdata                               0x08004034   Section     1545  test.o(.constdata)
    x$fpl$usenofp                            0x08004034   Section        0  usenofp.o(x$fpl$usenofp)
    .constdata                               0x0800463d   Section       18  stm32f1xx_hal_rcc.o(.constdata)
    aPredivFactorTable                       0x0800463d   Data           2  stm32f1xx_hal_rcc.o(.constdata)
    aPLLMULFactorTable                       0x0800463f   Data          16  stm32f1xx_hal_rcc.o(.constdata)
    .constdata                               0x0800464f   Section       16  system_stm32f1xx.o(.constdata)
    .constdata                               0x0800465f   Section        8  system_stm32f1xx.o(.constdata)
    .constdata                               0x08004667   Section     1782  u8g2_fonts.o(.constdata)
    .constdata                               0x08004d5d   Section      723  u8g2_fonts.o(.constdata)
    .constdata                               0x08005030   Section     2465  u8g2_fonts.o(.constdata)
    .constdata                               0x080059d1   Section     1559  u8g2_fonts.o(.constdata)
    .constdata                               0x08005fe8   Section     8821  u8g2_fonts.o(.constdata)
    .constdata                               0x0800825d   Section      807  u8g2_fonts.o(.constdata)
    .constdata                               0x08008584   Section       12  u8g2_setup.o(.constdata)
    .constdata                               0x08008590   Section      344  u8x8_d_ssd1306_128x64_noname.o(.constdata)
    u8x8_d_ssd1306_128x64_noname_powersave0_seq 0x08008590   Data           5  u8x8_d_ssd1306_128x64_noname.o(.constdata)
    u8x8_d_ssd1306_128x64_noname_powersave1_seq 0x08008595   Data           5  u8x8_d_ssd1306_128x64_noname.o(.constdata)
    u8x8_d_ssd1306_128x64_noname_flip0_seq   0x0800859a   Data           7  u8x8_d_ssd1306_128x64_noname.o(.constdata)
    u8x8_d_ssd1306_128x64_noname_flip1_seq   0x080085a1   Data           7  u8x8_d_ssd1306_128x64_noname.o(.constdata)
    u8x8_d_ssd1312_128x64_noname_flip0_seq   0x080085a8   Data           7  u8x8_d_ssd1306_128x64_noname.o(.constdata)
    u8x8_d_ssd1312_128x64_noname_flip1_seq   0x080085af   Data           7  u8x8_d_ssd1306_128x64_noname.o(.constdata)
    u8x8_d_ssd1306_128x64_noname_init_seq    0x080085b6   Data          53  u8x8_d_ssd1306_128x64_noname.o(.constdata)
    u8x8_d_ssd1306_128x64_vcomh0_init_seq    0x080085eb   Data          53  u8x8_d_ssd1306_128x64_noname.o(.constdata)
    u8x8_d_ssd1306_128x64_alt0_init_seq      0x08008620   Data          53  u8x8_d_ssd1306_128x64_noname.o(.constdata)
    u8x8_d_sh1106_128x64_winstar_init_seq    0x08008655   Data          45  u8x8_d_ssd1306_128x64_noname.o(.constdata)
    u8x8_d_ssd1312_128x64_noname_init_seq    0x08008682   Data          53  u8x8_d_ssd1306_128x64_noname.o(.constdata)
    u8x8_ssd1306_128x64_noname_display_info  0x080086b8   Data          24  u8x8_d_ssd1306_128x64_noname.o(.constdata)
    u8x8_sh1106_128x64_noname_display_info   0x080086d0   Data          24  u8x8_d_ssd1306_128x64_noname.o(.constdata)
    .data                                    0x20000000   Section        1  stm32_u8g2.o(.data)
    buf_idx                                  0x20000000   Data           1  stm32_u8g2.o(.data)
    .data                                    0x20000004   Section       12  stm32f1xx_hal.o(.data)
    .data                                    0x20000010   Section        4  system_stm32f1xx.o(.data)
    .data                                    0x20000014   Section        6  u8x8_cad.o(.data)
    in_transfer                              0x20000014   Data           1  u8x8_cad.o(.data)
    in_transfer                              0x20000015   Data           1  u8x8_cad.o(.data)
    in_transfer                              0x20000016   Data           1  u8x8_cad.o(.data)
    is_data                                  0x20000017   Data           1  u8x8_cad.o(.data)
    in_transfer                              0x20000018   Data           1  u8x8_cad.o(.data)
    is_data                                  0x20000019   Data           1  u8x8_cad.o(.data)
    .bss                                     0x2000001c   Section      128  stm32_u8g2.o(.bss)
    buffer                                   0x2000001c   Data         128  stm32_u8g2.o(.bss)
    .bss                                     0x2000009c   Section       72  tim.o(.bss)
    .bss                                     0x200000e4   Section       84  i2c.o(.bss)
    .bss                                     0x20000138   Section     1024  u8g2_d_memory.o(.bss)
    buf                                      0x20000138   Data        1024  u8g2_d_memory.o(.bss)
    .bss                                     0x20000538   Section       96  libspace.o(.bss)
    HEAP                                     0x20000598   Section      512  startup_stm32f103xe.o(HEAP)
    Heap_Mem                                 0x20000598   Data         512  startup_stm32f103xe.o(HEAP)
    STACK                                    0x20000798   Section     1024  startup_stm32f103xe.o(STACK)
    Stack_Mem                                0x20000798   Data        1024  startup_stm32f103xe.o(STACK)
    __initial_sp                             0x20000b98   Data           0  startup_stm32f103xe.o(STACK)

    Global Symbols

    Symbol Name                              Value     Ov Type        Size  Object(Section)

    BuildAttributes$$THM_ISAv4$P$D$K$B$S$PE$A:L22UL41UL21$X:L11$S22US41US21$IEEE1$IW$USESV6$~STKCKD$USESV7$~SHL$OTIME$ROPI$EBA8$UX$STANDARDLIB$REQ8$PRES8$EABIv2 0x00000000   Number         0  anon$$obj.o ABSOLUTE
    __ARM_use_no_argv                        0x00000000   Number         0  main.o ABSOLUTE
    __ARM_exceptions_init                     - Undefined Weak Reference
    __alloca_initialize                       - Undefined Weak Reference
    __arm_preinit_                            - Undefined Weak Reference
    __cpp_initialize__aeabi_                  - Undefined Weak Reference
    __cxa_finalize                            - Undefined Weak Reference
    __rt_locale                               - Undefined Weak Reference
    __sigvec_lookup                           - Undefined Weak Reference
    __user_heap_extent                        - Undefined Weak Reference
    _atexit_init                              - Undefined Weak Reference
    _call_atexit_fns                          - Undefined Weak Reference
    _clock_init                               - Undefined Weak Reference
    _fp_trap_init                             - Undefined Weak Reference
    _fp_trap_shutdown                         - Undefined Weak Reference
    _get_lc_collate                           - Undefined Weak Reference
    _get_lc_ctype                             - Undefined Weak Reference
    _get_lc_monetary                          - Undefined Weak Reference
    _get_lc_numeric                           - Undefined Weak Reference
    _get_lc_time                              - Undefined Weak Reference
    _getenv_init                              - Undefined Weak Reference
    _handle_redirection                       - Undefined Weak Reference
    _mutex_acquire                            - Undefined Weak Reference
    _mutex_free                               - Undefined Weak Reference
    _mutex_release                            - Undefined Weak Reference
    _printf_post_padding                      - Undefined Weak Reference
    _printf_pre_padding                       - Undefined Weak Reference
    _printf_truncate_signed                   - Undefined Weak Reference
    _printf_truncate_unsigned                 - Undefined Weak Reference
    _rand_init                                - Undefined Weak Reference
    _signal_finish                            - Undefined Weak Reference
    _signal_init                              - Undefined Weak Reference
    __Vectors_Size                           0x00000130   Number         0  startup_stm32f103xe.o ABSOLUTE
    __Vectors                                0x08000000   Data           4  startup_stm32f103xe.o(RESET)
    __Vectors_End                            0x08000130   Data           0  startup_stm32f103xe.o(RESET)
    __main                                   0x08000131   Thumb Code     8  __main.o(!!!main)
    __scatterload                            0x08000139   Thumb Code     0  __scatter.o(!!!scatter)
    __scatterload_rt2                        0x08000139   Thumb Code    44  __scatter.o(!!!scatter)
    __scatterload_rt2_thumb_only             0x08000139   Thumb Code     0  __scatter.o(!!!scatter)
    __scatterload_null                       0x08000147   Thumb Code     0  __scatter.o(!!!scatter)
    __scatterload_copy                       0x0800016d   Thumb Code    26  __scatter_copy.o(!!handler_copy)
    __scatterload_zeroinit                   0x08000189   Thumb Code    28  __scatter_zi.o(!!handler_zi)
    _printf_d                                0x080001a5   Thumb Code     0  _printf_d.o(.ARM.Collect$$_printf_percent$$00000009)
    _printf_percent                          0x080001a5   Thumb Code     0  _printf_percent.o(.ARM.Collect$$_printf_percent$$00000000)
    _printf_percent_end                      0x080001ab   Thumb Code     0  _printf_percent_end.o(.ARM.Collect$$_printf_percent$$00000017)
    __rt_lib_init                            0x080001af   Thumb Code     0  libinit.o(.ARM.Collect$$libinit$$00000000)
    __rt_lib_init_alloca_1                   0x080001b1   Thumb Code     0  libinit2.o(.ARM.Collect$$libinit$$0000002E)
    __rt_lib_init_argv_1                     0x080001b1   Thumb Code     0  libinit2.o(.ARM.Collect$$libinit$$0000002C)
    __rt_lib_init_atexit_1                   0x080001b1   Thumb Code     0  libinit2.o(.ARM.Collect$$libinit$$0000001B)
    __rt_lib_init_clock_1                    0x080001b1   Thumb Code     0  libinit2.o(.ARM.Collect$$libinit$$00000021)
    __rt_lib_init_cpp_1                      0x080001b1   Thumb Code     0  libinit2.o(.ARM.Collect$$libinit$$00000032)
    __rt_lib_init_exceptions_1               0x080001b1   Thumb Code     0  libinit2.o(.ARM.Collect$$libinit$$00000030)
    __rt_lib_init_fp_1                       0x080001b1   Thumb Code     0  libinit2.o(.ARM.Collect$$libinit$$00000002)
    __rt_lib_init_fp_trap_1                  0x080001b1   Thumb Code     0  libinit2.o(.ARM.Collect$$libinit$$0000001F)
    __rt_lib_init_getenv_1                   0x080001b1   Thumb Code     0  libinit2.o(.ARM.Collect$$libinit$$00000023)
    __rt_lib_init_heap_1                     0x080001b1   Thumb Code     0  libinit2.o(.ARM.Collect$$libinit$$0000000A)
    __rt_lib_init_lc_collate_1               0x080001b1   Thumb Code     0  libinit2.o(.ARM.Collect$$libinit$$00000011)
    __rt_lib_init_lc_ctype_1                 0x080001b1   Thumb Code     0  libinit2.o(.ARM.Collect$$libinit$$00000013)
    __rt_lib_init_lc_monetary_1              0x080001b1   Thumb Code     0  libinit2.o(.ARM.Collect$$libinit$$00000015)
    __rt_lib_init_lc_numeric_1               0x080001b1   Thumb Code     0  libinit2.o(.ARM.Collect$$libinit$$00000017)
    __rt_lib_init_lc_time_1                  0x080001b1   Thumb Code     0  libinit2.o(.ARM.Collect$$libinit$$00000019)
    __rt_lib_init_preinit_1                  0x080001b1   Thumb Code     0  libinit2.o(.ARM.Collect$$libinit$$00000004)
    __rt_lib_init_rand_1                     0x080001b1   Thumb Code     0  libinit2.o(.ARM.Collect$$libinit$$0000000E)
    __rt_lib_init_return                     0x080001b1   Thumb Code     0  libinit2.o(.ARM.Collect$$libinit$$00000033)
    __rt_lib_init_signal_1                   0x080001b1   Thumb Code     0  libinit2.o(.ARM.Collect$$libinit$$0000001D)
    __rt_lib_init_stdio_1                    0x080001b1   Thumb Code     0  libinit2.o(.ARM.Collect$$libinit$$00000025)
    __rt_lib_init_user_alloc_1               0x080001b1   Thumb Code     0  libinit2.o(.ARM.Collect$$libinit$$0000000C)
    __rt_lib_shutdown                        0x080001b3   Thumb Code     0  libshutdown.o(.ARM.Collect$$libshutdown$$00000000)
    __rt_lib_shutdown_cpp_1                  0x080001b5   Thumb Code     0  libshutdown2.o(.ARM.Collect$$libshutdown$$00000002)
    __rt_lib_shutdown_fp_trap_1              0x080001b5   Thumb Code     0  libshutdown2.o(.ARM.Collect$$libshutdown$$00000007)
    __rt_lib_shutdown_heap_1                 0x080001b5   Thumb Code     0  libshutdown2.o(.ARM.Collect$$libshutdown$$0000000F)
    __rt_lib_shutdown_return                 0x080001b5   Thumb Code     0  libshutdown2.o(.ARM.Collect$$libshutdown$$00000010)
    __rt_lib_shutdown_signal_1               0x080001b5   Thumb Code     0  libshutdown2.o(.ARM.Collect$$libshutdown$$0000000A)
    __rt_lib_shutdown_stdio_1                0x080001b5   Thumb Code     0  libshutdown2.o(.ARM.Collect$$libshutdown$$00000004)
    __rt_lib_shutdown_user_alloc_1           0x080001b5   Thumb Code     0  libshutdown2.o(.ARM.Collect$$libshutdown$$0000000C)
    __rt_entry                               0x080001b7   Thumb Code     0  __rtentry.o(.ARM.Collect$$rtentry$$00000000)
    __rt_entry_presh_1                       0x080001b7   Thumb Code     0  __rtentry2.o(.ARM.Collect$$rtentry$$00000002)
    __rt_entry_sh                            0x080001b7   Thumb Code     0  __rtentry4.o(.ARM.Collect$$rtentry$$00000004)
    __rt_entry_li                            0x080001bd   Thumb Code     0  __rtentry2.o(.ARM.Collect$$rtentry$$0000000A)
    __rt_entry_postsh_1                      0x080001bd   Thumb Code     0  __rtentry2.o(.ARM.Collect$$rtentry$$00000009)
    __rt_entry_main                          0x080001c1   Thumb Code     0  __rtentry2.o(.ARM.Collect$$rtentry$$0000000D)
    __rt_entry_postli_1                      0x080001c1   Thumb Code     0  __rtentry2.o(.ARM.Collect$$rtentry$$0000000C)
    __rt_exit                                0x080001c9   Thumb Code     0  rtexit.o(.ARM.Collect$$rtexit$$00000000)
    __rt_exit_ls                             0x080001cb   Thumb Code     0  rtexit2.o(.ARM.Collect$$rtexit$$00000003)
    __rt_exit_prels_1                        0x080001cb   Thumb Code     0  rtexit2.o(.ARM.Collect$$rtexit$$00000002)
    __rt_exit_exit                           0x080001cf   Thumb Code     0  rtexit2.o(.ARM.Collect$$rtexit$$00000004)
    Reset_Handler                            0x080001d5   Thumb Code     8  startup_stm32f103xe.o(.text)
    ADC1_2_IRQHandler                        0x080001ef   Thumb Code     0  startup_stm32f103xe.o(.text)
    ADC3_IRQHandler                          0x080001ef   Thumb Code     0  startup_stm32f103xe.o(.text)
    CAN1_RX1_IRQHandler                      0x080001ef   Thumb Code     0  startup_stm32f103xe.o(.text)
    CAN1_SCE_IRQHandler                      0x080001ef   Thumb Code     0  startup_stm32f103xe.o(.text)
    DMA1_Channel1_IRQHandler                 0x080001ef   Thumb Code     0  startup_stm32f103xe.o(.text)
    DMA1_Channel2_IRQHandler                 0x080001ef   Thumb Code     0  startup_stm32f103xe.o(.text)
    DMA1_Channel3_IRQHandler                 0x080001ef   Thumb Code     0  startup_stm32f103xe.o(.text)
    DMA1_Channel4_IRQHandler                 0x080001ef   Thumb Code     0  startup_stm32f103xe.o(.text)
    DMA1_Channel5_IRQHandler                 0x080001ef   Thumb Code     0  startup_stm32f103xe.o(.text)
    DMA1_Channel6_IRQHandler                 0x080001ef   Thumb Code     0  startup_stm32f103xe.o(.text)
    DMA1_Channel7_IRQHandler                 0x080001ef   Thumb Code     0  startup_stm32f103xe.o(.text)
    DMA2_Channel1_IRQHandler                 0x080001ef   Thumb Code     0  startup_stm32f103xe.o(.text)
    DMA2_Channel2_IRQHandler                 0x080001ef   Thumb Code     0  startup_stm32f103xe.o(.text)
    DMA2_Channel3_IRQHandler                 0x080001ef   Thumb Code     0  startup_stm32f103xe.o(.text)
    DMA2_Channel4_5_IRQHandler               0x080001ef   Thumb Code     0  startup_stm32f103xe.o(.text)
    EXTI0_IRQHandler                         0x080001ef   Thumb Code     0  startup_stm32f103xe.o(.text)
    EXTI15_10_IRQHandler                     0x080001ef   Thumb Code     0  startup_stm32f103xe.o(.text)
    EXTI1_IRQHandler                         0x080001ef   Thumb Code     0  startup_stm32f103xe.o(.text)
    EXTI2_IRQHandler                         0x080001ef   Thumb Code     0  startup_stm32f103xe.o(.text)
    EXTI3_IRQHandler                         0x080001ef   Thumb Code     0  startup_stm32f103xe.o(.text)
    EXTI4_IRQHandler                         0x080001ef   Thumb Code     0  startup_stm32f103xe.o(.text)
    EXTI9_5_IRQHandler                       0x080001ef   Thumb Code     0  startup_stm32f103xe.o(.text)
    FLASH_IRQHandler                         0x080001ef   Thumb Code     0  startup_stm32f103xe.o(.text)
    FSMC_IRQHandler                          0x080001ef   Thumb Code     0  startup_stm32f103xe.o(.text)
    I2C2_ER_IRQHandler                       0x080001ef   Thumb Code     0  startup_stm32f103xe.o(.text)
    I2C2_EV_IRQHandler                       0x080001ef   Thumb Code     0  startup_stm32f103xe.o(.text)
    PVD_IRQHandler                           0x080001ef   Thumb Code     0  startup_stm32f103xe.o(.text)
    RCC_IRQHandler                           0x080001ef   Thumb Code     0  startup_stm32f103xe.o(.text)
    RTC_Alarm_IRQHandler                     0x080001ef   Thumb Code     0  startup_stm32f103xe.o(.text)
    RTC_IRQHandler                           0x080001ef   Thumb Code     0  startup_stm32f103xe.o(.text)
    SDIO_IRQHandler                          0x080001ef   Thumb Code     0  startup_stm32f103xe.o(.text)
    SPI1_IRQHandler                          0x080001ef   Thumb Code     0  startup_stm32f103xe.o(.text)
    SPI2_IRQHandler                          0x080001ef   Thumb Code     0  startup_stm32f103xe.o(.text)
    SPI3_IRQHandler                          0x080001ef   Thumb Code     0  startup_stm32f103xe.o(.text)
    TAMPER_IRQHandler                        0x080001ef   Thumb Code     0  startup_stm32f103xe.o(.text)
    TIM1_BRK_IRQHandler                      0x080001ef   Thumb Code     0  startup_stm32f103xe.o(.text)
    TIM1_CC_IRQHandler                       0x080001ef   Thumb Code     0  startup_stm32f103xe.o(.text)
    TIM1_TRG_COM_IRQHandler                  0x080001ef   Thumb Code     0  startup_stm32f103xe.o(.text)
    TIM1_UP_IRQHandler                       0x080001ef   Thumb Code     0  startup_stm32f103xe.o(.text)
    TIM2_IRQHandler                          0x080001ef   Thumb Code     0  startup_stm32f103xe.o(.text)
    TIM3_IRQHandler                          0x080001ef   Thumb Code     0  startup_stm32f103xe.o(.text)
    TIM4_IRQHandler                          0x080001ef   Thumb Code     0  startup_stm32f103xe.o(.text)
    TIM5_IRQHandler                          0x080001ef   Thumb Code     0  startup_stm32f103xe.o(.text)
    TIM6_IRQHandler                          0x080001ef   Thumb Code     0  startup_stm32f103xe.o(.text)
    TIM7_IRQHandler                          0x080001ef   Thumb Code     0  startup_stm32f103xe.o(.text)
    TIM8_BRK_IRQHandler                      0x080001ef   Thumb Code     0  startup_stm32f103xe.o(.text)
    TIM8_CC_IRQHandler                       0x080001ef   Thumb Code     0  startup_stm32f103xe.o(.text)
    TIM8_TRG_COM_IRQHandler                  0x080001ef   Thumb Code     0  startup_stm32f103xe.o(.text)
    TIM8_UP_IRQHandler                       0x080001ef   Thumb Code     0  startup_stm32f103xe.o(.text)
    UART4_IRQHandler                         0x080001ef   Thumb Code     0  startup_stm32f103xe.o(.text)
    UART5_IRQHandler                         0x080001ef   Thumb Code     0  startup_stm32f103xe.o(.text)
    USART1_IRQHandler                        0x080001ef   Thumb Code     0  startup_stm32f103xe.o(.text)
    USART2_IRQHandler                        0x080001ef   Thumb Code     0  startup_stm32f103xe.o(.text)
    USART3_IRQHandler                        0x080001ef   Thumb Code     0  startup_stm32f103xe.o(.text)
    USBWakeUp_IRQHandler                     0x080001ef   Thumb Code     0  startup_stm32f103xe.o(.text)
    USB_HP_CAN1_TX_IRQHandler                0x080001ef   Thumb Code     0  startup_stm32f103xe.o(.text)
    USB_LP_CAN1_RX0_IRQHandler               0x080001ef   Thumb Code     0  startup_stm32f103xe.o(.text)
    WWDG_IRQHandler                          0x080001ef   Thumb Code     0  startup_stm32f103xe.o(.text)
    __user_initial_stackheap                 0x080001f1   Thumb Code     0  startup_stm32f103xe.o(.text)
    __2sprintf                               0x08000215   Thumb Code    34  noretval__2sprintf.o(.text)
    __printf                                 0x0800023d   Thumb Code   104  __printf.o(.text)
    _printf_int_dec                          0x080002a5   Thumb Code   104  _printf_dec.o(.text)
    __aeabi_memclr                           0x0800031d   Thumb Code     0  rt_memclr.o(.text)
    __rt_memclr                              0x0800031d   Thumb Code    68  rt_memclr.o(.text)
    _memset                                  0x08000321   Thumb Code     0  rt_memclr.o(.text)
    __aeabi_memclr4                          0x08000361   Thumb Code     0  rt_memclr_w.o(.text)
    __aeabi_memclr8                          0x08000361   Thumb Code     0  rt_memclr_w.o(.text)
    __rt_memclr_w                            0x08000361   Thumb Code    78  rt_memclr_w.o(.text)
    _memset_w                                0x08000365   Thumb Code     0  rt_memclr_w.o(.text)
    __use_two_region_memory                  0x080003af   Thumb Code     2  heapauxi.o(.text)
    __rt_heap_escrow                         0x080003b1   Thumb Code     2  heapauxi.o(.text)
    __rt_heap_expand                         0x080003b3   Thumb Code     2  heapauxi.o(.text)
    _printf_int_common                       0x080003b5   Thumb Code   178  _printf_intcommon.o(.text)
    _printf_char_common                      0x08000473   Thumb Code    32  _printf_char_common.o(.text)
    _sputc                                   0x08000499   Thumb Code    10  _sputc.o(.text)
    __user_setup_stackheap                   0x080004a3   Thumb Code    74  sys_stackheap_outer.o(.text)
    exit                                     0x080004ed   Thumb Code    18  exit.o(.text)
    __user_libspace                          0x08000501   Thumb Code     8  libspace.o(.text)
    __user_perproc_libspace                  0x08000501   Thumb Code     0  libspace.o(.text)
    __user_perthread_libspace                0x08000501   Thumb Code     0  libspace.o(.text)
    __I$use$semihosting                      0x08000509   Thumb Code     0  use_no_semi.o(.text)
    __use_no_semihosting_swi                 0x08000509   Thumb Code     2  use_no_semi.o(.text)
    __semihosting_library_function           0x0800050b   Thumb Code     0  indicate_semi.o(.text)
    _sys_exit                                0x0800050d   Thumb Code     8  sys_exit.o(.text)
    BusFault_Handler                         0x08000519   Thumb Code     2  stm32f1xx_it.o(i.BusFault_Handler)
    DebugMon_Handler                         0x0800051b   Thumb Code     2  stm32f1xx_it.o(i.DebugMon_Handler)
    Error_Handler                            0x0800051d   Thumb Code     4  main.o(i.Error_Handler)
    HAL_DMA_Abort_IT                         0x08000521   Thumb Code   296  stm32f1xx_hal_dma.o(i.HAL_DMA_Abort_IT)
    HAL_DMA_GetState                         0x08000651   Thumb Code     6  stm32f1xx_hal_dma.o(i.HAL_DMA_GetState)
    HAL_Delay                                0x08000659   Thumb Code    32  stm32f1xx_hal.o(i.HAL_Delay)
    HAL_GPIO_Init                            0x0800067d   Thumb Code   462  stm32f1xx_hal_gpio.o(i.HAL_GPIO_Init)
    HAL_GPIO_WritePin                        0x08000875   Thumb Code    10  stm32f1xx_hal_gpio.o(i.HAL_GPIO_WritePin)
    HAL_GetTick                              0x08000881   Thumb Code     6  stm32f1xx_hal.o(i.HAL_GetTick)
    HAL_I2C_AbortCpltCallback                0x0800088d   Thumb Code     2  stm32f1xx_hal_i2c.o(i.HAL_I2C_AbortCpltCallback)
    HAL_I2C_AddrCallback                     0x0800088f   Thumb Code     2  stm32f1xx_hal_i2c.o(i.HAL_I2C_AddrCallback)
    HAL_I2C_ER_IRQHandler                    0x08000891   Thumb Code   196  stm32f1xx_hal_i2c.o(i.HAL_I2C_ER_IRQHandler)
    HAL_I2C_EV_IRQHandler                    0x08000955   Thumb Code   560  stm32f1xx_hal_i2c.o(i.HAL_I2C_EV_IRQHandler)
    HAL_I2C_ErrorCallback                    0x08000b85   Thumb Code     2  stm32f1xx_hal_i2c.o(i.HAL_I2C_ErrorCallback)
    HAL_I2C_Init                             0x08000b89   Thumb Code   376  stm32f1xx_hal_i2c.o(i.HAL_I2C_Init)
    HAL_I2C_ListenCpltCallback               0x08000d11   Thumb Code     2  stm32f1xx_hal_i2c.o(i.HAL_I2C_ListenCpltCallback)
    HAL_I2C_MasterRxCpltCallback             0x08000d13   Thumb Code     2  stm32f1xx_hal_i2c.o(i.HAL_I2C_MasterRxCpltCallback)
    HAL_I2C_MasterTxCpltCallback             0x08000d15   Thumb Code     2  stm32f1xx_hal_i2c.o(i.HAL_I2C_MasterTxCpltCallback)
    HAL_I2C_Master_Transmit                  0x08000d19   Thumb Code   290  stm32f1xx_hal_i2c.o(i.HAL_I2C_Master_Transmit)
    HAL_I2C_MemRxCpltCallback                0x08000e45   Thumb Code     2  stm32f1xx_hal_i2c.o(i.HAL_I2C_MemRxCpltCallback)
    HAL_I2C_MemTxCpltCallback                0x08000e47   Thumb Code     2  stm32f1xx_hal_i2c.o(i.HAL_I2C_MemTxCpltCallback)
    HAL_I2C_MspInit                          0x08000e49   Thumb Code   112  i2c.o(i.HAL_I2C_MspInit)
    HAL_I2C_SlaveRxCpltCallback              0x08000ec5   Thumb Code     2  stm32f1xx_hal_i2c.o(i.HAL_I2C_SlaveRxCpltCallback)
    HAL_I2C_SlaveTxCpltCallback              0x08000ec7   Thumb Code     2  stm32f1xx_hal_i2c.o(i.HAL_I2C_SlaveTxCpltCallback)
    HAL_IncTick                              0x08000ec9   Thumb Code    12  stm32f1xx_hal.o(i.HAL_IncTick)
    HAL_Init                                 0x08000ed9   Thumb Code    32  stm32f1xx_hal.o(i.HAL_Init)
    HAL_InitTick                             0x08000efd   Thumb Code    54  stm32f1xx_hal.o(i.HAL_InitTick)
    HAL_MspInit                              0x08000f3d   Thumb Code    52  stm32f1xx_hal_msp.o(i.HAL_MspInit)
    HAL_NVIC_EnableIRQ                       0x08000f79   Thumb Code    26  stm32f1xx_hal_cortex.o(i.HAL_NVIC_EnableIRQ)
    HAL_NVIC_SetPriority                     0x08000f95   Thumb Code    60  stm32f1xx_hal_cortex.o(i.HAL_NVIC_SetPriority)
    HAL_NVIC_SetPriorityGrouping             0x08000fd5   Thumb Code    26  stm32f1xx_hal_cortex.o(i.HAL_NVIC_SetPriorityGrouping)
    HAL_RCC_ClockConfig                      0x08000ff9   Thumb Code   280  stm32f1xx_hal_rcc.o(i.HAL_RCC_ClockConfig)
    HAL_RCC_GetPCLK1Freq                     0x08001125   Thumb Code    20  stm32f1xx_hal_rcc.o(i.HAL_RCC_GetPCLK1Freq)
    HAL_RCC_GetSysClockFreq                  0x08001145   Thumb Code    58  stm32f1xx_hal_rcc.o(i.HAL_RCC_GetSysClockFreq)
    HAL_RCC_OscConfig                        0x08001191   Thumb Code   778  stm32f1xx_hal_rcc.o(i.HAL_RCC_OscConfig)
    HAL_SYSTICK_Config                       0x080014b1   Thumb Code    40  stm32f1xx_hal_cortex.o(i.HAL_SYSTICK_Config)
    HAL_TIMEx_MasterConfigSynchronization    0x080014d9   Thumb Code   104  stm32f1xx_hal_tim_ex.o(i.HAL_TIMEx_MasterConfigSynchronization)
    HAL_TIM_Base_Init                        0x08001555   Thumb Code    90  stm32f1xx_hal_tim.o(i.HAL_TIM_Base_Init)
    HAL_TIM_Base_MspInit                     0x080015b1   Thumb Code    30  tim.o(i.HAL_TIM_Base_MspInit)
    HAL_TIM_ConfigClockSource                0x080015d9   Thumb Code   220  stm32f1xx_hal_tim.o(i.HAL_TIM_ConfigClockSource)
    HardFault_Handler                        0x080016b5   Thumb Code     2  stm32f1xx_it.o(i.HardFault_Handler)
    I2C1_ER_IRQHandler                       0x080016b9   Thumb Code     6  stm32f1xx_it.o(i.I2C1_ER_IRQHandler)
    I2C1_EV_IRQHandler                       0x080016c5   Thumb Code     6  stm32f1xx_it.o(i.I2C1_EV_IRQHandler)
    MX_GPIO_Init                             0x08002371   Thumb Code   140  gpio.o(i.MX_GPIO_Init)
    MX_I2C1_Init                             0x08002409   Thumb Code    50  i2c.o(i.MX_I2C1_Init)
    MX_TIM1_Init                             0x08002449   Thumb Code    96  tim.o(i.MX_TIM1_Init)
    MemManage_Handler                        0x080024b1   Thumb Code     2  stm32f1xx_it.o(i.MemManage_Handler)
    NMI_Handler                              0x080024b3   Thumb Code     2  stm32f1xx_it.o(i.NMI_Handler)
    PendSV_Handler                           0x080024b5   Thumb Code     2  stm32f1xx_it.o(i.PendSV_Handler)
    SVC_Handler                              0x080024b7   Thumb Code     2  stm32f1xx_it.o(i.SVC_Handler)
    SysTick_Handler                          0x080024b9   Thumb Code     4  stm32f1xx_it.o(i.SysTick_Handler)
    SystemClock_Config                       0x080024bd   Thumb Code    94  main.o(i.SystemClock_Config)
    SystemInit                               0x0800251b   Thumb Code     2  system_stm32f1xx.o(i.SystemInit)
    TIM_Base_SetConfig                       0x0800251d   Thumb Code   120  stm32f1xx_hal_tim.o(i.TIM_Base_SetConfig)
    TIM_ETR_SetConfig                        0x080025a9   Thumb Code    20  stm32f1xx_hal_tim.o(i.TIM_ETR_SetConfig)
    UsageFault_Handler                       0x08002613   Thumb Code     2  stm32f1xx_it.o(i.UsageFault_Handler)
    draw                                     0x08002635   Thumb Code   198  stm32_u8g2.o(i.draw)
    main                                     0x08002735   Thumb Code    58  main.o(i.main)
    testDrawProcess                          0x08002771   Thumb Code   124  test.o(i.testDrawProcess)
    testDrawXBM                              0x08002801   Thumb Code   108  test.o(i.testDrawXBM)
    testShowFont                             0x08002885   Thumb Code   144  test.o(i.testShowFont)
    u8g2DrawTest                             0x08002935   Thumb Code    24  test.o(i.u8g2DrawTest)
    u8g2Init                                 0x0800294d   Thumb Code    38  stm32_u8g2.o(i.u8g2Init)
    u8g2_ClearBuffer                         0x08002981   Thumb Code    18  u8g2_buffer.o(i.u8g2_ClearBuffer)
    u8g2_DrawCircle                          0x08002993   Thumb Code    64  u8g2_circle.o(i.u8g2_DrawCircle)
    u8g2_DrawGlyph                           0x080029d3   Thumb Code   112  u8g2_font.o(i.u8g2_DrawGlyph)
    u8g2_DrawHLine                           0x08002a43   Thumb Code    12  u8g2_hvline.o(i.u8g2_DrawHLine)
    u8g2_DrawHVLine                          0x08002a51   Thumb Code   172  u8g2_hvline.o(i.u8g2_DrawHVLine)
    u8g2_DrawHXBM                            0x08002afd   Thumb Code   148  u8g2_bitmap.o(i.u8g2_DrawHXBM)
    u8g2_DrawPixel                           0x08002b91   Thumb Code    46  u8g2_hvline.o(i.u8g2_DrawPixel)
    u8g2_DrawRFrame                          0x08002bbf   Thumb Code   258  u8g2_box.o(i.u8g2_DrawRFrame)
    u8g2_DrawStr                             0x08002cc1   Thumb Code    12  u8g2_font.o(i.u8g2_DrawStr)
    u8g2_DrawVLine                           0x08002cd1   Thumb Code    12  u8g2_hvline.o(i.u8g2_DrawVLine)
    u8g2_DrawXBM                             0x08002cdd   Thumb Code    76  u8g2_bitmap.o(i.u8g2_DrawXBM)
    u8g2_FirstPage                           0x08002d29   Thumb Code    28  u8g2_buffer.o(i.u8g2_FirstPage)
    u8g2_IsIntersection                      0x08002d45   Thumb Code    48  u8g2_intersection.o(i.u8g2_IsIntersection)
    u8g2_NextPage                            0x08002d75   Thumb Code    62  u8g2_buffer.o(i.u8g2_NextPage)
    u8g2_SendBuffer                          0x08002db3   Thumb Code    18  u8g2_buffer.o(i.u8g2_SendBuffer)
    u8g2_SetBufferCurrTileRow                0x08002dc5   Thumb Code    28  u8g2_buffer.o(i.u8g2_SetBufferCurrTileRow)
    u8g2_SetFont                             0x08002de1   Thumb Code    32  u8g2_font.o(i.u8g2_SetFont)
    u8g2_SetFontDirection                    0x08002e01   Thumb Code     6  u8g2_font.o(i.u8g2_SetFontDirection)
    u8g2_SetFontMode                         0x08002e07   Thumb Code     6  u8g2_font.o(i.u8g2_SetFontMode)
    u8g2_SetFontPosBaseline                  0x08002e0d   Thumb Code     6  u8g2_font.o(i.u8g2_SetFontPosBaseline)
    u8g2_SetMaxClipWindow                    0x08002e19   Thumb Code    28  u8g2_setup.o(i.u8g2_SetMaxClipWindow)
    u8g2_SetupBuffer                         0x08002e35   Thumb Code    70  u8g2_setup.o(i.u8g2_SetupBuffer)
    u8g2_Setup_ssd1306_i2c_128x64_noname_f   0x08002e7d   Thumb Code    42  u8g2_d_setup.o(i.u8g2_Setup_ssd1306_i2c_128x64_noname_f)
    u8g2_UpdateRefHeight                     0x08002eb5   Thumb Code    82  u8g2_font.o(i.u8g2_UpdateRefHeight)
    u8g2_add_vector_x                        0x08002f07   Thumb Code    28  u8g2_font.o(i.u8g2_add_vector_x)
    u8g2_add_vector_y                        0x08002f23   Thumb Code    28  u8g2_font.o(i.u8g2_add_vector_y)
    u8g2_draw_hv_line_2dir                   0x0800310d   Thumb Code    18  u8g2_hvline.o(i.u8g2_draw_hv_line_2dir)
    u8g2_draw_l90_r0                         0x0800311f   Thumb Code    12  u8g2_setup.o(i.u8g2_draw_l90_r0)
    u8g2_font_calc_vref_font                 0x080031a1   Thumb Code     4  u8g2_font.o(i.u8g2_font_calc_vref_font)
    u8g2_font_decode_get_signed_bits         0x080031a5   Thumb Code    20  u8g2_font.o(i.u8g2_font_decode_get_signed_bits)
    u8g2_font_decode_get_unsigned_bits       0x080031b9   Thumb Code    52  u8g2_font.o(i.u8g2_font_decode_get_unsigned_bits)
    u8g2_font_decode_glyph                   0x080031ed   Thumb Code   276  u8g2_font.o(i.u8g2_font_decode_glyph)
    u8g2_font_decode_len                     0x08003301   Thumb Code   140  u8g2_font.o(i.u8g2_font_decode_len)
    u8g2_font_get_glyph_data                 0x0800338d   Thumb Code   114  u8g2_font.o(i.u8g2_font_get_glyph_data)
    u8g2_is_intersection_decision_tree       0x08003447   Thumb Code    24  u8g2_intersection.o(i.u8g2_is_intersection_decision_tree)
    u8g2_ll_hvline_vertical_top_lsb          0x08003461   Thumb Code   144  u8g2_ll_hvline.o(i.u8g2_ll_hvline_vertical_top_lsb)
    u8g2_m_16_8_f                            0x080034f1   Thumb Code     8  u8g2_d_memory.o(i.u8g2_m_16_8_f)
    u8g2_read_font_info                      0x080034fd   Thumb Code   106  u8g2_font.o(i.u8g2_read_font_info)
    u8g2_update_dimension_r0                 0x080035fb   Thumb Code     4  u8g2_setup.o(i.u8g2_update_dimension_r0)
    u8g2_update_page_win_r0                  0x080035ff   Thumb Code    34  u8g2_setup.o(i.u8g2_update_page_win_r0)
    u8x8_DrawTile                            0x08003621   Thumb Code    30  u8x8_display.o(i.u8x8_DrawTile)
    u8x8_InitDisplay                         0x0800363f   Thumb Code    16  u8x8_display.o(i.u8x8_InitDisplay)
    u8x8_RefreshDisplay                      0x0800364f   Thumb Code    16  u8x8_display.o(i.u8x8_RefreshDisplay)
    u8x8_SetPowerSave                        0x0800365f   Thumb Code    16  u8x8_display.o(i.u8x8_SetPowerSave)
    u8x8_Setup                               0x0800366f   Thumb Code    34  u8x8_setup.o(i.u8x8_Setup)
    u8x8_SetupDefaults                       0x08003691   Thumb Code    32  u8x8_setup.o(i.u8x8_SetupDefaults)
    u8x8_SetupMemory                         0x080036b5   Thumb Code    16  u8x8_display.o(i.u8x8_SetupMemory)
    u8x8_ascii_next                          0x080036c5   Thumb Code    14  u8x8_8x8.o(i.u8x8_ascii_next)
    u8x8_byte_EndTransfer                    0x080036d3   Thumb Code    16  u8x8_byte.o(i.u8x8_byte_EndTransfer)
    u8x8_byte_SendByte                       0x080036e3   Thumb Code    14  u8x8_byte.o(i.u8x8_byte_SendByte)
    u8x8_byte_StartTransfer                  0x080036f1   Thumb Code    16  u8x8_byte.o(i.u8x8_byte_StartTransfer)
    u8x8_byte_hw_i2c                         0x08003701   Thumb Code    98  stm32_u8g2.o(i.u8x8_byte_hw_i2c)
    u8x8_cad_EndTransfer                     0x08003771   Thumb Code    16  u8x8_cad.o(i.u8x8_cad_EndTransfer)
    u8x8_cad_SendArg                         0x08003781   Thumb Code    16  u8x8_cad.o(i.u8x8_cad_SendArg)
    u8x8_cad_SendCmd                         0x08003791   Thumb Code    16  u8x8_cad.o(i.u8x8_cad_SendCmd)
    u8x8_cad_SendData                        0x080037a1   Thumb Code    16  u8x8_cad.o(i.u8x8_cad_SendData)
    u8x8_cad_SendSequence                    0x080037b1   Thumb Code   104  u8x8_cad.o(i.u8x8_cad_SendSequence)
    u8x8_cad_StartTransfer                   0x08003819   Thumb Code    16  u8x8_cad.o(i.u8x8_cad_StartTransfer)
    u8x8_cad_ssd13xx_fast_i2c                0x08003829   Thumb Code   182  u8x8_cad.o(i.u8x8_cad_ssd13xx_fast_i2c)
    u8x8_d_helper_display_init               0x080038e5   Thumb Code    96  u8x8_display.o(i.u8x8_d_helper_display_init)
    u8x8_d_helper_display_setup_memory       0x08003945   Thumb Code    10  u8x8_display.o(i.u8x8_d_helper_display_setup_memory)
    u8x8_d_ssd1306_128x64_noname             0x08003951   Thumb Code    52  u8x8_d_ssd1306_128x64_noname.o(i.u8x8_d_ssd1306_128x64_noname)
    u8x8_dummy_cb                            0x08003a55   Thumb Code     4  u8x8_setup.o(i.u8x8_dummy_cb)
    u8x8_gpio_and_delay                      0x08003a59   Thumb Code    98  stm32_u8g2.o(i.u8x8_gpio_and_delay)
    u8x8_gpio_call                           0x08003abb   Thumb Code    12  u8x8_gpio.o(i.u8x8_gpio_call)
    u8x8_utf8_init                           0x08003af3   Thumb Code     8  u8x8_8x8.o(i.u8x8_utf8_init)
    __aeabi_ddiv                             0x08003afd   Thumb Code     0  ddiv.o(x$fpl$ddiv)
    _ddiv                                    0x08003afd   Thumb Code   552  ddiv.o(x$fpl$ddiv)
    __aeabi_d2iz                             0x08003dad   Thumb Code     0  dfix.o(x$fpl$dfix)
    _dfix                                    0x08003dad   Thumb Code    94  dfix.o(x$fpl$dfix)
    __aeabi_i2d                              0x08003e0b   Thumb Code     0  dflt_clz.o(x$fpl$dflt)
    _dflt                                    0x08003e0b   Thumb Code    46  dflt_clz.o(x$fpl$dflt)
    __aeabi_dmul                             0x08003e39   Thumb Code     0  dmul.o(x$fpl$dmul)
    _dmul                                    0x08003e39   Thumb Code   332  dmul.o(x$fpl$dmul)
    __fpl_dnaninf                            0x08003f8d   Thumb Code   156  dnaninf.o(x$fpl$dnaninf)
    __fpl_dretinf                            0x08004029   Thumb Code    12  dretinf.o(x$fpl$dretinf)
    __I$use$fp                               0x08004034   Number         0  usenofp.o(x$fpl$usenofp)
    bilibili                                 0x08004034   Data         768  test.o(.constdata)
    three_support                            0x08004334   Data         768  test.o(.constdata)
    AHBPrescTable                            0x0800464f   Data          16  system_stm32f1xx.o(.constdata)
    APBPrescTable                            0x0800465f   Data           8  system_stm32f1xx.o(.constdata)
    u8g2_font_u8glib_4_tf                    0x08004667   Data        1782  u8g2_fonts.o(.constdata)
    u8g2_font_4x6_tr                         0x08004d5d   Data         723  u8g2_fonts.o(.constdata)
    u8g2_font_ncenB08_tf                     0x08005030   Data        2465  u8g2_fonts.o(.constdata)
    u8g2_font_ncenB10_tr                     0x080059d1   Data        1559  u8g2_fonts.o(.constdata)
    u8g2_font_inb24_mf                       0x08005fe8   Data        8821  u8g2_fonts.o(.constdata)
    u8g2_font_inb30_mn                       0x0800825d   Data         807  u8g2_fonts.o(.constdata)
    u8g2_cb_r0                               0x08008584   Data          12  u8g2_setup.o(.constdata)
    Region$$Table$$Base                      0x080086e8   Number         0  anon$$obj.o(Region$$Table)
    Region$$Table$$Limit                     0x08008708   Number         0  anon$$obj.o(Region$$Table)
    uwTickFreq                               0x20000004   Data           1  stm32f1xx_hal.o(.data)
    uwTickPrio                               0x20000008   Data           4  stm32f1xx_hal.o(.data)
    uwTick                                   0x2000000c   Data           4  stm32f1xx_hal.o(.data)
    SystemCoreClock                          0x20000010   Data           4  system_stm32f1xx.o(.data)
    htim1                                    0x2000009c   Data          72  tim.o(.bss)
    hi2c1                                    0x200000e4   Data          84  i2c.o(.bss)
    __libspace_start                         0x20000538   Data          96  libspace.o(.bss)
    __temporary_stack_top$libspace           0x20000598   Data           0  libspace.o(.bss)



==============================================================================

Memory Map of the image

  Image Entry point : 0x08000131

  Load Region LR_IROM1 (Base: 0x08000000, Size: 0x00008724, Max: 0x00040000, ABSOLUTE)

    Execution Region ER_IROM1 (Exec base: 0x08000000, Load base: 0x08000000, Size: 0x00008708, Max: 0x00040000, ABSOLUTE)

    Exec Addr    Load Addr    Size         Type   Attr      Idx    E Section Name        Object

    0x08000000   0x08000000   0x00000130   Data   RO            3    RESET               startup_stm32f103xe.o
    0x08000130   0x08000130   0x00000008   Code   RO         9691  * !!!main             c_w.l(__main.o)
    0x08000138   0x08000138   0x00000034   Code   RO        10063    !!!scatter          c_w.l(__scatter.o)
    0x0800016c   0x0800016c   0x0000001a   Code   RO        10065    !!handler_copy      c_w.l(__scatter_copy.o)
    0x08000186   0x08000186   0x00000002   PAD
    0x08000188   0x08000188   0x0000001c   Code   RO        10067    !!handler_zi        c_w.l(__scatter_zi.o)
    0x080001a4   0x080001a4   0x00000000   Code   RO         9684    .ARM.Collect$$_printf_percent$$00000000  c_w.l(_printf_percent.o)
    0x080001a4   0x080001a4   0x00000006   Code   RO         9683    .ARM.Collect$$_printf_percent$$00000009  c_w.l(_printf_d.o)
    0x080001aa   0x080001aa   0x00000004   Code   RO         9718    .ARM.Collect$$_printf_percent$$00000017  c_w.l(_printf_percent_end.o)
    0x080001ae   0x080001ae   0x00000002   Code   RO         9850    .ARM.Collect$$libinit$$00000000  c_w.l(libinit.o)
    0x080001b0   0x080001b0   0x00000000   Code   RO         9852    .ARM.Collect$$libinit$$00000002  c_w.l(libinit2.o)
    0x080001b0   0x080001b0   0x00000000   Code   RO         9854    .ARM.Collect$$libinit$$00000004  c_w.l(libinit2.o)
    0x080001b0   0x080001b0   0x00000000   Code   RO         9857    .ARM.Collect$$libinit$$0000000A  c_w.l(libinit2.o)
    0x080001b0   0x080001b0   0x00000000   Code   RO         9859    .ARM.Collect$$libinit$$0000000C  c_w.l(libinit2.o)
    0x080001b0   0x080001b0   0x00000000   Code   RO         9861    .ARM.Collect$$libinit$$0000000E  c_w.l(libinit2.o)
    0x080001b0   0x080001b0   0x00000000   Code   RO         9864    .ARM.Collect$$libinit$$00000011  c_w.l(libinit2.o)
    0x080001b0   0x080001b0   0x00000000   Code   RO         9866    .ARM.Collect$$libinit$$00000013  c_w.l(libinit2.o)
    0x080001b0   0x080001b0   0x00000000   Code   RO         9868    .ARM.Collect$$libinit$$00000015  c_w.l(libinit2.o)
    0x080001b0   0x080001b0   0x00000000   Code   RO         9870    .ARM.Collect$$libinit$$00000017  c_w.l(libinit2.o)
    0x080001b0   0x080001b0   0x00000000   Code   RO         9872    .ARM.Collect$$libinit$$00000019  c_w.l(libinit2.o)
    0x080001b0   0x080001b0   0x00000000   Code   RO         9874    .ARM.Collect$$libinit$$0000001B  c_w.l(libinit2.o)
    0x080001b0   0x080001b0   0x00000000   Code   RO         9876    .ARM.Collect$$libinit$$0000001D  c_w.l(libinit2.o)
    0x080001b0   0x080001b0   0x00000000   Code   RO         9878    .ARM.Collect$$libinit$$0000001F  c_w.l(libinit2.o)
    0x080001b0   0x080001b0   0x00000000   Code   RO         9880    .ARM.Collect$$libinit$$00000021  c_w.l(libinit2.o)
    0x080001b0   0x080001b0   0x00000000   Code   RO         9882    .ARM.Collect$$libinit$$00000023  c_w.l(libinit2.o)
    0x080001b0   0x080001b0   0x00000000   Code   RO         9884    .ARM.Collect$$libinit$$00000025  c_w.l(libinit2.o)
    0x080001b0   0x080001b0   0x00000000   Code   RO         9888    .ARM.Collect$$libinit$$0000002C  c_w.l(libinit2.o)
    0x080001b0   0x080001b0   0x00000000   Code   RO         9890    .ARM.Collect$$libinit$$0000002E  c_w.l(libinit2.o)
    0x080001b0   0x080001b0   0x00000000   Code   RO         9892    .ARM.Collect$$libinit$$00000030  c_w.l(libinit2.o)
    0x080001b0   0x080001b0   0x00000000   Code   RO         9894    .ARM.Collect$$libinit$$00000032  c_w.l(libinit2.o)
    0x080001b0   0x080001b0   0x00000002   Code   RO         9895    .ARM.Collect$$libinit$$00000033  c_w.l(libinit2.o)
    0x080001b2   0x080001b2   0x00000002   Code   RO        10042    .ARM.Collect$$libshutdown$$00000000  c_w.l(libshutdown.o)
    0x080001b4   0x080001b4   0x00000000   Code   RO         9897    .ARM.Collect$$libshutdown$$00000002  c_w.l(libshutdown2.o)
    0x080001b4   0x080001b4   0x00000000   Code   RO         9899    .ARM.Collect$$libshutdown$$00000004  c_w.l(libshutdown2.o)
    0x080001b4   0x080001b4   0x00000000   Code   RO         9902    .ARM.Collect$$libshutdown$$00000007  c_w.l(libshutdown2.o)
    0x080001b4   0x080001b4   0x00000000   Code   RO         9905    .ARM.Collect$$libshutdown$$0000000A  c_w.l(libshutdown2.o)
    0x080001b4   0x080001b4   0x00000000   Code   RO         9907    .ARM.Collect$$libshutdown$$0000000C  c_w.l(libshutdown2.o)
    0x080001b4   0x080001b4   0x00000000   Code   RO         9910    .ARM.Collect$$libshutdown$$0000000F  c_w.l(libshutdown2.o)
    0x080001b4   0x080001b4   0x00000002   Code   RO         9911    .ARM.Collect$$libshutdown$$00000010  c_w.l(libshutdown2.o)
    0x080001b6   0x080001b6   0x00000000   Code   RO         9709    .ARM.Collect$$rtentry$$00000000  c_w.l(__rtentry.o)
    0x080001b6   0x080001b6   0x00000000   Code   RO         9731    .ARM.Collect$$rtentry$$00000002  c_w.l(__rtentry2.o)
    0x080001b6   0x080001b6   0x00000006   Code   RO         9743    .ARM.Collect$$rtentry$$00000004  c_w.l(__rtentry4.o)
    0x080001bc   0x080001bc   0x00000000   Code   RO         9733    .ARM.Collect$$rtentry$$00000009  c_w.l(__rtentry2.o)
    0x080001bc   0x080001bc   0x00000004   Code   RO         9734    .ARM.Collect$$rtentry$$0000000A  c_w.l(__rtentry2.o)
    0x080001c0   0x080001c0   0x00000000   Code   RO         9736    .ARM.Collect$$rtentry$$0000000C  c_w.l(__rtentry2.o)
    0x080001c0   0x080001c0   0x00000008   Code   RO         9737    .ARM.Collect$$rtentry$$0000000D  c_w.l(__rtentry2.o)
    0x080001c8   0x080001c8   0x00000002   Code   RO         9920    .ARM.Collect$$rtexit$$00000000  c_w.l(rtexit.o)
    0x080001ca   0x080001ca   0x00000000   Code   RO         9978    .ARM.Collect$$rtexit$$00000002  c_w.l(rtexit2.o)
    0x080001ca   0x080001ca   0x00000004   Code   RO         9979    .ARM.Collect$$rtexit$$00000003  c_w.l(rtexit2.o)
    0x080001ce   0x080001ce   0x00000006   Code   RO         9980    .ARM.Collect$$rtexit$$00000004  c_w.l(rtexit2.o)
    0x080001d4   0x080001d4   0x00000040   Code   RO            4    .text               startup_stm32f103xe.o
    0x08000214   0x08000214   0x00000028   Code   RO         9657    .text               c_w.l(noretval__2sprintf.o)
    0x0800023c   0x0800023c   0x00000068   Code   RO         9659    .text               c_w.l(__printf.o)
    0x080002a4   0x080002a4   0x00000078   Code   RO         9661    .text               c_w.l(_printf_dec.o)
    0x0800031c   0x0800031c   0x00000044   Code   RO         9685    .text               c_w.l(rt_memclr.o)
    0x08000360   0x08000360   0x0000004e   Code   RO         9687    .text               c_w.l(rt_memclr_w.o)
    0x080003ae   0x080003ae   0x00000006   Code   RO         9689    .text               c_w.l(heapauxi.o)
    0x080003b4   0x080003b4   0x000000b2   Code   RO         9710    .text               c_w.l(_printf_intcommon.o)
    0x08000466   0x08000466   0x00000002   PAD
    0x08000468   0x08000468   0x00000030   Code   RO         9712    .text               c_w.l(_printf_char_common.o)
    0x08000498   0x08000498   0x0000000a   Code   RO         9714    .text               c_w.l(_sputc.o)
    0x080004a2   0x080004a2   0x0000004a   Code   RO         9768    .text               c_w.l(sys_stackheap_outer.o)
    0x080004ec   0x080004ec   0x00000012   Code   RO         9839    .text               c_w.l(exit.o)
    0x080004fe   0x080004fe   0x00000002   PAD
    0x08000500   0x08000500   0x00000008   Code   RO         9914    .text               c_w.l(libspace.o)
    0x08000508   0x08000508   0x00000002   Code   RO         9917    .text               c_w.l(use_no_semi.o)
    0x0800050a   0x0800050a   0x00000000   Code   RO         9919    .text               c_w.l(indicate_semi.o)
    0x0800050a   0x0800050a   0x00000002   PAD
    0x0800050c   0x0800050c   0x0000000c   Code   RO         9975    .text               c_w.l(sys_exit.o)
    0x08000518   0x08000518   0x00000002   Code   RO          680    i.BusFault_Handler  stm32f1xx_it.o
    0x0800051a   0x0800051a   0x00000002   Code   RO          681    i.DebugMon_Handler  stm32f1xx_it.o
    0x0800051c   0x0800051c   0x00000004   Code   RO          569    i.Error_Handler     main.o
    0x08000520   0x08000520   0x00000130   Code   RO         1647    i.HAL_DMA_Abort_IT  stm32f1xx_hal_dma.o
    0x08000650   0x08000650   0x00000006   Code   RO         1650    i.HAL_DMA_GetState  stm32f1xx_hal_dma.o
    0x08000656   0x08000656   0x00000002   PAD
    0x08000658   0x08000658   0x00000024   Code   RO         1272    i.HAL_Delay         stm32f1xx_hal.o
    0x0800067c   0x0800067c   0x000001f8   Code   RO         1582    i.HAL_GPIO_Init     stm32f1xx_hal_gpio.o
    0x08000874   0x08000874   0x0000000a   Code   RO         1586    i.HAL_GPIO_WritePin  stm32f1xx_hal_gpio.o
    0x0800087e   0x0800087e   0x00000002   PAD
    0x08000880   0x08000880   0x0000000c   Code   RO         1276    i.HAL_GetTick       stm32f1xx_hal.o
    0x0800088c   0x0800088c   0x00000002   Code   RO          828    i.HAL_I2C_AbortCpltCallback  stm32f1xx_hal_i2c.o
    0x0800088e   0x0800088e   0x00000002   Code   RO          829    i.HAL_I2C_AddrCallback  stm32f1xx_hal_i2c.o
    0x08000890   0x08000890   0x000000c4   Code   RO          832    i.HAL_I2C_ER_IRQHandler  stm32f1xx_hal_i2c.o
    0x08000954   0x08000954   0x00000230   Code   RO          833    i.HAL_I2C_EV_IRQHandler  stm32f1xx_hal_i2c.o
    0x08000b84   0x08000b84   0x00000002   Code   RO          835    i.HAL_I2C_ErrorCallback  stm32f1xx_hal_i2c.o
    0x08000b86   0x08000b86   0x00000002   PAD
    0x08000b88   0x08000b88   0x00000188   Code   RO          839    i.HAL_I2C_Init      stm32f1xx_hal_i2c.o
    0x08000d10   0x08000d10   0x00000002   Code   RO          841    i.HAL_I2C_ListenCpltCallback  stm32f1xx_hal_i2c.o
    0x08000d12   0x08000d12   0x00000002   Code   RO          842    i.HAL_I2C_MasterRxCpltCallback  stm32f1xx_hal_i2c.o
    0x08000d14   0x08000d14   0x00000002   Code   RO          843    i.HAL_I2C_MasterTxCpltCallback  stm32f1xx_hal_i2c.o
    0x08000d16   0x08000d16   0x00000002   PAD
    0x08000d18   0x08000d18   0x0000012c   Code   RO          852    i.HAL_I2C_Master_Transmit  stm32f1xx_hal_i2c.o
    0x08000e44   0x08000e44   0x00000002   Code   RO          855    i.HAL_I2C_MemRxCpltCallback  stm32f1xx_hal_i2c.o
    0x08000e46   0x08000e46   0x00000002   Code   RO          856    i.HAL_I2C_MemTxCpltCallback  stm32f1xx_hal_i2c.o
    0x08000e48   0x08000e48   0x0000007c   Code   RO          639    i.HAL_I2C_MspInit   i2c.o
    0x08000ec4   0x08000ec4   0x00000002   Code   RO          865    i.HAL_I2C_SlaveRxCpltCallback  stm32f1xx_hal_i2c.o
    0x08000ec6   0x08000ec6   0x00000002   Code   RO          866    i.HAL_I2C_SlaveTxCpltCallback  stm32f1xx_hal_i2c.o
    0x08000ec8   0x08000ec8   0x00000010   Code   RO         1282    i.HAL_IncTick       stm32f1xx_hal.o
    0x08000ed8   0x08000ed8   0x00000024   Code   RO         1283    i.HAL_Init          stm32f1xx_hal.o
    0x08000efc   0x08000efc   0x00000040   Code   RO         1284    i.HAL_InitTick      stm32f1xx_hal.o
    0x08000f3c   0x08000f3c   0x0000003c   Code   RO          768    i.HAL_MspInit       stm32f1xx_hal_msp.o
    0x08000f78   0x08000f78   0x0000001a   Code   RO         1742    i.HAL_NVIC_EnableIRQ  stm32f1xx_hal_cortex.o
    0x08000f92   0x08000f92   0x00000002   PAD
    0x08000f94   0x08000f94   0x00000040   Code   RO         1748    i.HAL_NVIC_SetPriority  stm32f1xx_hal_cortex.o
    0x08000fd4   0x08000fd4   0x00000024   Code   RO         1749    i.HAL_NVIC_SetPriorityGrouping  stm32f1xx_hal_cortex.o
    0x08000ff8   0x08000ff8   0x0000012c   Code   RO         1440    i.HAL_RCC_ClockConfig  stm32f1xx_hal_rcc.o
    0x08001124   0x08001124   0x00000020   Code   RO         1447    i.HAL_RCC_GetPCLK1Freq  stm32f1xx_hal_rcc.o
    0x08001144   0x08001144   0x0000004c   Code   RO         1449    i.HAL_RCC_GetSysClockFreq  stm32f1xx_hal_rcc.o
    0x08001190   0x08001190   0x00000320   Code   RO         1452    i.HAL_RCC_OscConfig  stm32f1xx_hal_rcc.o
    0x080014b0   0x080014b0   0x00000028   Code   RO         1753    i.HAL_SYSTICK_Config  stm32f1xx_hal_cortex.o
    0x080014d8   0x080014d8   0x0000007c   Code   RO         2967    i.HAL_TIMEx_MasterConfigSynchronization  stm32f1xx_hal_tim_ex.o
    0x08001554   0x08001554   0x0000005a   Code   RO         2244    i.HAL_TIM_Base_Init  stm32f1xx_hal_tim.o
    0x080015ae   0x080015ae   0x00000002   PAD
    0x080015b0   0x080015b0   0x00000028   Code   RO          528    i.HAL_TIM_Base_MspInit  tim.o
    0x080015d8   0x080015d8   0x000000dc   Code   RO         2253    i.HAL_TIM_ConfigClockSource  stm32f1xx_hal_tim.o
    0x080016b4   0x080016b4   0x00000002   Code   RO          682    i.HardFault_Handler  stm32f1xx_it.o
    0x080016b6   0x080016b6   0x00000002   PAD
    0x080016b8   0x080016b8   0x0000000c   Code   RO          683    i.I2C1_ER_IRQHandler  stm32f1xx_it.o
    0x080016c4   0x080016c4   0x0000000c   Code   RO          684    i.I2C1_EV_IRQHandler  stm32f1xx_it.o
    0x080016d0   0x080016d0   0x000000bc   Code   RO          877    i.I2C_DMAAbort      stm32f1xx_hal_i2c.o
    0x0800178c   0x0800178c   0x00000010   Code   RO          880    i.I2C_Flush_DR      stm32f1xx_hal_i2c.o
    0x0800179c   0x0800179c   0x00000158   Code   RO          881    i.I2C_ITError       stm32f1xx_hal_i2c.o
    0x080018f4   0x080018f4   0x0000002e   Code   RO          882    i.I2C_IsAcknowledgeFailed  stm32f1xx_hal_i2c.o
    0x08001922   0x08001922   0x000000d2   Code   RO          883    i.I2C_MasterReceive_BTF  stm32f1xx_hal_i2c.o
    0x080019f4   0x080019f4   0x000000e8   Code   RO          884    i.I2C_MasterReceive_RXNE  stm32f1xx_hal_i2c.o
    0x08001adc   0x08001adc   0x0000009c   Code   RO          886    i.I2C_MasterRequestWrite  stm32f1xx_hal_i2c.o
    0x08001b78   0x08001b78   0x00000082   Code   RO          887    i.I2C_MasterTransmit_BTF  stm32f1xx_hal_i2c.o
    0x08001bfa   0x08001bfa   0x00000002   PAD
    0x08001bfc   0x08001bfc   0x000000b6   Code   RO          888    i.I2C_MasterTransmit_TXE  stm32f1xx_hal_i2c.o
    0x08001cb2   0x08001cb2   0x00000002   PAD
    0x08001cb4   0x08001cb4   0x00000158   Code   RO          889    i.I2C_Master_ADDR   stm32f1xx_hal_i2c.o
    0x08001e0c   0x08001e0c   0x0000008c   Code   RO          890    i.I2C_Master_SB     stm32f1xx_hal_i2c.o
    0x08001e98   0x08001e98   0x000000a8   Code   RO          891    i.I2C_MemoryTransmit_TXE_BTF  stm32f1xx_hal_i2c.o
    0x08001f40   0x08001f40   0x00000046   Code   RO          894    i.I2C_Slave_ADDR    stm32f1xx_hal_i2c.o
    0x08001f86   0x08001f86   0x00000002   PAD
    0x08001f88   0x08001f88   0x00000090   Code   RO          895    i.I2C_Slave_AF      stm32f1xx_hal_i2c.o
    0x08002018   0x08002018   0x0000015c   Code   RO          896    i.I2C_Slave_STOPF   stm32f1xx_hal_i2c.o
    0x08002174   0x08002174   0x00000056   Code   RO          897    i.I2C_WaitOnBTFFlagUntilTimeout  stm32f1xx_hal_i2c.o
    0x080021ca   0x080021ca   0x00000002   PAD
    0x080021cc   0x080021cc   0x00000090   Code   RO          898    i.I2C_WaitOnFlagUntilTimeout  stm32f1xx_hal_i2c.o
    0x0800225c   0x0800225c   0x000000bc   Code   RO          899    i.I2C_WaitOnMasterAddressFlagUntilTimeout  stm32f1xx_hal_i2c.o
    0x08002318   0x08002318   0x00000056   Code   RO          901    i.I2C_WaitOnTXEFlagUntilTimeout  stm32f1xx_hal_i2c.o
    0x0800236e   0x0800236e   0x00000002   PAD
    0x08002370   0x08002370   0x00000098   Code   RO          614    i.MX_GPIO_Init      gpio.o
    0x08002408   0x08002408   0x00000040   Code   RO          640    i.MX_I2C1_Init      i2c.o
    0x08002448   0x08002448   0x00000068   Code   RO          529    i.MX_TIM1_Init      tim.o
    0x080024b0   0x080024b0   0x00000002   Code   RO          685    i.MemManage_Handler  stm32f1xx_it.o
    0x080024b2   0x080024b2   0x00000002   Code   RO          686    i.NMI_Handler       stm32f1xx_it.o
    0x080024b4   0x080024b4   0x00000002   Code   RO          687    i.PendSV_Handler    stm32f1xx_it.o
    0x080024b6   0x080024b6   0x00000002   Code   RO          688    i.SVC_Handler       stm32f1xx_it.o
    0x080024b8   0x080024b8   0x00000004   Code   RO          689    i.SysTick_Handler   stm32f1xx_it.o
    0x080024bc   0x080024bc   0x0000005e   Code   RO          570    i.SystemClock_Config  main.o
    0x0800251a   0x0800251a   0x00000002   Code   RO         3216    i.SystemInit        system_stm32f1xx.o
    0x0800251c   0x0800251c   0x0000008c   Code   RO         2337    i.TIM_Base_SetConfig  stm32f1xx_hal_tim.o
    0x080025a8   0x080025a8   0x00000014   Code   RO         2348    i.TIM_ETR_SetConfig  stm32f1xx_hal_tim.o
    0x080025bc   0x080025bc   0x00000010   Code   RO         2349    i.TIM_ITRx_SetConfig  stm32f1xx_hal_tim.o
    0x080025cc   0x080025cc   0x00000022   Code   RO         2355    i.TIM_TI1_ConfigInputStage  stm32f1xx_hal_tim.o
    0x080025ee   0x080025ee   0x00000024   Code   RO         2357    i.TIM_TI2_ConfigInputStage  stm32f1xx_hal_tim.o
    0x08002612   0x08002612   0x00000002   Code   RO          690    i.UsageFault_Handler  stm32f1xx_it.o
    0x08002614   0x08002614   0x00000020   Code   RO         1755    i.__NVIC_SetPriority  stm32f1xx_hal_cortex.o
    0x08002634   0x08002634   0x00000100   Code   RO          458    i.draw              stm32_u8g2.o
    0x08002734   0x08002734   0x0000003a   Code   RO          571    i.main              main.o
    0x0800276e   0x0800276e   0x00000002   PAD
    0x08002770   0x08002770   0x00000090   Code   RO           17    i.testDrawProcess   test.o
    0x08002800   0x08002800   0x00000084   Code   RO           19    i.testDrawXBM       test.o
    0x08002884   0x08002884   0x000000b0   Code   RO           20    i.testShowFont      test.o
    0x08002934   0x08002934   0x00000018   Code   RO           21    i.u8g2DrawTest      test.o
    0x0800294c   0x0800294c   0x00000034   Code   RO          460    i.u8g2Init          stm32_u8g2.o
    0x08002980   0x08002980   0x00000012   Code   RO         3696    i.u8g2_ClearBuffer  u8g2_buffer.o
    0x08002992   0x08002992   0x00000040   Code   RO         3790    i.u8g2_DrawCircle   u8g2_circle.o
    0x080029d2   0x080029d2   0x00000070   Code   RO         3899    i.u8g2_DrawGlyph    u8g2_font.o
    0x08002a42   0x08002a42   0x0000000c   Code   RO         6153    i.u8g2_DrawHLine    u8g2_hvline.o
    0x08002a4e   0x08002a4e   0x00000002   PAD
    0x08002a50   0x08002a50   0x000000ac   Code   RO         6154    i.u8g2_DrawHVLine   u8g2_hvline.o
    0x08002afc   0x08002afc   0x00000094   Code   RO         3619    i.u8g2_DrawHXBM     u8g2_bitmap.o
    0x08002b90   0x08002b90   0x0000002e   Code   RO         6155    i.u8g2_DrawPixel    u8g2_hvline.o
    0x08002bbe   0x08002bbe   0x00000102   Code   RO         3669    i.u8g2_DrawRFrame   u8g2_box.o
    0x08002cc0   0x08002cc0   0x00000010   Code   RO         3901    i.u8g2_DrawStr      u8g2_font.o
    0x08002cd0   0x08002cd0   0x0000000c   Code   RO         6156    i.u8g2_DrawVLine    u8g2_hvline.o
    0x08002cdc   0x08002cdc   0x0000004c   Code   RO         3622    i.u8g2_DrawXBM      u8g2_bitmap.o
    0x08002d28   0x08002d28   0x0000001c   Code   RO         3697    i.u8g2_FirstPage    u8g2_buffer.o
    0x08002d44   0x08002d44   0x00000030   Code   RO         6215    i.u8g2_IsIntersection  u8g2_intersection.o
    0x08002d74   0x08002d74   0x0000003e   Code   RO         3698    i.u8g2_NextPage     u8g2_buffer.o
    0x08002db2   0x08002db2   0x00000012   Code   RO         3699    i.u8g2_SendBuffer   u8g2_buffer.o
    0x08002dc4   0x08002dc4   0x0000001c   Code   RO         3700    i.u8g2_SetBufferCurrTileRow  u8g2_buffer.o
    0x08002de0   0x08002de0   0x00000020   Code   RO         3917    i.u8g2_SetFont      u8g2_font.o
    0x08002e00   0x08002e00   0x00000006   Code   RO         3918    i.u8g2_SetFontDirection  u8g2_font.o
    0x08002e06   0x08002e06   0x00000006   Code   RO         3919    i.u8g2_SetFontMode  u8g2_font.o
    0x08002e0c   0x08002e0c   0x0000000c   Code   RO         3920    i.u8g2_SetFontPosBaseline  u8g2_font.o
    0x08002e18   0x08002e18   0x0000001c   Code   RO         6403    i.u8g2_SetMaxClipWindow  u8g2_setup.o
    0x08002e34   0x08002e34   0x00000046   Code   RO         6404    i.u8g2_SetupBuffer  u8g2_setup.o
    0x08002e7a   0x08002e7a   0x00000002   PAD
    0x08002e7c   0x08002e7c   0x00000038   Code   RO         3885    i.u8g2_Setup_ssd1306_i2c_128x64_noname_f  u8g2_d_setup.o
    0x08002eb4   0x08002eb4   0x00000052   Code   RO         3927    i.u8g2_UpdateRefHeight  u8g2_font.o
    0x08002f06   0x08002f06   0x0000001c   Code   RO         3928    i.u8g2_add_vector_x  u8g2_font.o
    0x08002f22   0x08002f22   0x0000001c   Code   RO         3929    i.u8g2_add_vector_y  u8g2_font.o
    0x08002f3e   0x08002f3e   0x0000006e   Code   RO         6406    i.u8g2_apply_clip_window  u8g2_setup.o
    0x08002fac   0x08002fac   0x0000003c   Code   RO         6158    i.u8g2_clip_intersection2  u8g2_hvline.o
    0x08002fe8   0x08002fe8   0x0000006a   Code   RO         3794    i.u8g2_draw_circle  u8g2_circle.o
    0x08003052   0x08003052   0x000000ba   Code   RO         3795    i.u8g2_draw_circle_section  u8g2_circle.o
    0x0800310c   0x0800310c   0x00000012   Code   RO         6159    i.u8g2_draw_hv_line_2dir  u8g2_hvline.o
    0x0800311e   0x0800311e   0x0000000c   Code   RO         6408    i.u8g2_draw_l90_r0  u8g2_setup.o
    0x0800312a   0x0800312a   0x00000076   Code   RO         3930    i.u8g2_draw_string  u8g2_font.o
    0x080031a0   0x080031a0   0x00000004   Code   RO         3936    i.u8g2_font_calc_vref_font  u8g2_font.o
    0x080031a4   0x080031a4   0x00000014   Code   RO         3938    i.u8g2_font_decode_get_signed_bits  u8g2_font.o
    0x080031b8   0x080031b8   0x00000034   Code   RO         3939    i.u8g2_font_decode_get_unsigned_bits  u8g2_font.o
    0x080031ec   0x080031ec   0x00000114   Code   RO         3940    i.u8g2_font_decode_glyph  u8g2_font.o
    0x08003300   0x08003300   0x0000008c   Code   RO         3941    i.u8g2_font_decode_len  u8g2_font.o
    0x0800338c   0x0800338c   0x00000072   Code   RO         3942    i.u8g2_font_get_glyph_data  u8g2_font.o
    0x080033fe   0x080033fe   0x00000014   Code   RO         3943    i.u8g2_font_get_word  u8g2_font.o
    0x08003412   0x08003412   0x00000034   Code   RO         3944    i.u8g2_font_setup_decode  u8g2_font.o
    0x08003446   0x08003446   0x00000018   Code   RO         6216    i.u8g2_is_intersection_decision_tree  u8g2_intersection.o
    0x0800345e   0x0800345e   0x00000002   PAD
    0x08003460   0x08003460   0x00000090   Code   RO         6264    i.u8g2_ll_hvline_vertical_top_lsb  u8g2_ll_hvline.o
    0x080034f0   0x080034f0   0x0000000c   Code   RO         3872    i.u8g2_m_16_8_f     u8g2_d_memory.o
    0x080034fc   0x080034fc   0x0000006a   Code   RO         3945    i.u8g2_read_font_info  u8g2_font.o
    0x08003566   0x08003566   0x0000004e   Code   RO         3707    i.u8g2_send_buffer  u8g2_buffer.o
    0x080035b4   0x080035b4   0x00000046   Code   RO         6413    i.u8g2_update_dimension_common  u8g2_setup.o
    0x080035fa   0x080035fa   0x00000004   Code   RO         6414    i.u8g2_update_dimension_r0  u8g2_setup.o
    0x080035fe   0x080035fe   0x00000022   Code   RO         6418    i.u8g2_update_page_win_r0  u8g2_setup.o
    0x08003620   0x08003620   0x0000001e   Code   RO         9228    i.u8x8_DrawTile     u8x8_display.o
    0x0800363e   0x0800363e   0x00000010   Code   RO         9230    i.u8x8_InitDisplay  u8x8_display.o
    0x0800364e   0x0800364e   0x00000010   Code   RO         9232    i.u8x8_RefreshDisplay  u8x8_display.o
    0x0800365e   0x0800365e   0x00000010   Code   RO         9235    i.u8x8_SetPowerSave  u8x8_display.o
    0x0800366e   0x0800366e   0x00000022   Code   RO         9534    i.u8x8_Setup        u8x8_setup.o
    0x08003690   0x08003690   0x00000024   Code   RO         9535    i.u8x8_SetupDefaults  u8x8_setup.o
    0x080036b4   0x080036b4   0x00000010   Code   RO         9236    i.u8x8_SetupMemory  u8x8_display.o
    0x080036c4   0x080036c4   0x0000000e   Code   RO         6698    i.u8x8_ascii_next   u8x8_8x8.o
    0x080036d2   0x080036d2   0x00000010   Code   RO         6823    i.u8x8_byte_EndTransfer  u8x8_byte.o
    0x080036e2   0x080036e2   0x0000000e   Code   RO         6824    i.u8x8_byte_SendByte  u8x8_byte.o
    0x080036f0   0x080036f0   0x00000010   Code   RO         6827    i.u8x8_byte_StartTransfer  u8x8_byte.o
    0x08003700   0x08003700   0x00000070   Code   RO          461    i.u8x8_byte_hw_i2c  stm32_u8g2.o
    0x08003770   0x08003770   0x00000010   Code   RO         6943    i.u8x8_cad_EndTransfer  u8x8_cad.o
    0x08003780   0x08003780   0x00000010   Code   RO         6944    i.u8x8_cad_SendArg  u8x8_cad.o
    0x08003790   0x08003790   0x00000010   Code   RO         6945    i.u8x8_cad_SendCmd  u8x8_cad.o
    0x080037a0   0x080037a0   0x00000010   Code   RO         6946    i.u8x8_cad_SendData  u8x8_cad.o
    0x080037b0   0x080037b0   0x00000068   Code   RO         6948    i.u8x8_cad_SendSequence  u8x8_cad.o
    0x08003818   0x08003818   0x00000010   Code   RO         6949    i.u8x8_cad_StartTransfer  u8x8_cad.o
    0x08003828   0x08003828   0x000000bc   Code   RO         6952    i.u8x8_cad_ssd13xx_fast_i2c  u8x8_cad.o
    0x080038e4   0x080038e4   0x00000060   Code   RO         9237    i.u8x8_d_helper_display_init  u8x8_display.o
    0x08003944   0x08003944   0x0000000a   Code   RO         9238    i.u8x8_d_helper_display_setup_memory  u8x8_display.o
    0x0800394e   0x0800394e   0x00000002   PAD
    0x08003950   0x08003950   0x0000003c   Code   RO         7900    i.u8x8_d_ssd1306_128x64_noname  u8x8_d_ssd1306_128x64_noname.o
    0x0800398c   0x0800398c   0x000000c8   Code   RO         7902    i.u8x8_d_ssd1306_sh1106_generic  u8x8_d_ssd1306_128x64_noname.o
    0x08003a54   0x08003a54   0x00000004   Code   RO         9537    i.u8x8_dummy_cb     u8x8_setup.o
    0x08003a58   0x08003a58   0x00000062   Code   RO          462    i.u8x8_gpio_and_delay  stm32_u8g2.o
    0x08003aba   0x08003aba   0x0000000c   Code   RO         9456    i.u8x8_gpio_call    u8x8_gpio.o
    0x08003ac6   0x08003ac6   0x0000002c   Code   RO         6960    i.u8x8_i2c_data_transfer  u8x8_cad.o
    0x08003af2   0x08003af2   0x00000008   Code   RO         6706    i.u8x8_utf8_init    u8x8_8x8.o
    0x08003afa   0x08003afa   0x00000002   PAD
    0x08003afc   0x08003afc   0x000002b0   Code   RO         9694    x$fpl$ddiv          fz_ws.l(ddiv.o)
    0x08003dac   0x08003dac   0x0000005e   Code   RO         9697    x$fpl$dfix          fz_ws.l(dfix.o)
    0x08003e0a   0x08003e0a   0x0000002e   Code   RO         9702    x$fpl$dflt          fz_ws.l(dflt_clz.o)
    0x08003e38   0x08003e38   0x00000154   Code   RO         9707    x$fpl$dmul          fz_ws.l(dmul.o)
    0x08003f8c   0x08003f8c   0x0000009c   Code   RO         9725    x$fpl$dnaninf       fz_ws.l(dnaninf.o)
    0x08004028   0x08004028   0x0000000c   Code   RO         9727    x$fpl$dretinf       fz_ws.l(dretinf.o)
    0x08004034   0x08004034   0x00000000   Code   RO         9729    x$fpl$usenofp       fz_ws.l(usenofp.o)
    0x08004034   0x08004034   0x00000609   Data   RO           22    .constdata          test.o
    0x0800463d   0x0800463d   0x00000012   Data   RO         1453    .constdata          stm32f1xx_hal_rcc.o
    0x0800464f   0x0800464f   0x00000010   Data   RO         3217    .constdata          system_stm32f1xx.o
    0x0800465f   0x0800465f   0x00000008   Data   RO         3218    .constdata          system_stm32f1xx.o
    0x08004667   0x08004667   0x000006f6   Data   RO         4196    .constdata          u8g2_fonts.o
    0x08004d5d   0x08004d5d   0x000002d3   Data   RO         4237    .constdata          u8g2_fonts.o
    0x08005030   0x08005030   0x000009a1   Data   RO         5490    .constdata          u8g2_fonts.o
    0x080059d1   0x080059d1   0x00000617   Data   RO         5495    .constdata          u8g2_fonts.o
    0x08005fe8   0x08005fe8   0x00002275   Data   RO         6011    .constdata          u8g2_fonts.o
    0x0800825d   0x0800825d   0x00000327   Data   RO         6019    .constdata          u8g2_fonts.o
    0x08008584   0x08008584   0x0000000c   Data   RO         6422    .constdata          u8g2_setup.o
    0x08008590   0x08008590   0x00000158   Data   RO         7904    .constdata          u8x8_d_ssd1306_128x64_noname.o
    0x080086e8   0x080086e8   0x00000020   Data   RO        10061    Region$$Table       anon$$obj.o


    Execution Region RW_IRAM1 (Exec base: 0x20000000, Load base: 0x08008708, Size: 0x00000b98, Max: 0x0000c000, ABSOLUTE)

    Exec Addr    Load Addr    Size         Type   Attr      Idx    E Section Name        Object

    0x20000000   0x08008708   0x00000001   Data   RW          464    .data               stm32_u8g2.o
    0x20000001   0x08008709   0x00000003   PAD
    0x20000004   0x0800870c   0x0000000c   Data   RW         1290    .data               stm32f1xx_hal.o
    0x20000010   0x08008718   0x00000004   Data   RW         3219    .data               system_stm32f1xx.o
    0x20000014   0x0800871c   0x00000006   Data   RW         6962    .data               u8x8_cad.o
    0x2000001a   0x08008722   0x00000002   PAD
    0x2000001c        -       0x00000080   Zero   RW          463    .bss                stm32_u8g2.o
    0x2000009c        -       0x00000048   Zero   RW          530    .bss                tim.o
    0x200000e4        -       0x00000054   Zero   RW          641    .bss                i2c.o
    0x20000138        -       0x00000400   Zero   RW         3873    .bss                u8g2_d_memory.o
    0x20000538        -       0x00000060   Zero   RW         9915    .bss                c_w.l(libspace.o)
    0x20000598        -       0x00000200   Zero   RW            2    HEAP                startup_stm32f103xe.o
    0x20000798        -       0x00000400   Zero   RW            1    STACK               startup_stm32f103xe.o


==============================================================================

Image component sizes


      Code (inc. data)   RO Data    RW Data    ZI Data      Debug   Object Name

       152         12          0          0          0        907   gpio.o
       188         26          0          0         84       1545   i2c.o
       156          0          0          0          0       1884   main.o
        64         26        304          0       1536        784   startup_stm32f103xe.o
       518         86          0          1        128     162396   stm32_u8g2.o
       164         28          0         12          0       6305   stm32f1xx_hal.o
       198         14          0          0          0      28791   stm32f1xx_hal_cortex.o
       310          8          0          0          0       1646   stm32f1xx_hal_dma.o
       514         42          0          0          0       2828   stm32f1xx_hal_gpio.o
      4690         70          0          0          0      27647   stm32f1xx_hal_i2c.o
        60          8          0          0          0        818   stm32f1xx_hal_msp.o
      1208         72         18          0          0       4429   stm32f1xx_hal_rcc.o
       556         20          0          0          0       5899   stm32f1xx_hal_tim.o
       124         20          0          0          0       1308   stm32f1xx_hal_tim_ex.o
        44         12          0          0          0       4476   stm32f1xx_it.o
         2          0         24          4          0       1043   system_stm32f1xx.o
       476         76       1545          0          0     647524   test.o
       144         18          0          0         72       1522   tim.o
       224          0          0          0          0       2131   u8g2_bitmap.o
       258          0          0          0          0        922   u8g2_box.o
       232          0          0          0          0       4256   u8g2_buffer.o
       356          0          0          0          0       3554   u8g2_circle.o
        12          4          0          0       1024        892   u8g2_d_memory.o
        56         14          0          0          0       1101   u8g2_d_setup.o
      1224         10          0          0          0      15011   u8g2_font.o
         0          0      16157          0          0     145378   u8g2_fonts.o
       320          0          0          0          0       4366   u8g2_hvline.o
        72          0          0          0          0       1955   u8g2_intersection.o
       144          0          0          0          0       1430   u8g2_ll_hvline.o
       328          0         12          0          0     146862   u8g2_setup.o
        22          0          0          0          0       1881   u8x8_8x8.o
        46          0          0          0          0       1695   u8x8_byte.o
       416         12          0          6          0       8920   u8x8_cad.o
       260         12        344          0          0       3143   u8x8_d_ssd1306_128x64_noname.o
       200          0          0          0          0       4438   u8x8_display.o
        12          0          0          0          0        597   u8x8_gpio.o
        74          4          0          0          0       1774   u8x8_setup.o

    ----------------------------------------------------------------------
     13860        594      18436         28       2844    1252058   Object Totals
         0          0         32          0          0          0   (incl. Generated)
        36          0          0          5          0          0   (incl. Padding)

    ----------------------------------------------------------------------

      Code (inc. data)   RO Data    RW Data    ZI Data      Debug   Library Member Name

         8          0          0          0          0         68   __main.o
       104          0          0          0          0         84   __printf.o
         0          0          0          0          0          0   __rtentry.o
        12          0          0          0          0          0   __rtentry2.o
         6          0          0          0          0          0   __rtentry4.o
        52          8          0          0          0          0   __scatter.o
        26          0          0          0          0          0   __scatter_copy.o
        28          0          0          0          0          0   __scatter_zi.o
        48          6          0          0          0         96   _printf_char_common.o
         6          0          0          0          0          0   _printf_d.o
       120         16          0          0          0         92   _printf_dec.o
       178          0          0          0          0         88   _printf_intcommon.o
         0          0          0          0          0          0   _printf_percent.o
         4          0          0          0          0          0   _printf_percent_end.o
        10          0          0          0          0         68   _sputc.o
        18          0          0          0          0         80   exit.o
         6          0          0          0          0        152   heapauxi.o
         0          0          0          0          0          0   indicate_semi.o
         2          0          0          0          0          0   libinit.o
         2          0          0          0          0          0   libinit2.o
         2          0          0          0          0          0   libshutdown.o
         2          0          0          0          0          0   libshutdown2.o
         8          4          0          0         96         68   libspace.o
        40          6          0          0          0         84   noretval__2sprintf.o
        68          0          0          0          0         68   rt_memclr.o
        78          0          0          0          0         80   rt_memclr_w.o
         2          0          0          0          0          0   rtexit.o
        10          0          0          0          0          0   rtexit2.o
        12          4          0          0          0         68   sys_exit.o
        74          0          0          0          0         80   sys_stackheap_outer.o
         2          0          0          0          0         68   use_no_semi.o
       688        140          0          0          0        208   ddiv.o
        94          4          0          0          0         92   dfix.o
        46          0          0          0          0         68   dflt_clz.o
       340         12          0          0          0        104   dmul.o
       156          4          0          0          0         92   dnaninf.o
        12          0          0          0          0         68   dretinf.o
         0          0          0          0          0          0   usenofp.o

    ----------------------------------------------------------------------
      2272        204          0          0         96       1876   Library Totals
         8          0          0          0          0          0   (incl. Padding)

    ----------------------------------------------------------------------

      Code (inc. data)   RO Data    RW Data    ZI Data      Debug   Library Name

       928         44          0          0         96       1244   c_w.l
      1336        160          0          0          0        632   fz_ws.l

    ----------------------------------------------------------------------
      2272        204          0          0         96       1876   Library Totals

    ----------------------------------------------------------------------

==============================================================================


      Code (inc. data)   RO Data    RW Data    ZI Data      Debug   

     16132        798      18436         28       2940    1244882   Grand Totals
     16132        798      18436         28       2940    1244882   ELF Image Totals
     16132        798      18436         28          0          0   ROM Totals

==============================================================================

    Total RO  Size (Code + RO Data)                34568 (  33.76kB)
    Total RW  Size (RW Data + ZI Data)              2968 (   2.90kB)
    Total ROM Size (Code + RO Data + RW Data)      34596 (  33.79kB)

==============================================================================

