Component: ARM Compiler 5.06 update 6 (build 750) Tool: armlink [4d35ed]

==============================================================================

Section Cross References

    startup_stm32f103xe.o(STACK) refers (Special) to heapauxi.o(.text) for __use_two_region_memory
    startup_stm32f103xe.o(HEAP) refers (Special) to heapauxi.o(.text) for __use_two_region_memory
    startup_stm32f103xe.o(RESET) refers (Special) to heapauxi.o(.text) for __use_two_region_memory
    startup_stm32f103xe.o(RESET) refers to startup_stm32f103xe.o(STACK) for __initial_sp
    startup_stm32f103xe.o(RESET) refers to startup_stm32f103xe.o(.text) for Reset_Handler
    startup_stm32f103xe.o(RESET) refers to stm32f1xx_it.o(i.NMI_Handler) for NMI_Handler
    startup_stm32f103xe.o(RESET) refers to stm32f1xx_it.o(i.HardFault_Handler) for HardFault_Handler
    startup_stm32f103xe.o(RESET) refers to stm32f1xx_it.o(i.MemManage_Handler) for MemManage_Handler
    startup_stm32f103xe.o(RESET) refers to stm32f1xx_it.o(i.BusFault_Handler) for BusFault_Handler
    startup_stm32f103xe.o(RESET) refers to stm32f1xx_it.o(i.UsageFault_Handler) for UsageFault_Handler
    startup_stm32f103xe.o(RESET) refers to stm32f1xx_it.o(i.SVC_Handler) for SVC_Handler
    startup_stm32f103xe.o(RESET) refers to stm32f1xx_it.o(i.DebugMon_Handler) for DebugMon_Handler
    startup_stm32f103xe.o(RESET) refers to stm32f1xx_it.o(i.PendSV_Handler) for PendSV_Handler
    startup_stm32f103xe.o(RESET) refers to stm32f1xx_it.o(i.SysTick_Handler) for SysTick_Handler
    startup_stm32f103xe.o(RESET) refers to stm32f1xx_it.o(i.I2C1_EV_IRQHandler) for I2C1_EV_IRQHandler
    startup_stm32f103xe.o(RESET) refers to stm32f1xx_it.o(i.I2C1_ER_IRQHandler) for I2C1_ER_IRQHandler
    startup_stm32f103xe.o(.text) refers (Special) to heapauxi.o(.text) for __use_two_region_memory
    startup_stm32f103xe.o(.text) refers to system_stm32f1xx.o(i.SystemInit) for SystemInit
    startup_stm32f103xe.o(.text) refers to __main.o(!!!main) for __main
    startup_stm32f103xe.o(.text) refers to startup_stm32f103xe.o(HEAP) for Heap_Mem
    startup_stm32f103xe.o(.text) refers to startup_stm32f103xe.o(STACK) for Stack_Mem
    test.o(i.RollTest_Proc) refers to u8g2_font.o(i.u8g2_SetFont) for u8g2_SetFont
    test.o(i.RollTest_Proc) refers to u8g2_buffer.o(i.u8g2_ClearBuffer) for u8g2_ClearBuffer
    test.o(i.RollTest_Proc) refers to u8g2_font.o(i.u8g2_DrawStr) for u8g2_DrawStr
    test.o(i.RollTest_Proc) refers to u8g2_box.o(i.u8g2_DrawRFrame) for u8g2_DrawRFrame
    test.o(i.RollTest_Proc) refers to test.o(i.ui_run) for ui_run
    test.o(i.RollTest_Proc) refers to u8g2_buffer.o(i.u8g2_SendBuffer) for u8g2_SendBuffer
    test.o(i.RollTest_Proc) refers to u8g2_fonts.o(.constdata) for u8g2_font_ncenB10_tr
    test.o(i.RollTest_Proc) refers to test.o(.data) for .data
    test.o(i.key_proc) refers to stm32f1xx_hal_gpio.o(i.HAL_GPIO_ReadPin) for HAL_GPIO_ReadPin
    test.o(i.key_proc) refers to stm32f1xx_hal.o(i.HAL_Delay) for HAL_Delay
    test.o(i.key_proc) refers to test.o(.data) for .data
    test.o(i.u8g2DrawTest) refers to test.o(i.ui_data) for ui_data
    test.o(i.u8g2DrawTest) refers to test.o(i.RollTest_Proc) for RollTest_Proc
    test.o(i.u8g2DrawTest) refers to test.o(i.key_proc) for key_proc
    test.o(i.ui_data) refers to test.o(.data) for .data
    test.o(.data) refers to test.o(.conststring) for .conststring
    mui.o(i.mui_Draw) refers to mui.o(i.mui_loop_over_form) for mui_loop_over_form
    mui.o(i.mui_Draw) refers to mui.o(i.mui_task_draw) for mui_task_draw
    mui.o(i.mui_EnterForm) refers to mui.o(i.mui_LeaveForm) for mui_LeaveForm
    mui.o(i.mui_EnterForm) refers to mui.o(i.mui_loop_over_form) for mui_loop_over_form
    mui.o(i.mui_EnterForm) refers to mui.o(i.mui_NextField) for mui_NextField
    mui.o(i.mui_EnterForm) refers to mui.o(i.mui_send_cursor_enter_msg) for mui_send_cursor_enter_msg
    mui.o(i.mui_EnterForm) refers to mui.o(i.mui_task_form_start) for mui_task_form_start
    mui.o(i.mui_EnterForm) refers to mui.o(i.mui_task_find_first_cursor_uif) for mui_task_find_first_cursor_uif
    mui.o(i.mui_GetCurrentCursorFocusPosition) refers to mui.o(i.mui_loop_over_form) for mui_loop_over_form
    mui.o(i.mui_GetCurrentCursorFocusPosition) refers to mui.o(i.mui_task_get_current_cursor_focus_position) for mui_task_get_current_cursor_focus_position
    mui.o(i.mui_GetSelectableFieldOptionCnt) refers to mui.o(i.mui_fds_get_token_cnt) for mui_fds_get_token_cnt
    mui.o(i.mui_GetSelectableFieldTextOption) refers to mui.o(i.mui_fds_get_nth_token) for mui_fds_get_nth_token
    mui.o(i.mui_GotoForm) refers to mui.o(i.mui_find_form) for mui_find_form
    mui.o(i.mui_GotoForm) refers to mui.o(i.mui_EnterForm) for mui_EnterForm
    mui.o(i.mui_GotoFormAutoCursorPosition) refers to mui.o(i.mui_GotoForm) for mui_GotoForm
    mui.o(i.mui_Init) refers to rt_memclr_w.o(.text) for __aeabi_memclr4
    mui.o(i.mui_LeaveForm) refers to mui.o(i.mui_send_cursor_msg) for mui_send_cursor_msg
[...]
    .text                                    0x08000308   Section        2  use_no_semi.o(.text)
    .text                                    0x0800030a   Section        0  indicate_semi.o(.text)
    .text                                    0x0800030c   Section        0  sys_exit.o(.text)
    i.BusFault_Handler                       0x08000318   Section        0  stm32f1xx_it.o(i.BusFault_Handler)
    i.DebugMon_Handler                       0x0800031a   Section        0  stm32f1xx_it.o(i.DebugMon_Handler)
    i.Error_Handler                          0x0800031c   Section        0  main.o(i.Error_Handler)
    i.HAL_DMA_Abort_IT                       0x08000320   Section        0  stm32f1xx_hal_dma.o(i.HAL_DMA_Abort_IT)
    i.HAL_DMA_GetState                       0x08000450   Section        0  stm32f1xx_hal_dma.o(i.HAL_DMA_GetState)
    i.HAL_Delay                              0x08000458   Section        0  stm32f1xx_hal.o(i.HAL_Delay)
    i.HAL_GPIO_Init                          0x0800047c   Section        0  stm32f1xx_hal_gpio.o(i.HAL_GPIO_Init)
    i.HAL_GPIO_ReadPin                       0x08000674   Section        0  stm32f1xx_hal_gpio.o(i.HAL_GPIO_ReadPin)
    i.HAL_GPIO_WritePin                      0x0800067e   Section        0  stm32f1xx_hal_gpio.o(i.HAL_GPIO_WritePin)
    i.HAL_GetTick                            0x08000688   Section        0  stm32f1xx_hal.o(i.HAL_GetTick)
    i.HAL_I2C_AbortCpltCallback              0x08000694   Section        0  stm32f1xx_hal_i2c.o(i.HAL_I2C_AbortCpltCallback)
    i.HAL_I2C_AddrCallback                   0x08000696   Section        0  stm32f1xx_hal_i2c.o(i.HAL_I2C_AddrCallback)
    i.HAL_I2C_ER_IRQHandler                  0x08000698   Section        0  stm32f1xx_hal_i2c.o(i.HAL_I2C_ER_IRQHandler)
    i.HAL_I2C_EV_IRQHandler                  0x0800075c   Section        0  stm32f1xx_hal_i2c.o(i.HAL_I2C_EV_IRQHandler)
    i.HAL_I2C_ErrorCallback                  0x0800098c   Section        0  stm32f1xx_hal_i2c.o(i.HAL_I2C_ErrorCallback)
    i.HAL_I2C_Init                           0x08000990   Section        0  stm32f1xx_hal_i2c.o(i.HAL_I2C_Init)
    i.HAL_I2C_ListenCpltCallback             0x08000b18   Section        0  stm32f1xx_hal_i2c.o(i.HAL_I2C_ListenCpltCallback)
    i.HAL_I2C_MasterRxCpltCallback           0x08000b1a   Section        0  stm32f1xx_hal_i2c.o(i.HAL_I2C_MasterRxCpltCallback)
    i.HAL_I2C_MasterTxCpltCallback           0x08000b1c   Section        0  stm32f1xx_hal_i2c.o(i.HAL_I2C_MasterTxCpltCallback)
    i.HAL_I2C_Master_Transmit                0x08000b20   Section        0  stm32f1xx_hal_i2c.o(i.HAL_I2C_Master_Transmit)
    i.HAL_I2C_MemRxCpltCallback              0x08000c4c   Section        0  stm32f1xx_hal_i2c.o(i.HAL_I2C_MemRxCpltCallback)
    i.HAL_I2C_MemTxCpltCallback              0x08000c4e   Section        0  stm32f1xx_hal_i2c.o(i.HAL_I2C_MemTxCpltCallback)
    i.HAL_I2C_MspInit                        0x08000c50   Section        0  i2c.o(i.HAL_I2C_MspInit)
    i.HAL_I2C_SlaveRxCpltCallback            0x08000ccc   Section        0  stm32f1xx_hal_i2c.o(i.HAL_I2C_SlaveRxCpltCallback)
    i.HAL_I2C_SlaveTxCpltCallback            0x08000cce   Section        0  stm32f1xx_hal_i2c.o(i.HAL_I2C_SlaveTxCpltCallback)
    i.HAL_IncTick                            0x08000cd0   Section        0  stm32f1xx_hal.o(i.HAL_IncTick)
    i.HAL_Init                               0x08000ce0   Section        0  stm32f1xx_hal.o(i.HAL_Init)
    i.HAL_InitTick                           0x08000d04   Section        0  stm32f1xx_hal.o(i.HAL_InitTick)
    i.HAL_MspInit                            0x08000d44   Section        0  stm32f1xx_hal_msp.o(i.HAL_MspInit)
    i.HAL_NVIC_EnableIRQ                     0x08000d80   Section        0  stm32f1xx_hal_cortex.o(i.HAL_NVIC_EnableIRQ)
    i.HAL_NVIC_SetPriority                   0x08000d9c   Section        0  stm32f1xx_hal_cortex.o(i.HAL_NVIC_SetPriority)
    i.HAL_NVIC_SetPriorityGrouping           0x08000ddc   Section        0  stm32f1xx_hal_cortex.o(i.HAL_NVIC_SetPriorityGrouping)
    i.HAL_RCC_ClockConfig                    0x08000e00   Section        0  stm32f1xx_hal_rcc.o(i.HAL_RCC_ClockConfig)
    i.HAL_RCC_GetPCLK1Freq                   0x08000f2c   Section        0  stm32f1xx_hal_rcc.o(i.HAL_RCC_GetPCLK1Freq)
    i.HAL_RCC_GetSysClockFreq                0x08000f4c   Section        0  stm32f1xx_hal_rcc.o(i.HAL_RCC_GetSysClockFreq)
    i.HAL_RCC_OscConfig                      0x08000f98   Section        0  stm32f1xx_hal_rcc.o(i.HAL_RCC_OscConfig)
    i.HAL_SYSTICK_Config                     0x080012b8   Section        0  stm32f1xx_hal_cortex.o(i.HAL_SYSTICK_Config)
    i.HAL_TIMEx_MasterConfigSynchronization  0x080012e0   Section        0  stm32f1xx_hal_tim_ex.o(i.HAL_TIMEx_MasterConfigSynchronization)
    i.HAL_TIM_Base_Init                      0x0800135c   Section        0  stm32f1xx_hal_tim.o(i.HAL_TIM_Base_Init)
    i.HAL_TIM_Base_MspInit                   0x080013b8   Section        0  tim.o(i.HAL_TIM_Base_MspInit)
    i.HAL_TIM_ConfigClockSource              0x080013e0   Section        0  stm32f1xx_hal_tim.o(i.HAL_TIM_ConfigClockSource)
    i.HardFault_Handler                      0x080014bc   Section        0  stm32f1xx_it.o(i.HardFault_Handler)
    i.I2C1_ER_IRQHandler                     0x080014c0   Section        0  stm32f1xx_it.o(i.I2C1_ER_IRQHandler)
    i.I2C1_EV_IRQHandler                     0x080014cc   Section        0  stm32f1xx_it.o(i.I2C1_EV_IRQHandler)
    i.I2C_DMAAbort                           0x080014d8   Section        0  stm32f1xx_hal_i2c.o(i.I2C_DMAAbort)
    I2C_DMAAbort                             0x080014d9   Thumb Code   182  stm32f1xx_hal_i2c.o(i.I2C_DMAAbort)
    i.I2C_Flush_DR                           0x08001594   Section        0  stm32f1xx_hal_i2c.o(i.I2C_Flush_DR)
    I2C_Flush_DR                             0x08001595   Thumb Code    16  stm32f1xx_hal_i2c.o(i.I2C_Flush_DR)
    i.I2C_ITError                            0x080015a4   Section        0  stm32f1xx_hal_i2c.o(i.I2C_ITError)
    I2C_ITError                              0x080015a5   Thumb Code   336  stm32f1xx_hal_i2c.o(i.I2C_ITError)
    i.I2C_IsAcknowledgeFailed                0x080016fc   Section        0  stm32f1xx_hal_i2c.o(i.I2C_IsAcknowledgeFailed)
    I2C_IsAcknowledgeFailed                  0x080016fd   Thumb Code    46  stm32f1xx_hal_i2c.o(i.I2C_IsAcknowledgeFailed)
    i.I2C_MasterReceive_BTF                  0x0800172a   Section        0  stm32f1xx_hal_i2c.o(i.I2C_MasterReceive_BTF)
    I2C_MasterReceive_BTF                    0x0800172b   Thumb Code   210  stm32f1xx_hal_i2c.o(i.I2C_MasterReceive_BTF)
    i.I2C_MasterReceive_RXNE                 0x080017fc   Section        0  stm32f1xx_hal_i2c.o(i.I2C_MasterReceive_RXNE)
    I2C_MasterReceive_RXNE                   0x080017fd   Thumb Code   228  stm32f1xx_hal_i2c.o(i.I2C_MasterReceive_RXNE)
    i.I2C_MasterRequestWrite                 0x080018e4   Section        0  stm32f1xx_hal_i2c.o(i.I2C_MasterRequestWrite)
    I2C_MasterRequestWrite                   0x080018e5   Thumb Code   150  stm32f1xx_hal_i2c.o(i.I2C_MasterRequestWrite)
    i.I2C_MasterTransmit_BTF                 0x08001980   Section        0  stm32f1xx_hal_i2c.o(i.I2C_MasterTransmit_BTF)
    I2C_MasterTransmit_BTF                   0x08001981   Thumb Code   130  stm32f1xx_hal_i2c.o(i.I2C_MasterTransmit_BTF)
    i.I2C_MasterTransmit_TXE                 0x08001a04   Section        0  stm32f1xx_hal_i2c.o(i.I2C_MasterTransmit_TXE)
    I2C_MasterTransmit_TXE                   0x08001a05   Thumb Code   182  stm32f1xx_hal_i2c.o(i.I2C_MasterTransmit_TXE)
    i.I2C_Master_ADDR                        0x08001abc   Section        0  stm32f1xx_hal_i2c.o(i.I2C_Master_ADDR)
    I2C_Master_ADDR                          0x08001abd   Thumb Code   340  stm32f1xx_hal_i2c.o(i.I2C_Master_ADDR)
    i.I2C_Master_SB                          0x08001c14   Section        0  stm32f1xx_hal_i2c.o(i.I2C_Master_SB)
    I2C_Master_SB                            0x08001c15   Thumb Code   140  stm32f1xx_hal_i2c.o(i.I2C_Master_SB)
    i.I2C_MemoryTransmit_TXE_BTF             0x08001ca0   Section        0  stm32f1xx_hal_i2c.o(i.I2C_MemoryTransmit_TXE_BTF)
    I2C_MemoryTransmit_TXE_BTF               0x08001ca1   Thumb Code   168  stm32f1xx_hal_i2c.o(i.I2C_MemoryTransmit_TXE_BTF)
    i.I2C_Slave_ADDR                         0x08001d48   Section        0  stm32f1xx_hal_i2c.o(i.I2C_Slave_ADDR)
    I2C_Slave_ADDR                           0x08001d49   Thumb Code    70  stm32f1xx_hal_i2c.o(i.I2C_Slave_ADDR)
    i.I2C_Slave_AF                           0x08001d90   Section        0  stm32f1xx_hal_i2c.o(i.I2C_Slave_AF)
    I2C_Slave_AF                             0x08001d91   Thumb Code   138  stm32f1xx_hal_i2c.o(i.I2C_Slave_AF)
    i.I2C_Slave_STOPF                        0x08001e20   Section        0  stm32f1xx_hal_i2c.o(i.I2C_Slave_STOPF)
    I2C_Slave_STOPF                          0x08001e21   Thumb Code   338  stm32f1xx_hal_i2c.o(i.I2C_Slave_STOPF)
    i.I2C_WaitOnBTFFlagUntilTimeout          0x08001f7c   Section        0  stm32f1xx_hal_i2c.o(i.I2C_WaitOnBTFFlagUntilTimeout)
    I2C_WaitOnBTFFlagUntilTimeout            0x08001f7d   Thumb Code    86  stm32f1xx_hal_i2c.o(i.I2C_WaitOnBTFFlagUntilTimeout)
    i.I2C_WaitOnFlagUntilTimeout             0x08001fd4   Section        0  stm32f1xx_hal_i2c.o(i.I2C_WaitOnFlagUntilTimeout)
    I2C_WaitOnFlagUntilTimeout               0x08001fd5   Thumb Code   144  stm32f1xx_hal_i2c.o(i.I2C_WaitOnFlagUntilTimeout)
    i.I2C_WaitOnMasterAddressFlagUntilTimeout 0x08002064   Section        0  stm32f1xx_hal_i2c.o(i.I2C_WaitOnMasterAddressFlagUntilTimeout)
    I2C_WaitOnMasterAddressFlagUntilTimeout  0x08002065   Thumb Code   188  stm32f1xx_hal_i2c.o(i.I2C_WaitOnMasterAddressFlagUntilTimeout)
    i.I2C_WaitOnTXEFlagUntilTimeout          0x08002120   Section        0  stm32f1xx_hal_i2c.o(i.I2C_WaitOnTXEFlagUntilTimeout)
    I2C_WaitOnTXEFlagUntilTimeout            0x08002121   Thumb Code    86  stm32f1xx_hal_i2c.o(i.I2C_WaitOnTXEFlagUntilTimeout)
    i.MX_GPIO_Init                           0x08002178   Section        0  gpio.o(i.MX_GPIO_Init)
    i.MX_I2C1_Init                           0x0800220c   Section        0  i2c.o(i.MX_I2C1_Init)
    i.MX_TIM1_Init                           0x0800224c   Section        0  tim.o(i.MX_TIM1_Init)
    i.MemManage_Handler                      0x080022b4   Section        0  stm32f1xx_it.o(i.MemManage_Handler)
    i.NMI_Handler                            0x080022b6   Section        0  stm32f1xx_it.o(i.NMI_Handler)
    i.PendSV_Handler                         0x080022b8   Section        0  stm32f1xx_it.o(i.PendSV_Handler)
    i.RollTest_Proc                          0x080022bc   Section        0  test.o(i.RollTest_Proc)
    i.SVC_Handler                            0x0800234c   Section        0  stm32f1xx_it.o(i.SVC_Handler)
    i.SysTick_Handler                        0x0800234e   Section        0  stm32f1xx_it.o(i.SysTick_Handler)
    i.SystemClock_Config                     0x08002352   Section        0  main.o(i.SystemClock_Config)
    i.SystemInit                             0x080023b0   Section        0  system_stm32f1xx.o(i.SystemInit)
    i.TIM_Base_SetConfig                     0x080023b4   Section        0  stm32f1xx_hal_tim.o(i.TIM_Base_SetConfig)
    i.TIM_ETR_SetConfig                      0x08002440   Section        0  stm32f1xx_hal_tim.o(i.TIM_ETR_SetConfig)
    i.TIM_ITRx_SetConfig                     0x08002454   Section        0  stm32f1xx_hal_tim.o(i.TIM_ITRx_SetConfig)
    TIM_ITRx_SetConfig                       0x08002455   Thumb Code    16  stm32f1xx_hal_tim.o(i.TIM_ITRx_SetConfig)
    i.TIM_TI1_ConfigInputStage               0x08002464   Section        0  stm32f1xx_hal_tim.o(i.TIM_TI1_ConfigInputStage)
    TIM_TI1_ConfigInputStage                 0x08002465   Thumb Code    34  stm32f1xx_hal_tim.o(i.TIM_TI1_ConfigInputStage)
    i.TIM_TI2_ConfigInputStage               0x08002486   Section        0  stm32f1xx_hal_tim.o(i.TIM_TI2_ConfigInputStage)
    TIM_TI2_ConfigInputStage                 0x08002487   Thumb Code    36  stm32f1xx_hal_tim.o(i.TIM_TI2_ConfigInputStage)
    i.UsageFault_Handler                     0x080024aa   Section        0  stm32f1xx_it.o(i.UsageFault_Handler)
    i.__NVIC_SetPriority                     0x080024ac   Section        0  stm32f1xx_hal_cortex.o(i.__NVIC_SetPriority)
    __NVIC_SetPriority                       0x080024ad   Thumb Code    32  stm32f1xx_hal_cortex.o(i.__NVIC_SetPriority)
    i.key_proc                               0x080024cc   Section        0  test.o(i.key_proc)
    i.main                                   0x08002558   Section        0  main.o(i.main)
    i.u8g2DrawTest                           0x08002582   Section        0  test.o(i.u8g2DrawTest)
    i.u8g2Init                               0x08002598   Section        0  stm32_u8g2.o(i.u8g2Init)
    i.u8g2_ClearBuffer                       0x080025cc   Section        0  u8g2_buffer.o(i.u8g2_ClearBuffer)
    i.u8g2_DrawCircle                        0x080025de   Section        0  u8g2_circle.o(i.u8g2_DrawCircle)
    i.u8g2_DrawGlyph                         0x0800261e   Section        0  u8g2_font.o(i.u8g2_DrawGlyph)
    i.u8g2_DrawHLine                         0x0800268e   Section        0  u8g2_hvline.o(i.u8g2_DrawHLine)
    i.u8g2_DrawHVLine                        0x0800269c   Section        0  u8g2_hvline.o(i.u8g2_DrawHVLine)
    i.u8g2_DrawPixel                         0x08002748   Section        0  u8g2_hvline.o(i.u8g2_DrawPixel)
    i.u8g2_DrawRFrame                        0x08002776   Section        0  u8g2_box.o(i.u8g2_DrawRFrame)
    i.u8g2_DrawStr                           0x08002878   Section        0  u8g2_font.o(i.u8g2_DrawStr)
    i.u8g2_DrawVLine                         0x08002888   Section        0  u8g2_hvline.o(i.u8g2_DrawVLine)
    i.u8g2_FirstPage                         0x08002894   Section        0  u8g2_buffer.o(i.u8g2_FirstPage)
    i.u8g2_IsIntersection                    0x080028b0   Section        0  u8g2_intersection.o(i.u8g2_IsIntersection)
    i.u8g2_SendBuffer                        0x080028e0   Section        0  u8g2_buffer.o(i.u8g2_SendBuffer)
    i.u8g2_SetBufferCurrTileRow              0x080028f2   Section        0  u8g2_buffer.o(i.u8g2_SetBufferCurrTileRow)
    i.u8g2_SetFont                           0x0800290e   Section        0  u8g2_font.o(i.u8g2_SetFont)
    i.u8g2_SetFontPosBaseline                0x08002930   Section        0  u8g2_font.o(i.u8g2_SetFontPosBaseline)
    i.u8g2_SetMaxClipWindow                  0x0800293c   Section        0  u8g2_setup.o(i.u8g2_SetMaxClipWindow)
    i.u8g2_SetupBuffer                       0x08002958   Section        0  u8g2_setup.o(i.u8g2_SetupBuffer)
    i.u8g2_Setup_ssd1306_i2c_128x64_noname_f 0x080029a0   Section        0  u8g2_d_setup.o(i.u8g2_Setup_ssd1306_i2c_128x64_noname_f)
    i.u8g2_UpdateRefHeight                   0x080029d8   Section        0  u8g2_font.o(i.u8g2_UpdateRefHeight)
    i.u8g2_add_vector_x                      0x08002a2a   Section        0  u8g2_font.o(i.u8g2_add_vector_x)
    i.u8g2_add_vector_y                      0x08002a46   Section        0  u8g2_font.o(i.u8g2_add_vector_y)
    i.u8g2_apply_clip_window                 0x08002a62   Section        0  u8g2_setup.o(i.u8g2_apply_clip_window)
    u8g2_apply_clip_window                   0x08002a63   Thumb Code   110  u8g2_setup.o(i.u8g2_apply_clip_window)
    i.u8g2_clip_intersection2                0x08002ad0   Section        0  u8g2_hvline.o(i.u8g2_clip_intersection2)
    u8g2_clip_intersection2                  0x08002ad1   Thumb Code    60  u8g2_hvline.o(i.u8g2_clip_intersection2)
    i.u8g2_draw_circle                       0x08002b0c   Section        0  u8g2_circle.o(i.u8g2_draw_circle)
    u8g2_draw_circle                         0x08002b0d   Thumb Code   106  u8g2_circle.o(i.u8g2_draw_circle)
    i.u8g2_draw_circle_section               0x08002b76   Section        0  u8g2_circle.o(i.u8g2_draw_circle_section)
    u8g2_draw_circle_section                 0x08002b77   Thumb Code   186  u8g2_circle.o(i.u8g2_draw_circle_section)
    i.u8g2_draw_hv_line_2dir                 0x08002c30   Section        0  u8g2_hvline.o(i.u8g2_draw_hv_line_2dir)
    i.u8g2_draw_l90_r0                       0x08002c42   Section        0  u8g2_setup.o(i.u8g2_draw_l90_r0)
    i.u8g2_draw_string                       0x08002c4e   Section        0  u8g2_font.o(i.u8g2_draw_string)
    u8g2_draw_string                         0x08002c4f   Thumb Code   118  u8g2_font.o(i.u8g2_draw_string)
    i.u8g2_font_calc_vref_font               0x08002cc4   Section        0  u8g2_font.o(i.u8g2_font_calc_vref_font)
    i.u8g2_font_decode_get_signed_bits       0x08002cc8   Section        0  u8g2_font.o(i.u8g2_font_decode_get_signed_bits)
    i.u8g2_font_decode_get_unsigned_bits     0x08002cdc   Section        0  u8g2_font.o(i.u8g2_font_decode_get_unsigned_bits)
    i.u8g2_font_decode_glyph                 0x08002d10   Section        0  u8g2_font.o(i.u8g2_font_decode_glyph)
    i.u8g2_font_decode_len                   0x08002e24   Section        0  u8g2_font.o(i.u8g2_font_decode_len)
    i.u8g2_font_get_glyph_data               0x08002eb0   Section        0  u8g2_font.o(i.u8g2_font_get_glyph_data)
    i.u8g2_font_get_word                     0x08002f22   Section        0  u8g2_font.o(i.u8g2_font_get_word)
    u8g2_font_get_word                       0x08002f23   Thumb Code    20  u8g2_font.o(i.u8g2_font_get_word)
    i.u8g2_font_setup_decode                 0x08002f36   Section        0  u8g2_font.o(i.u8g2_font_setup_decode)
    u8g2_font_setup_decode                   0x08002f37   Thumb Code    52  u8g2_font.o(i.u8g2_font_setup_decode)
    i.u8g2_is_intersection_decision_tree     0x08002f6a   Section        0  u8g2_intersection.o(i.u8g2_is_intersection_decision_tree)
    i.u8g2_ll_hvline_vertical_top_lsb        0x08002f84   Section        0  u8g2_ll_hvline.o(i.u8g2_ll_hvline_vertical_top_lsb)
    i.u8g2_m_16_8_f                          0x08003014   Section        0  u8g2_d_memory.o(i.u8g2_m_16_8_f)
    i.u8g2_read_font_info                    0x08003020   Section        0  u8g2_font.o(i.u8g2_read_font_info)
    i.u8g2_send_buffer                       0x0800308a   Section        0  u8g2_buffer.o(i.u8g2_send_buffer)
    u8g2_send_buffer                         0x0800308b   Thumb Code    78  u8g2_buffer.o(i.u8g2_send_buffer)
    i.u8g2_update_dimension_common           0x080030d8   Section        0  u8g2_setup.o(i.u8g2_update_dimension_common)
    u8g2_update_dimension_common             0x080030d9   Thumb Code    70  u8g2_setup.o(i.u8g2_update_dimension_common)
    i.u8g2_update_dimension_r0               0x0800311e   Section        0  u8g2_setup.o(i.u8g2_update_dimension_r0)
    i.u8g2_update_page_win_r0                0x08003122   Section        0  u8g2_setup.o(i.u8g2_update_page_win_r0)
    i.u8x8_DrawTile                          0x08003144   Section        0  u8x8_display.o(i.u8x8_DrawTile)
    i.u8x8_InitDisplay                       0x08003162   Section        0  u8x8_display.o(i.u8x8_InitDisplay)
    i.u8x8_RefreshDisplay                    0x08003172   Section        0  u8x8_display.o(i.u8x8_RefreshDisplay)
    i.u8x8_SetPowerSave                      0x08003182   Section        0  u8x8_display.o(i.u8x8_SetPowerSave)
    i.u8x8_Setup                             0x08003192   Section        0  u8x8_setup.o(i.u8x8_Setup)
    i.u8x8_SetupDefaults                     0x080031b4   Section        0  u8x8_setup.o(i.u8x8_SetupDefaults)
    i.u8x8_SetupMemory                       0x080031d8   Section        0  u8x8_display.o(i.u8x8_SetupMemory)
    i.u8x8_ascii_next                        0x080031e8   Section        0  u8x8_8x8.o(i.u8x8_ascii_next)
    i.u8x8_byte_EndTransfer                  0x080031f6   Section        0  u8x8_byte.o(i.u8x8_byte_EndTransfer)
    i.u8x8_byte_SendByte                     0x08003206   Section        0  u8x8_byte.o(i.u8x8_byte_SendByte)
    i.u8x8_byte_StartTransfer                0x08003214   Section        0  u8x8_byte.o(i.u8x8_byte_StartTransfer)
    i.u8x8_byte_hw_i2c                       0x08003224   Section        0  stm32_u8g2.o(i.u8x8_byte_hw_i2c)
    i.u8x8_cad_EndTransfer                   0x08003294   Section        0  u8x8_cad.o(i.u8x8_cad_EndTransfer)
    i.u8x8_cad_SendArg                       0x080032a4   Section        0  u8x8_cad.o(i.u8x8_cad_SendArg)
    i.u8x8_cad_SendCmd                       0x080032b4   Section        0  u8x8_cad.o(i.u8x8_cad_SendCmd)
    i.u8x8_cad_SendData                      0x080032c4   Section        0  u8x8_cad.o(i.u8x8_cad_SendData)
    i.u8x8_cad_SendSequence                  0x080032d4   Section        0  u8x8_cad.o(i.u8x8_cad_SendSequence)
    i.u8x8_cad_StartTransfer                 0x0800333c   Section        0  u8x8_cad.o(i.u8x8_cad_StartTransfer)
    i.u8x8_cad_ssd13xx_fast_i2c              0x0800334c   Section        0  u8x8_cad.o(i.u8x8_cad_ssd13xx_fast_i2c)
    i.u8x8_d_helper_display_init             0x08003408   Section        0  u8x8_display.o(i.u8x8_d_helper_display_init)
    i.u8x8_d_helper_display_setup_memory     0x08003468   Section        0  u8x8_display.o(i.u8x8_d_helper_display_setup_memory)
    i.u8x8_d_ssd1306_128x64_noname           0x08003474   Section        0  u8x8_d_ssd1306_128x64_noname.o(i.u8x8_d_ssd1306_128x64_noname)
    i.u8x8_d_ssd1306_sh1106_generic          0x080034b0   Section        0  u8x8_d_ssd1306_128x64_noname.o(i.u8x8_d_ssd1306_sh1106_generic)
    u8x8_d_ssd1306_sh1106_generic            0x080034b1   Thumb Code   196  u8x8_d_ssd1306_128x64_noname.o(i.u8x8_d_ssd1306_sh1106_generic)
    i.u8x8_dummy_cb                          0x08003578   Section        0  u8x8_setup.o(i.u8x8_dummy_cb)
    i.u8x8_gpio_and_delay                    0x0800357c   Section        0  stm32_u8g2.o(i.u8x8_gpio_and_delay)
    i.u8x8_gpio_call                         0x080035de   Section        0  u8x8_gpio.o(i.u8x8_gpio_call)
    i.u8x8_i2c_data_transfer                 0x080035ea   Section        0  u8x8_cad.o(i.u8x8_i2c_data_transfer)
    u8x8_i2c_data_transfer                   0x080035eb   Thumb Code    44  u8x8_cad.o(i.u8x8_i2c_data_transfer)
    i.u8x8_utf8_init                         0x08003616   Section        0  u8x8_8x8.o(i.u8x8_utf8_init)
    i.ui_data                                0x08003620   Section        0  test.o(i.ui_data)
    i.ui_run                                 0x0800363c   Section        0  test.o(i.ui_run)
    .constdata                               0x08003660   Section       18  stm32f1xx_hal_rcc.o(.constdata)
    aPredivFactorTable                       0x08003660   Data           2  stm32f1xx_hal_rcc.o(.constdata)
    aPLLMULFactorTable                       0x08003662   Data          16  stm32f1xx_hal_rcc.o(.constdata)
    .constdata                               0x08003672   Section       16  system_stm32f1xx.o(.constdata)
    .constdata                               0x08003682   Section        8  system_stm32f1xx.o(.constdata)
    .constdata                               0x0800368a   Section     1559  u8g2_fonts.o(.constdata)
    .constdata                               0x08003ca4   Section       12  u8g2_setup.o(.constdata)
    .constdata                               0x08003cb0   Section      344  u8x8_d_ssd1306_128x64_noname.o(.constdata)
    u8x8_d_ssd1306_128x64_noname_powersave0_seq 0x08003cb0   Data           5  u8x8_d_ssd1306_128x64_noname.o(.constdata)
    u8x8_d_ssd1306_128x64_noname_powersave1_seq 0x08003cb5   Data           5  u8x8_d_ssd1306_128x64_noname.o(.constdata)
    u8x8_d_ssd1306_128x64_noname_flip0_seq   0x08003cba   Data           7  u8x8_d_ssd1306_128x64_noname.o(.constdata)
    u8x8_d_ssd1306_128x64_noname_flip1_seq   0x08003cc1   Data           7  u8x8_d_ssd1306_128x64_noname.o(.constdata)
    u8x8_d_ssd1312_128x64_noname_flip0_seq   0x08003cc8   Data           7  u8x8_d_ssd1306_128x64_noname.o(.constdata)
    u8x8_d_ssd1312_128x64_noname_flip1_seq   0x08003ccf   Data           7  u8x8_d_ssd1306_128x64_noname.o(.constdata)
    u8x8_d_ssd1306_128x64_noname_init_seq    0x08003cd6   Data          53  u8x8_d_ssd1306_128x64_noname.o(.constdata)
    u8x8_d_ssd1306_128x64_vcomh0_init_seq    0x08003d0b   Data          53  u8x8_d_ssd1306_128x64_noname.o(.constdata)
    u8x8_d_ssd1306_128x64_alt0_init_seq      0x08003d40   Data          53  u8x8_d_ssd1306_128x64_noname.o(.constdata)
    u8x8_d_sh1106_128x64_winstar_init_seq    0x08003d75   Data          45  u8x8_d_ssd1306_128x64_noname.o(.constdata)
    u8x8_d_ssd1312_128x64_noname_init_seq    0x08003da2   Data          53  u8x8_d_ssd1306_128x64_noname.o(.constdata)
    u8x8_ssd1306_128x64_noname_display_info  0x08003dd8   Data          24  u8x8_d_ssd1306_128x64_noname.o(.constdata)
    u8x8_sh1106_128x64_noname_display_info   0x08003df0   Data          24  u8x8_d_ssd1306_128x64_noname.o(.constdata)
    .conststring                             0x08003e08   Section       38  test.o(.conststring)
    .data                                    0x20000000   Section       56  test.o(.data)
    .data                                    0x20000038   Section        1  stm32_u8g2.o(.data)
    buf_idx                                  0x20000038   Data           1  stm32_u8g2.o(.data)
    .data                                    0x2000003c   Section       12  stm32f1xx_hal.o(.data)
    .data                                    0x20000048   Section        4  system_stm32f1xx.o(.data)
    .data                                    0x2000004c   Section        6  u8x8_cad.o(.data)
    in_transfer                              0x2000004c   Data           1  u8x8_cad.o(.data)
    in_transfer                              0x2000004d   Data           1  u8x8_cad.o(.data)
    in_transfer                              0x2000004e   Data           1  u8x8_cad.o(.data)
    is_data                                  0x2000004f   Data           1  u8x8_cad.o(.data)
    in_transfer                              0x20000050   Data           1  u8x8_cad.o(.data)
    is_data                                  0x20000051   Data           1  u8x8_cad.o(.data)
    .bss                                     0x20000054   Section      128  stm32_u8g2.o(.bss)
    buffer                                   0x20000054   Data         128  stm32_u8g2.o(.bss)
    .bss                                     0x200000d4   Section       84  i2c.o(.bss)
    .bss                                     0x20000128   Section       72  tim.o(.bss)
    .bss                                     0x20000170   Section     1024  u8g2_d_memory.o(.bss)
    buf                                      0x20000170   Data        1024  u8g2_d_memory.o(.bss)
    .bss                                     0x20000570   Section       96  libspace.o(.bss)
    HEAP                                     0x200005d0   Section      512  startup_stm32f103xe.o(HEAP)
    Heap_Mem                                 0x200005d0   Data         512  startup_stm32f103xe.o(HEAP)
    STACK                                    0x200007d0   Section     1024  startup_stm32f103xe.o(STACK)
    Stack_Mem                                0x200007d0   Data        1024  startup_stm32f103xe.o(STACK)
    __initial_sp                             0x20000bd0   Data           0  startup_stm32f103xe.o(STACK)

    Global Symbols

    Symbol Name                              Value     Ov Type        Size  Object(Section)

    BuildAttributes$$THM_ISAv4$P$D$K$B$S$PE$A:L22UL41UL21$X:L11$S22US41US21$IEEE1$IW$USESV6$~STKCKD$USESV7$~SHL$OTIME$ROPI$EBA8$UX$STANDARDLIB$REQ8$PRES8$EABIv2 0x00000000   Number         0  anon$$obj.o ABSOLUTE
    __ARM_use_no_argv                        0x00000000   Number         0  main.o ABSOLUTE
    __ARM_exceptions_init                     - Undefined Weak Reference
    __alloca_initialize                       - Undefined Weak Reference
    __arm_preinit_                            - Undefined Weak Reference
    __cpp_initialize__aeabi_                  - Undefined Weak Reference
    __cxa_finalize                            - Undefined Weak Reference
    __rt_locale                               - Undefined Weak Reference
    __sigvec_lookup                           - Undefined Weak Reference
    __user_heap_extent                        - Undefined Weak Reference
    _atexit_init                              - Undefined Weak Reference
    _call_atexit_fns                          - Undefined Weak Reference
    _clock_init                               - Undefined Weak Reference
    _fp_trap_init                             - Undefined Weak Reference
    _fp_trap_shutdown                         - Undefined Weak Reference
    _get_lc_collate                           - Undefined Weak Reference
    _get_lc_ctype                             - Undefined Weak Reference
    _get_lc_monetary                          - Undefined Weak Reference
    _get_lc_numeric                           - Undefined Weak Reference
    _get_lc_time                              - Undefined Weak Reference
    _getenv_init                              - Undefined Weak Reference
    _handle_redirection                       - Undefined Weak Reference
    _mutex_acquire                            - Undefined Weak Reference
    _mutex_free                               - Undefined Weak Reference
    _mutex_release                            - Undefined Weak Reference
    _rand_init                                - Undefined Weak Reference
    _signal_finish                            - Undefined Weak Reference
    _signal_init                              - Undefined Weak Reference
    __Vectors_Size                           0x00000130   Number         0  startup_stm32f103xe.o ABSOLUTE
    __Vectors                                0x08000000   Data           4  startup_stm32f103xe.o(RESET)
    __Vectors_End                            0x08000130   Data           0  startup_stm32f103xe.o(RESET)
    __main                                   0x08000131   Thumb Code     8  __main.o(!!!main)
    __scatterload                            0x08000139   Thumb Code     0  __scatter.o(!!!scatter)
    __scatterload_rt2                        0x08000139   Thumb Code    44  __scatter.o(!!!scatter)
    __scatterload_rt2_thumb_only             0x08000139   Thumb Code     0  __scatter.o(!!!scatter)
    __scatterload_null                       0x08000147   Thumb Code     0  __scatter.o(!!!scatter)
    __scatterload_copy                       0x0800016d   Thumb Code    26  __scatter_copy.o(!!handler_copy)
    __scatterload_zeroinit                   0x08000189   Thumb Code    28  __scatter_zi.o(!!handler_zi)
    __rt_lib_init                            0x080001a5   Thumb Code     0  libinit.o(.ARM.Collect$$libinit$$00000000)
    __rt_lib_init_alloca_1                   0x080001a7   Thumb Code     0  libinit2.o(.ARM.Collect$$libinit$$0000002E)
    __rt_lib_init_argv_1                     0x080001a7   Thumb Code     0  libinit2.o(.ARM.Collect$$libinit$$0000002C)
    __rt_lib_init_atexit_1                   0x080001a7   Thumb Code     0  libinit2.o(.ARM.Collect$$libinit$$0000001B)
    __rt_lib_init_clock_1                    0x080001a7   Thumb Code     0  libinit2.o(.ARM.Collect$$libinit$$00000021)
    __rt_lib_init_cpp_1                      0x080001a7   Thumb Code     0  libinit2.o(.ARM.Collect$$libinit$$00000032)
    __rt_lib_init_exceptions_1               0x080001a7   Thumb Code     0  libinit2.o(.ARM.Collect$$libinit$$00000030)
    __rt_lib_init_fp_1                       0x080001a7   Thumb Code     0  libinit2.o(.ARM.Collect$$libinit$$00000002)
    __rt_lib_init_fp_trap_1                  0x080001a7   Thumb Code     0  libinit2.o(.ARM.Collect$$libinit$$0000001F)
    __rt_lib_init_getenv_1                   0x080001a7   Thumb Code     0  libinit2.o(.ARM.Collect$$libinit$$00000023)
    __rt_lib_init_heap_1                     0x080001a7   Thumb Code     0  libinit2.o(.ARM.Collect$$libinit$$0000000A)
    __rt_lib_init_lc_collate_1               0x080001a7   Thumb Code     0  libinit2.o(.ARM.Collect$$libinit$$00000011)
    __rt_lib_init_lc_ctype_1                 0x080001a7   Thumb Code     0  libinit2.o(.ARM.Collect$$libinit$$00000013)
    __rt_lib_init_lc_monetary_1              0x080001a7   Thumb Code     0  libinit2.o(.ARM.Collect$$libinit$$00000015)
    __rt_lib_init_lc_numeric_1               0x080001a7   Thumb Code     0  libinit2.o(.ARM.Collect$$libinit$$00000017)
    __rt_lib_init_lc_time_1                  0x080001a7   Thumb Code     0  libinit2.o(.ARM.Collect$$libinit$$00000019)
    __rt_lib_init_preinit_1                  0x080001a7   Thumb Code     0  libinit2.o(.ARM.Collect$$libinit$$00000004)
    __rt_lib_init_rand_1                     0x080001a7   Thumb Code     0  libinit2.o(.ARM.Collect$$libinit$$0000000E)
    __rt_lib_init_return                     0x080001a7   Thumb Code     0  libinit2.o(.ARM.Collect$$libinit$$00000033)
    __rt_lib_init_signal_1                   0x080001a7   Thumb Code     0  libinit2.o(.ARM.Collect$$libinit$$0000001D)
    __rt_lib_init_stdio_1                    0x080001a7   Thumb Code     0  libinit2.o(.ARM.Collect$$libinit$$00000025)
    __rt_lib_init_user_alloc_1               0x080001a7   Thumb Code     0  libinit2.o(.ARM.Collect$$libinit$$0000000C)
    __rt_lib_shutdown                        0x080001a9   Thumb Code     0  libshutdown.o(.ARM.Collect$$libshutdown$$00000000)
    __rt_lib_shutdown_cpp_1                  0x080001ab   Thumb Code     0  libshutdown2.o(.ARM.Collect$$libshutdown$$00000002)
    __rt_lib_shutdown_fp_trap_1              0x080001ab   Thumb Code     0  libshutdown2.o(.ARM.Collect$$libshutdown$$00000007)
    __rt_lib_shutdown_heap_1                 0x080001ab   Thumb Code     0  libshutdown2.o(.ARM.Collect$$libshutdown$$0000000F)
    __rt_lib_shutdown_return                 0x080001ab   Thumb Code     0  libshutdown2.o(.ARM.Collect$$libshutdown$$00000010)
    __rt_lib_shutdown_signal_1               0x080001ab   Thumb Code     0  libshutdown2.o(.ARM.Collect$$libshutdown$$0000000A)
    __rt_lib_shutdown_stdio_1                0x080001ab   Thumb Code     0  libshutdown2.o(.ARM.Collect$$libshutdown$$00000004)
    __rt_lib_shutdown_user_alloc_1           0x080001ab   Thumb Code     0  libshutdown2.o(.ARM.Collect$$libshutdown$$0000000C)
    __rt_entry                               0x080001ad   Thumb Code     0  __rtentry.o(.ARM.Collect$$rtentry$$00000000)
    __rt_entry_presh_1                       0x080001ad   Thumb Code     0  __rtentry2.o(.ARM.Collect$$rtentry$$00000002)
    __rt_entry_sh                            0x080001ad   Thumb Code     0  __rtentry4.o(.ARM.Collect$$rtentry$$00000004)
    __rt_entry_li                            0x080001b3   Thumb Code     0  __rtentry2.o(.ARM.Collect$$rtentry$$0000000A)
    __rt_entry_postsh_1                      0x080001b3   Thumb Code     0  __rtentry2.o(.ARM.Collect$$rtentry$$00000009)
    __rt_entry_main                          0x080001b7   Thumb Code     0  __rtentry2.o(.ARM.Collect$$rtentry$$0000000D)
    __rt_entry_postli_1                      0x080001b7   Thumb Code     0  __rtentry2.o(.ARM.Collect$$rtentry$$0000000C)
    __rt_exit                                0x080001bf   Thumb Code     0  rtexit.o(.ARM.Collect$$rtexit$$00000000)
    __rt_exit_ls                             0x080001c1   Thumb Code     0  rtexit2.o(.ARM.Collect$$rtexit$$00000003)
    __rt_exit_prels_1                        0x080001c1   Thumb Code     0  rtexit2.o(.ARM.Collect$$rtexit$$00000002)
    __rt_exit_exit                           0x080001c5   Thumb Code     0  rtexit2.o(.ARM.Collect$$rtexit$$00000004)
    Reset_Handler                            0x080001cd   Thumb Code     8  startup_stm32f103xe.o(.text)
    ADC1_2_IRQHandler                        0x080001e7   Thumb Code     0  startup_stm32f103xe.o(.text)
    ADC3_IRQHandler                          0x080001e7   Thumb Code     0  startup_stm32f103xe.o(.text)
    CAN1_RX1_IRQHandler                      0x080001e7   Thumb Code     0  startup_stm32f103xe.o(.text)
    CAN1_SCE_IRQHandler                      0x080001e7   Thumb Code     0  startup_stm32f103xe.o(.text)
    DMA1_Channel1_IRQHandler                 0x080001e7   Thumb Code     0  startup_stm32f103xe.o(.text)
    DMA1_Channel2_IRQHandler                 0x080001e7   Thumb Code     0  startup_stm32f103xe.o(.text)
    DMA1_Channel3_IRQHandler                 0x080001e7   Thumb Code     0  startup_stm32f103xe.o(.text)
    DMA1_Channel4_IRQHandler                 0x080001e7   Thumb Code     0  startup_stm32f103xe.o(.text)
    DMA1_Channel5_IRQHandler                 0x080001e7   Thumb Code     0  startup_stm32f103xe.o(.text)
    DMA1_Channel6_IRQHandler                 0x080001e7   Thumb Code     0  startup_stm32f103xe.o(.text)
    DMA1_Channel7_IRQHandler                 0x080001e7   Thumb Code     0  startup_stm32f103xe.o(.text)
    DMA2_Channel1_IRQHandler                 0x080001e7   Thumb Code     0  startup_stm32f103xe.o(.text)
    DMA2_Channel2_IRQHandler                 0x080001e7   Thumb Code     0  startup_stm32f103xe.o(.text)
    DMA2_Channel3_IRQHandler                 0x080001e7   Thumb Code     0  startup_stm32f103xe.o(.text)
    DMA2_Channel4_5_IRQHandler               0x080001e7   Thumb Code     0  startup_stm32f103xe.o(.text)
    EXTI0_IRQHandler                         0x080001e7   Thumb Code     0  startup_stm32f103xe.o(.text)
    EXTI15_10_IRQHandler                     0x080001e7   Thumb Code     0  startup_stm32f103xe.o(.text)
    EXTI1_IRQHandler                         0x080001e7   Thumb Code     0  startup_stm32f103xe.o(.text)
    EXTI2_IRQHandler                         0x080001e7   Thumb Code     0  startup_stm32f103xe.o(.text)
    EXTI3_IRQHandler                         0x080001e7   Thumb Code     0  startup_stm32f103xe.o(.text)
    EXTI4_IRQHandler                         0x080001e7   Thumb Code     0  startup_stm32f103xe.o(.text)
    EXTI9_5_IRQHandler                       0x080001e7   Thumb Code     0  startup_stm32f103xe.o(.text)
    FLASH_IRQHandler                         0x080001e7   Thumb Code     0  startup_stm32f103xe.o(.text)
    FSMC_IRQHandler                          0x080001e7   Thumb Code     0  startup_stm32f103xe.o(.text)
    I2C2_ER_IRQHandler                       0x080001e7   Thumb Code     0  startup_stm32f103xe.o(.text)
    I2C2_EV_IRQHandler                       0x080001e7   Thumb Code     0  startup_stm32f103xe.o(.text)
    PVD_IRQHandler                           0x080001e7   Thumb Code     0  startup_stm32f103xe.o(.text)
    RCC_IRQHandler                           0x080001e7   Thumb Code     0  startup_stm32f103xe.o(.text)
    RTC_Alarm_IRQHandler                     0x080001e7   Thumb Code     0  startup_stm32f103xe.o(.text)
    RTC_IRQHandler                           0x080001e7   Thumb Code     0  startup_stm32f103xe.o(.text)
    SDIO_IRQHandler                          0x080001e7   Thumb Code     0  startup_stm32f103xe.o(.text)
    SPI1_IRQHandler                          0x080001e7   Thumb Code     0  startup_stm32f103xe.o(.text)
    SPI2_IRQHandler                          0x080001e7   Thumb Code     0  startup_stm32f103xe.o(.text)
    SPI3_IRQHandler                          0x080001e7   Thumb Code     0  startup_stm32f103xe.o(.text)
    TAMPER_IRQHandler                        0x080001e7   Thumb Code     0  startup_stm32f103xe.o(.text)
    TIM1_BRK_IRQHandler                      0x080001e7   Thumb Code     0  startup_stm32f103xe.o(.text)
    TIM1_CC_IRQHandler                       0x080001e7   Thumb Code     0  startup_stm32f103xe.o(.text)
    TIM1_TRG_COM_IRQHandler                  0x080001e7   Thumb Code     0  startup_stm32f103xe.o(.text)
    TIM1_UP_IRQHandler                       0x080001e7   Thumb Code     0  startup_stm32f103xe.o(.text)
    TIM2_IRQHandler                          0x080001e7   Thumb Code     0  startup_stm32f103xe.o(.text)
    TIM3_IRQHandler                          0x080001e7   Thumb Code     0  startup_stm32f103xe.o(.text)
    TIM4_IRQHandler                          0x080001e7   Thumb Code     0  startup_stm32f103xe.o(.text)
    TIM5_IRQHandler                          0x080001e7   Thumb Code     0  startup_stm32f103xe.o(.text)
    TIM6_IRQHandler                          0x080001e7   Thumb Code     0  startup_stm32f103xe.o(.text)
    TIM7_IRQHandler                          0x080001e7   Thumb Code     0  startup_stm32f103xe.o(.text)
    TIM8_BRK_IRQHandler                      0x080001e7   Thumb Code     0  startup_stm32f103xe.o(.text)
    TIM8_CC_IRQHandler                       0x080001e7   Thumb Code     0  startup_stm32f103xe.o(.text)
    TIM8_TRG_COM_IRQHandler                  0x080001e7   Thumb Code     0  startup_stm32f103xe.o(.text)
    TIM8_UP_IRQHandler                       0x080001e7   Thumb Code     0  startup_stm32f103xe.o(.text)
    UART4_IRQHandler                         0x080001e7   Thumb Code     0  startup_stm32f103xe.o(.text)
    UART5_IRQHandler                         0x080001e7   Thumb Code     0  startup_stm32f103xe.o(.text)
    USART1_IRQHandler                        0x080001e7   Thumb Code     0  startup_stm32f103xe.o(.text)
    USART2_IRQHandler                        0x080001e7   Thumb Code     0  startup_stm32f103xe.o(.text)
    USART3_IRQHandler                        0x080001e7   Thumb Code     0  startup_stm32f103xe.o(.text)
    USBWakeUp_IRQHandler                     0x080001e7   Thumb Code     0  startup_stm32f103xe.o(.text)
    USB_HP_CAN1_TX_IRQHandler                0x080001e7   Thumb Code     0  startup_stm32f103xe.o(.text)
    USB_LP_CAN1_RX0_IRQHandler               0x080001e7   Thumb Code     0  startup_stm32f103xe.o(.text)
    WWDG_IRQHandler                          0x080001e7   Thumb Code     0  startup_stm32f103xe.o(.text)
    __user_initial_stackheap                 0x080001e9   Thumb Code     0  startup_stm32f103xe.o(.text)
    __aeabi_memclr                           0x0800020d   Thumb Code     0  rt_memclr.o(.text)
    __rt_memclr                              0x0800020d   Thumb Code    68  rt_memclr.o(.text)
    _memset                                  0x08000211   Thumb Code     0  rt_memclr.o(.text)
    __aeabi_memclr4                          0x08000251   Thumb Code     0  rt_memclr_w.o(.text)
    __aeabi_memclr8                          0x08000251   Thumb Code     0  rt_memclr_w.o(.text)
    __rt_memclr_w                            0x08000251   Thumb Code    78  rt_memclr_w.o(.text)
    _memset_w                                0x08000255   Thumb Code     0  rt_memclr_w.o(.text)
    __use_two_region_memory                  0x0800029f   Thumb Code     2  heapauxi.o(.text)
    __rt_heap_escrow                         0x080002a1   Thumb Code     2  heapauxi.o(.text)
    __rt_heap_expand                         0x080002a3   Thumb Code     2  heapauxi.o(.text)
    __user_setup_stackheap                   0x080002a5   Thumb Code    74  sys_stackheap_outer.o(.text)
    exit                                     0x080002ef   Thumb Code    18  exit.o(.text)
    __user_libspace                          0x08000301   Thumb Code     8  libspace.o(.text)
    __user_perproc_libspace                  0x08000301   Thumb Code     0  libspace.o(.text)
    __user_perthread_libspace                0x08000301   Thumb Code     0  libspace.o(.text)
    __I$use$semihosting                      0x08000309   Thumb Code     0  use_no_semi.o(.text)
    __use_no_semihosting_swi                 0x08000309   Thumb Code     2  use_no_semi.o(.text)
    __semihosting_library_function           0x0800030b   Thumb Code     0  indicate_semi.o(.text)
    _sys_exit                                0x0800030d   Thumb Code     8  sys_exit.o(.text)
    BusFault_Handler                         0x08000319   Thumb Code     2  stm32f1xx_it.o(i.BusFault_Handler)
    DebugMon_Handler                         0x0800031b   Thumb Code     2  stm32f1xx_it.o(i.DebugMon_Handler)
    Error_Handler                            0x0800031d   Thumb Code     4  main.o(i.Error_Handler)
    HAL_DMA_Abort_IT                         0x08000321   Thumb Code   296  stm32f1xx_hal_dma.o(i.HAL_DMA_Abort_IT)
    HAL_DMA_GetState                         0x08000451   Thumb Code     6  stm32f1xx_hal_dma.o(i.HAL_DMA_GetState)
    HAL_Delay                                0x08000459   Thumb Code    32  stm32f1xx_hal.o(i.HAL_Delay)
    HAL_GPIO_Init                            0x0800047d   Thumb Code   462  stm32f1xx_hal_gpio.o(i.HAL_GPIO_Init)
    HAL_GPIO_ReadPin                         0x08000675   Thumb Code    10  stm32f1xx_hal_gpio.o(i.HAL_GPIO_ReadPin)
    HAL_GPIO_WritePin                        0x0800067f   Thumb Code    10  stm32f1xx_hal_gpio.o(i.HAL_GPIO_WritePin)
    HAL_GetTick                              0x08000689   Thumb Code     6  stm32f1xx_hal.o(i.HAL_GetTick)
    HAL_I2C_AbortCpltCallback                0x08000695   Thumb Code     2  stm32f1xx_hal_i2c.o(i.HAL_I2C_AbortCpltCallback)
    HAL_I2C_AddrCallback                     0x08000697   Thumb Code     2  stm32f1xx_hal_i2c.o(i.HAL_I2C_AddrCallback)
    HAL_I2C_ER_IRQHandler                    0x08000699   Thumb Code   196  stm32f1xx_hal_i2c.o(i.HAL_I2C_ER_IRQHandler)
    HAL_I2C_EV_IRQHandler                    0x0800075d   Thumb Code   560  stm32f1xx_hal_i2c.o(i.HAL_I2C_EV_IRQHandler)
    HAL_I2C_ErrorCallback                    0x0800098d   Thumb Code     2  stm32f1xx_hal_i2c.o(i.HAL_I2C_ErrorCallback)
    HAL_I2C_Init                             0x08000991   Thumb Code   376  stm32f1xx_hal_i2c.o(i.HAL_I2C_Init)
    HAL_I2C_ListenCpltCallback               0x08000b19   Thumb Code     2  stm32f1xx_hal_i2c.o(i.HAL_I2C_ListenCpltCallback)
    HAL_I2C_MasterRxCpltCallback             0x08000b1b   Thumb Code     2  stm32f1xx_hal_i2c.o(i.HAL_I2C_MasterRxCpltCallback)
    HAL_I2C_MasterTxCpltCallback             0x08000b1d   Thumb Code     2  stm32f1xx_hal_i2c.o(i.HAL_I2C_MasterTxCpltCallback)
    HAL_I2C_Master_Transmit                  0x08000b21   Thumb Code   290  stm32f1xx_hal_i2c.o(i.HAL_I2C_Master_Transmit)
    HAL_I2C_MemRxCpltCallback                0x08000c4d   Thumb Code     2  stm32f1xx_hal_i2c.o(i.HAL_I2C_MemRxCpltCallback)
    HAL_I2C_MemTxCpltCallback                0x08000c4f   Thumb Code     2  stm32f1xx_hal_i2c.o(i.HAL_I2C_MemTxCpltCallback)
    HAL_I2C_MspInit                          0x08000c51   Thumb Code   112  i2c.o(i.HAL_I2C_MspInit)
    HAL_I2C_SlaveRxCpltCallback              0x08000ccd   Thumb Code     2  stm32f1xx_hal_i2c.o(i.HAL_I2C_SlaveRxCpltCallback)
    HAL_I2C_SlaveTxCpltCallback              0x08000ccf   Thumb Code     2  stm32f1xx_hal_i2c.o(i.HAL_I2C_SlaveTxCpltCallback)
    HAL_IncTick                              0x08000cd1   Thumb Code    12  stm32f1xx_hal.o(i.HAL_IncTick)
    HAL_Init                                 0x08000ce1   Thumb Code    32  stm32f1xx_hal.o(i.HAL_Init)
    HAL_InitTick                             0x08000d05   Thumb Code    54  stm32f1xx_hal.o(i.HAL_InitTick)
    HAL_MspInit                              0x08000d45   Thumb Code    52  stm32f1xx_hal_msp.o(i.HAL_MspInit)
    HAL_NVIC_EnableIRQ                       0x08000d81   Thumb Code    26  stm32f1xx_hal_cortex.o(i.HAL_NVIC_EnableIRQ)
    HAL_NVIC_SetPriority                     0x08000d9d   Thumb Code    60  stm32f1xx_hal_cortex.o(i.HAL_NVIC_SetPriority)
    HAL_NVIC_SetPriorityGrouping             0x08000ddd   Thumb Code    26  stm32f1xx_hal_cortex.o(i.HAL_NVIC_SetPriorityGrouping)
    HAL_RCC_ClockConfig                      0x08000e01   Thumb Code   280  stm32f1xx_hal_rcc.o(i.HAL_RCC_ClockConfig)
    HAL_RCC_GetPCLK1Freq                     0x08000f2d   Thumb Code    20  stm32f1xx_hal_rcc.o(i.HAL_RCC_GetPCLK1Freq)
    HAL_RCC_GetSysClockFreq                  0x08000f4d   Thumb Code    58  stm32f1xx_hal_rcc.o(i.HAL_RCC_GetSysClockFreq)
    HAL_RCC_OscConfig                        0x08000f99   Thumb Code   778  stm32f1xx_hal_rcc.o(i.HAL_RCC_OscConfig)
    HAL_SYSTICK_Config                       0x080012b9   Thumb Code    40  stm32f1xx_hal_cortex.o(i.HAL_SYSTICK_Config)
    HAL_TIMEx_MasterConfigSynchronization    0x080012e1   Thumb Code   104  stm32f1xx_hal_tim_ex.o(i.HAL_TIMEx_MasterConfigSynchronization)
    HAL_TIM_Base_Init                        0x0800135d   Thumb Code    90  stm32f1xx_hal_tim.o(i.HAL_TIM_Base_Init)
    HAL_TIM_Base_MspInit                     0x080013b9   Thumb Code    30  tim.o(i.HAL_TIM_Base_MspInit)
    HAL_TIM_ConfigClockSource                0x080013e1   Thumb Code   220  stm32f1xx_hal_tim.o(i.HAL_TIM_ConfigClockSource)
    HardFault_Handler                        0x080014bd   Thumb Code     2  stm32f1xx_it.o(i.HardFault_Handler)
    I2C1_ER_IRQHandler                       0x080014c1   Thumb Code     6  stm32f1xx_it.o(i.I2C1_ER_IRQHandler)
    I2C1_EV_IRQHandler                       0x080014cd   Thumb Code     6  stm32f1xx_it.o(i.I2C1_EV_IRQHandler)
    MX_GPIO_Init                             0x08002179   Thumb Code   136  gpio.o(i.MX_GPIO_Init)
    MX_I2C1_Init                             0x0800220d   Thumb Code    50  i2c.o(i.MX_I2C1_Init)
    MX_TIM1_Init                             0x0800224d   Thumb Code    96  tim.o(i.MX_TIM1_Init)
    MemManage_Handler                        0x080022b5   Thumb Code     2  stm32f1xx_it.o(i.MemManage_Handler)
    NMI_Handler                              0x080022b7   Thumb Code     2  stm32f1xx_it.o(i.NMI_Handler)
    PendSV_Handler                           0x080022b9   Thumb Code     2  stm32f1xx_it.o(i.PendSV_Handler)
    RollTest_Proc                            0x080022bd   Thumb Code   136  test.o(i.RollTest_Proc)
    SVC_Handler                              0x0800234d   Thumb Code     2  stm32f1xx_it.o(i.SVC_Handler)
    SysTick_Handler                          0x0800234f   Thumb Code     4  stm32f1xx_it.o(i.SysTick_Handler)
    SystemClock_Config                       0x08002353   Thumb Code    94  main.o(i.SystemClock_Config)
    SystemInit                               0x080023b1   Thumb Code     2  system_stm32f1xx.o(i.SystemInit)
    TIM_Base_SetConfig                       0x080023b5   Thumb Code   120  stm32f1xx_hal_tim.o(i.TIM_Base_SetConfig)
    TIM_ETR_SetConfig                        0x08002441   Thumb Code    20  stm32f1xx_hal_tim.o(i.TIM_ETR_SetConfig)
    UsageFault_Handler                       0x080024ab   Thumb Code     2  stm32f1xx_it.o(i.UsageFault_Handler)
    key_proc                                 0x080024cd   Thumb Code   130  test.o(i.key_proc)
    main                                     0x08002559   Thumb Code    42  main.o(i.main)
    u8g2DrawTest                             0x08002583   Thumb Code    22  test.o(i.u8g2DrawTest)
    u8g2Init                                 0x08002599   Thumb Code    38  stm32_u8g2.o(i.u8g2Init)
    u8g2_ClearBuffer                         0x080025cd   Thumb Code    18  u8g2_buffer.o(i.u8g2_ClearBuffer)
    u8g2_DrawCircle                          0x080025df   Thumb Code    64  u8g2_circle.o(i.u8g2_DrawCircle)
    u8g2_DrawGlyph                           0x0800261f   Thumb Code   112  u8g2_font.o(i.u8g2_DrawGlyph)
    u8g2_DrawHLine                           0x0800268f   Thumb Code    12  u8g2_hvline.o(i.u8g2_DrawHLine)
    u8g2_DrawHVLine                          0x0800269d   Thumb Code   172  u8g2_hvline.o(i.u8g2_DrawHVLine)
    u8g2_DrawPixel                           0x08002749   Thumb Code    46  u8g2_hvline.o(i.u8g2_DrawPixel)
    u8g2_DrawRFrame                          0x08002777   Thumb Code   258  u8g2_box.o(i.u8g2_DrawRFrame)
    u8g2_DrawStr                             0x08002879   Thumb Code    12  u8g2_font.o(i.u8g2_DrawStr)
    u8g2_DrawVLine                           0x08002889   Thumb Code    12  u8g2_hvline.o(i.u8g2_DrawVLine)
    u8g2_FirstPage                           0x08002895   Thumb Code    28  u8g2_buffer.o(i.u8g2_FirstPage)
    u8g2_IsIntersection                      0x080028b1   Thumb Code    48  u8g2_intersection.o(i.u8g2_IsIntersection)
    u8g2_SendBuffer                          0x080028e1   Thumb Code    18  u8g2_buffer.o(i.u8g2_SendBuffer)
    u8g2_SetBufferCurrTileRow                0x080028f3   Thumb Code    28  u8g2_buffer.o(i.u8g2_SetBufferCurrTileRow)
    u8g2_SetFont                             0x0800290f   Thumb Code    32  u8g2_font.o(i.u8g2_SetFont)
    u8g2_SetFontPosBaseline                  0x08002931   Thumb Code     6  u8g2_font.o(i.u8g2_SetFontPosBaseline)
    u8g2_SetMaxClipWindow                    0x0800293d   Thumb Code    28  u8g2_setup.o(i.u8g2_SetMaxClipWindow)
    u8g2_SetupBuffer                         0x08002959   Thumb Code    70  u8g2_setup.o(i.u8g2_SetupBuffer)
    u8g2_Setup_ssd1306_i2c_128x64_noname_f   0x080029a1   Thumb Code    42  u8g2_d_setup.o(i.u8g2_Setup_ssd1306_i2c_128x64_noname_f)
    u8g2_UpdateRefHeight                     0x080029d9   Thumb Code    82  u8g2_font.o(i.u8g2_UpdateRefHeight)
    u8g2_add_vector_x                        0x08002a2b   Thumb Code    28  u8g2_font.o(i.u8g2_add_vector_x)
    u8g2_add_vector_y                        0x08002a47   Thumb Code    28  u8g2_font.o(i.u8g2_add_vector_y)
    u8g2_draw_hv_line_2dir                   0x08002c31   Thumb Code    18  u8g2_hvline.o(i.u8g2_draw_hv_line_2dir)
    u8g2_draw_l90_r0                         0x08002c43   Thumb Code    12  u8g2_setup.o(i.u8g2_draw_l90_r0)
    u8g2_font_calc_vref_font                 0x08002cc5   Thumb Code     4  u8g2_font.o(i.u8g2_font_calc_vref_font)
    u8g2_font_decode_get_signed_bits         0x08002cc9   Thumb Code    20  u8g2_font.o(i.u8g2_font_decode_get_signed_bits)
    u8g2_font_decode_get_unsigned_bits       0x08002cdd   Thumb Code    52  u8g2_font.o(i.u8g2_font_decode_get_unsigned_bits)
    u8g2_font_decode_glyph                   0x08002d11   Thumb Code   276  u8g2_font.o(i.u8g2_font_decode_glyph)
    u8g2_font_decode_len                     0x08002e25   Thumb Code   140  u8g2_font.o(i.u8g2_font_decode_len)
    u8g2_font_get_glyph_data                 0x08002eb1   Thumb Code   114  u8g2_font.o(i.u8g2_font_get_glyph_data)
    u8g2_is_intersection_decision_tree       0x08002f6b   Thumb Code    24  u8g2_intersection.o(i.u8g2_is_intersection_decision_tree)
    u8g2_ll_hvline_vertical_top_lsb          0x08002f85   Thumb Code   144  u8g2_ll_hvline.o(i.u8g2_ll_hvline_vertical_top_lsb)
    u8g2_m_16_8_f                            0x08003015   Thumb Code     8  u8g2_d_memory.o(i.u8g2_m_16_8_f)
    u8g2_read_font_info                      0x08003021   Thumb Code   106  u8g2_font.o(i.u8g2_read_font_info)
    u8g2_update_dimension_r0                 0x0800311f   Thumb Code     4  u8g2_setup.o(i.u8g2_update_dimension_r0)
    u8g2_update_page_win_r0                  0x08003123   Thumb Code    34  u8g2_setup.o(i.u8g2_update_page_win_r0)
    u8x8_DrawTile                            0x08003145   Thumb Code    30  u8x8_display.o(i.u8x8_DrawTile)
    u8x8_InitDisplay                         0x08003163   Thumb Code    16  u8x8_display.o(i.u8x8_InitDisplay)
    u8x8_RefreshDisplay                      0x08003173   Thumb Code    16  u8x8_display.o(i.u8x8_RefreshDisplay)
    u8x8_SetPowerSave                        0x08003183   Thumb Code    16  u8x8_display.o(i.u8x8_SetPowerSave)
    u8x8_Setup                               0x08003193   Thumb Code    34  u8x8_setup.o(i.u8x8_Setup)
    u8x8_SetupDefaults                       0x080031b5   Thumb Code    32  u8x8_setup.o(i.u8x8_SetupDefaults)
    u8x8_SetupMemory                         0x080031d9   Thumb Code    16  u8x8_display.o(i.u8x8_SetupMemory)
    u8x8_ascii_next                          0x080031e9   Thumb Code    14  u8x8_8x8.o(i.u8x8_ascii_next)
    u8x8_byte_EndTransfer                    0x080031f7   Thumb Code    16  u8x8_byte.o(i.u8x8_byte_EndTransfer)
    u8x8_byte_SendByte                       0x08003207   Thumb Code    14  u8x8_byte.o(i.u8x8_byte_SendByte)
    u8x8_byte_StartTransfer                  0x08003215   Thumb Code    16  u8x8_byte.o(i.u8x8_byte_StartTransfer)
    u8x8_byte_hw_i2c                         0x08003225   Thumb Code    98  stm32_u8g2.o(i.u8x8_byte_hw_i2c)
    u8x8_cad_EndTransfer                     0x08003295   Thumb Code    16  u8x8_cad.o(i.u8x8_cad_EndTransfer)
    u8x8_cad_SendArg                         0x080032a5   Thumb Code    16  u8x8_cad.o(i.u8x8_cad_SendArg)
    u8x8_cad_SendCmd                         0x080032b5   Thumb Code    16  u8x8_cad.o(i.u8x8_cad_SendCmd)
    u8x8_cad_SendData                        0x080032c5   Thumb Code    16  u8x8_cad.o(i.u8x8_cad_SendData)
    u8x8_cad_SendSequence                    0x080032d5   Thumb Code   104  u8x8_cad.o(i.u8x8_cad_SendSequence)
    u8x8_cad_StartTransfer                   0x0800333d   Thumb Code    16  u8x8_cad.o(i.u8x8_cad_StartTransfer)
    u8x8_cad_ssd13xx_fast_i2c                0x0800334d   Thumb Code   182  u8x8_cad.o(i.u8x8_cad_ssd13xx_fast_i2c)
    u8x8_d_helper_display_init               0x08003409   Thumb Code    96  u8x8_display.o(i.u8x8_d_helper_display_init)
    u8x8_d_helper_display_setup_memory       0x08003469   Thumb Code    10  u8x8_display.o(i.u8x8_d_helper_display_setup_memory)
    u8x8_d_ssd1306_128x64_noname             0x08003475   Thumb Code    52  u8x8_d_ssd1306_128x64_noname.o(i.u8x8_d_ssd1306_128x64_noname)
    u8x8_dummy_cb                            0x08003579   Thumb Code     4  u8x8_setup.o(i.u8x8_dummy_cb)
    u8x8_gpio_and_delay                      0x0800357d   Thumb Code    98  stm32_u8g2.o(i.u8x8_gpio_and_delay)
    u8x8_gpio_call                           0x080035df   Thumb Code    12  u8x8_gpio.o(i.u8x8_gpio_call)
    u8x8_utf8_init                           0x08003617   Thumb Code     8  u8x8_8x8.o(i.u8x8_utf8_init)
    ui_data                                  0x08003621   Thumb Code    24  test.o(i.ui_data)
    ui_run                                   0x0800363d   Thumb Code    36  test.o(i.ui_run)
    AHBPrescTable                            0x08003672   Data          16  system_stm32f1xx.o(.constdata)
    APBPrescTable                            0x08003682   Data           8  system_stm32f1xx.o(.constdata)
    u8g2_font_ncenB10_tr                     0x0800368a   Data        1559  u8g2_fonts.o(.constdata)
    u8g2_cb_r0                               0x08003ca4   Data          12  u8g2_setup.o(.constdata)
    Region$$Table$$Base                      0x08003e30   Number         0  anon$$obj.o(Region$$Table)
    Region$$Table$$Limit                     0x08003e50   Number         0  anon$$obj.o(Region$$Table)
    ui_list                                  0x20000000   Data           1  test.o(.data)
    y                                        0x20000002   Data           2  test.o(.data)
    y_t                                      0x20000004   Data           2  test.o(.data)
    x                                        0x20000006   Data           2  test.o(.data)
    box_y                                    0x20000008   Data           2  test.o(.data)
    box_y_trg                                0x2000000a   Data           2  test.o(.data)
    box_wid                                  0x2000000c   Data           2  test.o(.data)
    box_wid_trg                              0x2000000e   Data           2  test.o(.data)
    list                                     0x20000010   Data          40  test.o(.data)
    uwTickFreq                               0x2000003c   Data           1  stm32f1xx_hal.o(.data)
    uwTickPrio                               0x20000040   Data           4  stm32f1xx_hal.o(.data)
    uwTick                                   0x20000044   Data           4  stm32f1xx_hal.o(.data)
    SystemCoreClock                          0x20000048   Data           4  system_stm32f1xx.o(.data)
    hi2c1                                    0x200000d4   Data          84  i2c.o(.bss)
    htim1                                    0x20000128   Data          72  tim.o(.bss)
    __libspace_start                         0x20000570   Data          96  libspace.o(.bss)
    __temporary_stack_top$libspace           0x200005d0   Data           0  libspace.o(.bss)



==============================================================================

Memory Map of the image

  Image Entry point : 0x08000131

  Load Region LR_IROM1 (Base: 0x08000000, Size: 0x00003ea4, Max: 0x00040000, ABSOLUTE)

    Execution Region ER_IROM1 (Exec base: 0x08000000, Load base: 0x08000000, Size: 0x00003e50, Max: 0x00040000, ABSOLUTE)

    Exec Addr    Load Addr    Size         Type   Attr      Idx    E Section Name        Object

    0x08000000   0x08000000   0x00000130   Data   RO            3    RESET               startup_stm32f103xe.o
    0x08000130   0x08000130   0x00000008   Code   RO         9639  * !!!main             c_w.l(__main.o)
    0x08000138   0x08000138   0x00000034   Code   RO         9985    !!!scatter          c_w.l(__scatter.o)
    0x0800016c   0x0800016c   0x0000001a   Code   RO         9987    !!handler_copy      c_w.l(__scatter_copy.o)
    0x08000186   0x08000186   0x00000002   PAD
    0x08000188   0x08000188   0x0000001c   Code   RO         9989    !!handler_zi        c_w.l(__scatter_zi.o)
    0x080001a4   0x080001a4   0x00000002   Code   RO         9772    .ARM.Collect$$libinit$$00000000  c_w.l(libinit.o)
    0x080001a6   0x080001a6   0x00000000   Code   RO         9774    .ARM.Collect$$libinit$$00000002  c_w.l(libinit2.o)
    0x080001a6   0x080001a6   0x00000000   Code   RO         9776    .ARM.Collect$$libinit$$00000004  c_w.l(libinit2.o)
    0x080001a6   0x080001a6   0x00000000   Code   RO         9779    .ARM.Collect$$libinit$$0000000A  c_w.l(libinit2.o)
    0x080001a6   0x080001a6   0x00000000   Code   RO         9781    .ARM.Collect$$libinit$$0000000C  c_w.l(libinit2.o)
    0x080001a6   0x080001a6   0x00000000   Code   RO         9783    .ARM.Collect$$libinit$$0000000E  c_w.l(libinit2.o)
    0x080001a6   0x080001a6   0x00000000   Code   RO         9786    .ARM.Collect$$libinit$$00000011  c_w.l(libinit2.o)
    0x080001a6   0x080001a6   0x00000000   Code   RO         9788    .ARM.Collect$$libinit$$00000013  c_w.l(libinit2.o)
    0x080001a6   0x080001a6   0x00000000   Code   RO         9790    .ARM.Collect$$libinit$$00000015  c_w.l(libinit2.o)
    0x080001a6   0x080001a6   0x00000000   Code   RO         9792    .ARM.Collect$$libinit$$00000017  c_w.l(libinit2.o)
    0x080001a6   0x080001a6   0x00000000   Code   RO         9794    .ARM.Collect$$libinit$$00000019  c_w.l(libinit2.o)
    0x080001a6   0x080001a6   0x00000000   Code   RO         9796    .ARM.Collect$$libinit$$0000001B  c_w.l(libinit2.o)
    0x080001a6   0x080001a6   0x00000000   Code   RO         9798    .ARM.Collect$$libinit$$0000001D  c_w.l(libinit2.o)
    0x080001a6   0x080001a6   0x00000000   Code   RO         9800    .ARM.Collect$$libinit$$0000001F  c_w.l(libinit2.o)
    0x080001a6   0x080001a6   0x00000000   Code   RO         9802    .ARM.Collect$$libinit$$00000021  c_w.l(libinit2.o)
    0x080001a6   0x080001a6   0x00000000   Code   RO         9804    .ARM.Collect$$libinit$$00000023  c_w.l(libinit2.o)
    0x080001a6   0x080001a6   0x00000000   Code   RO         9806    .ARM.Collect$$libinit$$00000025  c_w.l(libinit2.o)
    0x080001a6   0x080001a6   0x00000000   Code   RO         9810    .ARM.Collect$$libinit$$0000002C  c_w.l(libinit2.o)
    0x080001a6   0x080001a6   0x00000000   Code   RO         9812    .ARM.Collect$$libinit$$0000002E  c_w.l(libinit2.o)
    0x080001a6   0x080001a6   0x00000000   Code   RO         9814    .ARM.Collect$$libinit$$00000030  c_w.l(libinit2.o)
    0x080001a6   0x080001a6   0x00000000   Code   RO         9816    .ARM.Collect$$libinit$$00000032  c_w.l(libinit2.o)
    0x080001a6   0x080001a6   0x00000002   Code   RO         9817    .ARM.Collect$$libinit$$00000033  c_w.l(libinit2.o)
    0x080001a8   0x080001a8   0x00000002   Code   RO         9964    .ARM.Collect$$libshutdown$$00000000  c_w.l(libshutdown.o)
    0x080001aa   0x080001aa   0x00000000   Code   RO         9819    .ARM.Collect$$libshutdown$$00000002  c_w.l(libshutdown2.o)
    0x080001aa   0x080001aa   0x00000000   Code   RO         9821    .ARM.Collect$$libshutdown$$00000004  c_w.l(libshutdown2.o)
    0x080001aa   0x080001aa   0x00000000   Code   RO         9824    .ARM.Collect$$libshutdown$$00000007  c_w.l(libshutdown2.o)
    0x080001aa   0x080001aa   0x00000000   Code   RO         9827    .ARM.Collect$$libshutdown$$0000000A  c_w.l(libshutdown2.o)
    0x080001aa   0x080001aa   0x00000000   Code   RO         9829    .ARM.Collect$$libshutdown$$0000000C  c_w.l(libshutdown2.o)
    0x080001aa   0x080001aa   0x00000000   Code   RO         9832    .ARM.Collect$$libshutdown$$0000000F  c_w.l(libshutdown2.o)
    0x080001aa   0x080001aa   0x00000002   Code   RO         9833    .ARM.Collect$$libshutdown$$00000010  c_w.l(libshutdown2.o)
    0x080001ac   0x080001ac   0x00000000   Code   RO         9641    .ARM.Collect$$rtentry$$00000000  c_w.l(__rtentry.o)
    0x080001ac   0x080001ac   0x00000000   Code   RO         9651    .ARM.Collect$$rtentry$$00000002  c_w.l(__rtentry2.o)
    0x080001ac   0x080001ac   0x00000006   Code   RO         9663    .ARM.Collect$$rtentry$$00000004  c_w.l(__rtentry4.o)
    0x080001b2   0x080001b2   0x00000000   Code   RO         9653    .ARM.Collect$$rtentry$$00000009  c_w.l(__rtentry2.o)
    0x080001b2   0x080001b2   0x00000004   Code   RO         9654    .ARM.Collect$$rtentry$$0000000A  c_w.l(__rtentry2.o)
    0x080001b6   0x080001b6   0x00000000   Code   RO         9656    .ARM.Collect$$rtentry$$0000000C  c_w.l(__rtentry2.o)
    0x080001b6   0x080001b6   0x00000008   Code   RO         9657    .ARM.Collect$$rtentry$$0000000D  c_w.l(__rtentry2.o)
    0x080001be   0x080001be   0x00000002   Code   RO         9842    .ARM.Collect$$rtexit$$00000000  c_w.l(rtexit.o)
    0x080001c0   0x080001c0   0x00000000   Code   RO         9900    .ARM.Collect$$rtexit$$00000002  c_w.l(rtexit2.o)
    0x080001c0   0x080001c0   0x00000004   Code   RO         9901    .ARM.Collect$$rtexit$$00000003  c_w.l(rtexit2.o)
    0x080001c4   0x080001c4   0x00000006   Code   RO         9902    .ARM.Collect$$rtexit$$00000004  c_w.l(rtexit2.o)
    0x080001ca   0x080001ca   0x00000002   PAD
    0x080001cc   0x080001cc   0x00000040   Code   RO            4    .text               startup_stm32f103xe.o
    0x0800020c   0x0800020c   0x00000044   Code   RO         9633    .text               c_w.l(rt_memclr.o)
    0x08000250   0x08000250   0x0000004e   Code   RO         9635    .text               c_w.l(rt_memclr_w.o)
    0x0800029e   0x0800029e   0x00000006   Code   RO         9637    .text               c_w.l(heapauxi.o)
    0x080002a4   0x080002a4   0x0000004a   Code   RO         9688    .text               c_w.l(sys_stackheap_outer.o)
    0x080002ee   0x080002ee   0x00000012   Code   RO         9761    .text               c_w.l(exit.o)
    0x08000300   0x08000300   0x00000008   Code   RO         9836    .text               c_w.l(libspace.o)
    0x08000308   0x08000308   0x00000002   Code   RO         9839    .text               c_w.l(use_no_semi.o)
    0x0800030a   0x0800030a   0x00000000   Code   RO         9841    .text               c_w.l(indicate_semi.o)
    0x0800030a   0x0800030a   0x00000002   PAD
    0x0800030c   0x0800030c   0x0000000c   Code   RO         9897    .text               c_w.l(sys_exit.o)
    0x08000318   0x08000318   0x00000002   Code   RO          658    i.BusFault_Handler  stm32f1xx_it.o
    0x0800031a   0x0800031a   0x00000002   Code   RO          659    i.DebugMon_Handler  stm32f1xx_it.o
    0x0800031c   0x0800031c   0x00000004   Code   RO          505    i.Error_Handler     main.o
    0x08000320   0x08000320   0x00000130   Code   RO         1625    i.HAL_DMA_Abort_IT  stm32f1xx_hal_dma.o
    0x08000450   0x08000450   0x00000006   Code   RO         1628    i.HAL_DMA_GetState  stm32f1xx_hal_dma.o
    0x08000456   0x08000456   0x00000002   PAD
    0x08000458   0x08000458   0x00000024   Code   RO         1250    i.HAL_Delay         stm32f1xx_hal.o
    0x0800047c   0x0800047c   0x000001f8   Code   RO         1560    i.HAL_GPIO_Init     stm32f1xx_hal_gpio.o
    0x08000674   0x08000674   0x0000000a   Code   RO         1562    i.HAL_GPIO_ReadPin  stm32f1xx_hal_gpio.o
    0x0800067e   0x0800067e   0x0000000a   Code   RO         1564    i.HAL_GPIO_WritePin  stm32f1xx_hal_gpio.o
    0x08000688   0x08000688   0x0000000c   Code   RO         1254    i.HAL_GetTick       stm32f1xx_hal.o
    0x08000694   0x08000694   0x00000002   Code   RO          806    i.HAL_I2C_AbortCpltCallback  stm32f1xx_hal_i2c.o
    0x08000696   0x08000696   0x00000002   Code   RO          807    i.HAL_I2C_AddrCallback  stm32f1xx_hal_i2c.o
    0x08000698   0x08000698   0x000000c4   Code   RO          810    i.HAL_I2C_ER_IRQHandler  stm32f1xx_hal_i2c.o
    0x0800075c   0x0800075c   0x00000230   Code   RO          811    i.HAL_I2C_EV_IRQHandler  stm32f1xx_hal_i2c.o
    0x0800098c   0x0800098c   0x00000002   Code   RO          813    i.HAL_I2C_ErrorCallback  stm32f1xx_hal_i2c.o
    0x0800098e   0x0800098e   0x00000002   PAD
    0x08000990   0x08000990   0x00000188   Code   RO          817    i.HAL_I2C_Init      stm32f1xx_hal_i2c.o
    0x08000b18   0x08000b18   0x00000002   Code   RO          819    i.HAL_I2C_ListenCpltCallback  stm32f1xx_hal_i2c.o
    0x08000b1a   0x08000b1a   0x00000002   Code   RO          820    i.HAL_I2C_MasterRxCpltCallback  stm32f1xx_hal_i2c.o
    0x08000b1c   0x08000b1c   0x00000002   Code   RO          821    i.HAL_I2C_MasterTxCpltCallback  stm32f1xx_hal_i2c.o
    0x08000b1e   0x08000b1e   0x00000002   PAD
    0x08000b20   0x08000b20   0x0000012c   Code   RO          830    i.HAL_I2C_Master_Transmit  stm32f1xx_hal_i2c.o
    0x08000c4c   0x08000c4c   0x00000002   Code   RO          833    i.HAL_I2C_MemRxCpltCallback  stm32f1xx_hal_i2c.o
    0x08000c4e   0x08000c4e   0x00000002   Code   RO          834    i.HAL_I2C_MemTxCpltCallback  stm32f1xx_hal_i2c.o
    0x08000c50   0x08000c50   0x0000007c   Code   RO          575    i.HAL_I2C_MspInit   i2c.o
    0x08000ccc   0x08000ccc   0x00000002   Code   RO          843    i.HAL_I2C_SlaveRxCpltCallback  stm32f1xx_hal_i2c.o
    0x08000cce   0x08000cce   0x00000002   Code   RO          844    i.HAL_I2C_SlaveTxCpltCallback  stm32f1xx_hal_i2c.o
    0x08000cd0   0x08000cd0   0x00000010   Code   RO         1260    i.HAL_IncTick       stm32f1xx_hal.o
    0x08000ce0   0x08000ce0   0x00000024   Code   RO         1261    i.HAL_Init          stm32f1xx_hal.o
    0x08000d04   0x08000d04   0x00000040   Code   RO         1262    i.HAL_InitTick      stm32f1xx_hal.o
    0x08000d44   0x08000d44   0x0000003c   Code   RO          746    i.HAL_MspInit       stm32f1xx_hal_msp.o
    0x08000d80   0x08000d80   0x0000001a   Code   RO         1720    i.HAL_NVIC_EnableIRQ  stm32f1xx_hal_cortex.o
    0x08000d9a   0x08000d9a   0x00000002   PAD
    0x08000d9c   0x08000d9c   0x00000040   Code   RO         1726    i.HAL_NVIC_SetPriority  stm32f1xx_hal_cortex.o
    0x08000ddc   0x08000ddc   0x00000024   Code   RO         1727    i.HAL_NVIC_SetPriorityGrouping  stm32f1xx_hal_cortex.o
    0x08000e00   0x08000e00   0x0000012c   Code   RO         1418    i.HAL_RCC_ClockConfig  stm32f1xx_hal_rcc.o
    0x08000f2c   0x08000f2c   0x00000020   Code   RO         1425    i.HAL_RCC_GetPCLK1Freq  stm32f1xx_hal_rcc.o
    0x08000f4c   0x08000f4c   0x0000004c   Code   RO         1427    i.HAL_RCC_GetSysClockFreq  stm32f1xx_hal_rcc.o
    0x08000f98   0x08000f98   0x00000320   Code   RO         1430    i.HAL_RCC_OscConfig  stm32f1xx_hal_rcc.o
    0x080012b8   0x080012b8   0x00000028   Code   RO         1731    i.HAL_SYSTICK_Config  stm32f1xx_hal_cortex.o
    0x080012e0   0x080012e0   0x0000007c   Code   RO         2945    i.HAL_TIMEx_MasterConfigSynchronization  stm32f1xx_hal_tim_ex.o
    0x0800135c   0x0800135c   0x0000005a   Code   RO         2222    i.HAL_TIM_Base_Init  stm32f1xx_hal_tim.o
    0x080013b6   0x080013b6   0x00000002   PAD
    0x080013b8   0x080013b8   0x00000028   Code   RO          617    i.HAL_TIM_Base_MspInit  tim.o
    0x080013e0   0x080013e0   0x000000dc   Code   RO         2231    i.HAL_TIM_ConfigClockSource  stm32f1xx_hal_tim.o
    0x080014bc   0x080014bc   0x00000002   Code   RO          660    i.HardFault_Handler  stm32f1xx_it.o
    0x080014be   0x080014be   0x00000002   PAD
    0x080014c0   0x080014c0   0x0000000c   Code   RO          661    i.I2C1_ER_IRQHandler  stm32f1xx_it.o
    0x080014cc   0x080014cc   0x0000000c   Code   RO          662    i.I2C1_EV_IRQHandler  stm32f1xx_it.o
    0x080014d8   0x080014d8   0x000000bc   Code   RO          855    i.I2C_DMAAbort      stm32f1xx_hal_i2c.o
    0x08001594   0x08001594   0x00000010   Code   RO          858    i.I2C_Flush_DR      stm32f1xx_hal_i2c.o
    0x080015a4   0x080015a4   0x00000158   Code   RO          859    i.I2C_ITError       stm32f1xx_hal_i2c.o
    0x080016fc   0x080016fc   0x0000002e   Code   RO          860    i.I2C_IsAcknowledgeFailed  stm32f1xx_hal_i2c.o
    0x0800172a   0x0800172a   0x000000d2   Code   RO          861    i.I2C_MasterReceive_BTF  stm32f1xx_hal_i2c.o
    0x080017fc   0x080017fc   0x000000e8   Code   RO          862    i.I2C_MasterReceive_RXNE  stm32f1xx_hal_i2c.o
    0x080018e4   0x080018e4   0x0000009c   Code   RO          864    i.I2C_MasterRequestWrite  stm32f1xx_hal_i2c.o
    0x08001980   0x08001980   0x00000082   Code   RO          865    i.I2C_MasterTransmit_BTF  stm32f1xx_hal_i2c.o
    0x08001a02   0x08001a02   0x00000002   PAD
    0x08001a04   0x08001a04   0x000000b6   Code   RO          866    i.I2C_MasterTransmit_TXE  stm32f1xx_hal_i2c.o
    0x08001aba   0x08001aba   0x00000002   PAD
    0x08001abc   0x08001abc   0x00000158   Code   RO          867    i.I2C_Master_ADDR   stm32f1xx_hal_i2c.o
    0x08001c14   0x08001c14   0x0000008c   Code   RO          868    i.I2C_Master_SB     stm32f1xx_hal_i2c.o
    0x08001ca0   0x08001ca0   0x000000a8   Code   RO          869    i.I2C_MemoryTransmit_TXE_BTF  stm32f1xx_hal_i2c.o
    0x08001d48   0x08001d48   0x00000046   Code   RO          872    i.I2C_Slave_ADDR    stm32f1xx_hal_i2c.o
    0x08001d8e   0x08001d8e   0x00000002   PAD
    0x08001d90   0x08001d90   0x00000090   Code   RO          873    i.I2C_Slave_AF      stm32f1xx_hal_i2c.o
    0x08001e20   0x08001e20   0x0000015c   Code   RO          874    i.I2C_Slave_STOPF   stm32f1xx_hal_i2c.o
    0x08001f7c   0x08001f7c   0x00000056   Code   RO          875    i.I2C_WaitOnBTFFlagUntilTimeout  stm32f1xx_hal_i2c.o
    0x08001fd2   0x08001fd2   0x00000002   PAD
    0x08001fd4   0x08001fd4   0x00000090   Code   RO          876    i.I2C_WaitOnFlagUntilTimeout  stm32f1xx_hal_i2c.o
    0x08002064   0x08002064   0x000000bc   Code   RO          877    i.I2C_WaitOnMasterAddressFlagUntilTimeout  stm32f1xx_hal_i2c.o
    0x08002120   0x08002120   0x00000056   Code   RO          879    i.I2C_WaitOnTXEFlagUntilTimeout  stm32f1xx_hal_i2c.o
    0x08002176   0x08002176   0x00000002   PAD
    0x08002178   0x08002178   0x00000094   Code   RO          550    i.MX_GPIO_Init      gpio.o
    0x0800220c   0x0800220c   0x00000040   Code   RO          576    i.MX_I2C1_Init      i2c.o
    0x0800224c   0x0800224c   0x00000068   Code   RO          618    i.MX_TIM1_Init      tim.o
    0x080022b4   0x080022b4   0x00000002   Code   RO          663    i.MemManage_Handler  stm32f1xx_it.o
    0x080022b6   0x080022b6   0x00000002   Code   RO          664    i.NMI_Handler       stm32f1xx_it.o
    0x080022b8   0x080022b8   0x00000002   Code   RO          665    i.PendSV_Handler    stm32f1xx_it.o
    0x080022ba   0x080022ba   0x00000002   PAD
    0x080022bc   0x080022bc   0x00000090   Code   RO           13    i.RollTest_Proc     test.o
    0x0800234c   0x0800234c   0x00000002   Code   RO          666    i.SVC_Handler       stm32f1xx_it.o
    0x0800234e   0x0800234e   0x00000004   Code   RO          667    i.SysTick_Handler   stm32f1xx_it.o
    0x08002352   0x08002352   0x0000005e   Code   RO          506    i.SystemClock_Config  main.o
    0x080023b0   0x080023b0   0x00000002   Code   RO         3194    i.SystemInit        system_stm32f1xx.o
    0x080023b2   0x080023b2   0x00000002   PAD
    0x080023b4   0x080023b4   0x0000008c   Code   RO         2315    i.TIM_Base_SetConfig  stm32f1xx_hal_tim.o
    0x08002440   0x08002440   0x00000014   Code   RO         2326    i.TIM_ETR_SetConfig  stm32f1xx_hal_tim.o
    0x08002454   0x08002454   0x00000010   Code   RO         2327    i.TIM_ITRx_SetConfig  stm32f1xx_hal_tim.o
    0x08002464   0x08002464   0x00000022   Code   RO         2333    i.TIM_TI1_ConfigInputStage  stm32f1xx_hal_tim.o
    0x08002486   0x08002486   0x00000024   Code   RO         2335    i.TIM_TI2_ConfigInputStage  stm32f1xx_hal_tim.o
    0x080024aa   0x080024aa   0x00000002   Code   RO          668    i.UsageFault_Handler  stm32f1xx_it.o
    0x080024ac   0x080024ac   0x00000020   Code   RO         1733    i.__NVIC_SetPriority  stm32f1xx_hal_cortex.o
    0x080024cc   0x080024cc   0x0000008c   Code   RO           14    i.key_proc          test.o
    0x08002558   0x08002558   0x0000002a   Code   RO          507    i.main              main.o
    0x08002582   0x08002582   0x00000016   Code   RO           15    i.u8g2DrawTest      test.o
    0x08002598   0x08002598   0x00000034   Code   RO          438    i.u8g2Init          stm32_u8g2.o
    0x080025cc   0x080025cc   0x00000012   Code   RO         3674    i.u8g2_ClearBuffer  u8g2_buffer.o
    0x080025de   0x080025de   0x00000040   Code   RO         3768    i.u8g2_DrawCircle   u8g2_circle.o
    0x0800261e   0x0800261e   0x00000070   Code   RO         3877    i.u8g2_DrawGlyph    u8g2_font.o
    0x0800268e   0x0800268e   0x0000000c   Code   RO         6131    i.u8g2_DrawHLine    u8g2_hvline.o
    0x0800269a   0x0800269a   0x00000002   PAD
    0x0800269c   0x0800269c   0x000000ac   Code   RO         6132    i.u8g2_DrawHVLine   u8g2_hvline.o
    0x08002748   0x08002748   0x0000002e   Code   RO         6133    i.u8g2_DrawPixel    u8g2_hvline.o
    0x08002776   0x08002776   0x00000102   Code   RO         3647    i.u8g2_DrawRFrame   u8g2_box.o
    0x08002878   0x08002878   0x00000010   Code   RO         3879    i.u8g2_DrawStr      u8g2_font.o
    0x08002888   0x08002888   0x0000000c   Code   RO         6134    i.u8g2_DrawVLine    u8g2_hvline.o
    0x08002894   0x08002894   0x0000001c   Code   RO         3675    i.u8g2_FirstPage    u8g2_buffer.o
    0x080028b0   0x080028b0   0x00000030   Code   RO         6193    i.u8g2_IsIntersection  u8g2_intersection.o
    0x080028e0   0x080028e0   0x00000012   Code   RO         3677    i.u8g2_SendBuffer   u8g2_buffer.o
    0x080028f2   0x080028f2   0x0000001c   Code   RO         3678    i.u8g2_SetBufferCurrTileRow  u8g2_buffer.o
    0x0800290e   0x0800290e   0x00000020   Code   RO         3895    i.u8g2_SetFont      u8g2_font.o
    0x0800292e   0x0800292e   0x00000002   PAD
    0x08002930   0x08002930   0x0000000c   Code   RO         3898    i.u8g2_SetFontPosBaseline  u8g2_font.o
    0x0800293c   0x0800293c   0x0000001c   Code   RO         6381    i.u8g2_SetMaxClipWindow  u8g2_setup.o
    0x08002958   0x08002958   0x00000046   Code   RO         6382    i.u8g2_SetupBuffer  u8g2_setup.o
    0x0800299e   0x0800299e   0x00000002   PAD
    0x080029a0   0x080029a0   0x00000038   Code   RO         3863    i.u8g2_Setup_ssd1306_i2c_128x64_noname_f  u8g2_d_setup.o
    0x080029d8   0x080029d8   0x00000052   Code   RO         3905    i.u8g2_UpdateRefHeight  u8g2_font.o
    0x08002a2a   0x08002a2a   0x0000001c   Code   RO         3906    i.u8g2_add_vector_x  u8g2_font.o
    0x08002a46   0x08002a46   0x0000001c   Code   RO         3907    i.u8g2_add_vector_y  u8g2_font.o
    0x08002a62   0x08002a62   0x0000006e   Code   RO         6384    i.u8g2_apply_clip_window  u8g2_setup.o
    0x08002ad0   0x08002ad0   0x0000003c   Code   RO         6136    i.u8g2_clip_intersection2  u8g2_hvline.o
    0x08002b0c   0x08002b0c   0x0000006a   Code   RO         3772    i.u8g2_draw_circle  u8g2_circle.o
    0x08002b76   0x08002b76   0x000000ba   Code   RO         3773    i.u8g2_draw_circle_section  u8g2_circle.o
    0x08002c30   0x08002c30   0x00000012   Code   RO         6137    i.u8g2_draw_hv_line_2dir  u8g2_hvline.o
    0x08002c42   0x08002c42   0x0000000c   Code   RO         6386    i.u8g2_draw_l90_r0  u8g2_setup.o
    0x08002c4e   0x08002c4e   0x00000076   Code   RO         3908    i.u8g2_draw_string  u8g2_font.o
    0x08002cc4   0x08002cc4   0x00000004   Code   RO         3914    i.u8g2_font_calc_vref_font  u8g2_font.o
    0x08002cc8   0x08002cc8   0x00000014   Code   RO         3916    i.u8g2_font_decode_get_signed_bits  u8g2_font.o
    0x08002cdc   0x08002cdc   0x00000034   Code   RO         3917    i.u8g2_font_decode_get_unsigned_bits  u8g2_font.o
    0x08002d10   0x08002d10   0x00000114   Code   RO         3918    i.u8g2_font_decode_glyph  u8g2_font.o
    0x08002e24   0x08002e24   0x0000008c   Code   RO         3919    i.u8g2_font_decode_len  u8g2_font.o
    0x08002eb0   0x08002eb0   0x00000072   Code   RO         3920    i.u8g2_font_get_glyph_data  u8g2_font.o
    0x08002f22   0x08002f22   0x00000014   Code   RO         3921    i.u8g2_font_get_word  u8g2_font.o
    0x08002f36   0x08002f36   0x00000034   Code   RO         3922    i.u8g2_font_setup_decode  u8g2_font.o
    0x08002f6a   0x08002f6a   0x00000018   Code   RO         6194    i.u8g2_is_intersection_decision_tree  u8g2_intersection.o
    0x08002f82   0x08002f82   0x00000002   PAD
    0x08002f84   0x08002f84   0x00000090   Code   RO         6242    i.u8g2_ll_hvline_vertical_top_lsb  u8g2_ll_hvline.o
    0x08003014   0x08003014   0x0000000c   Code   RO         3850    i.u8g2_m_16_8_f     u8g2_d_memory.o
    0x08003020   0x08003020   0x0000006a   Code   RO         3923    i.u8g2_read_font_info  u8g2_font.o
    0x0800308a   0x0800308a   0x0000004e   Code   RO         3685    i.u8g2_send_buffer  u8g2_buffer.o
    0x080030d8   0x080030d8   0x00000046   Code   RO         6391    i.u8g2_update_dimension_common  u8g2_setup.o
    0x0800311e   0x0800311e   0x00000004   Code   RO         6392    i.u8g2_update_dimension_r0  u8g2_setup.o
    0x08003122   0x08003122   0x00000022   Code   RO         6396    i.u8g2_update_page_win_r0  u8g2_setup.o
    0x08003144   0x08003144   0x0000001e   Code   RO         9206    i.u8x8_DrawTile     u8x8_display.o
    0x08003162   0x08003162   0x00000010   Code   RO         9208    i.u8x8_InitDisplay  u8x8_display.o
    0x08003172   0x08003172   0x00000010   Code   RO         9210    i.u8x8_RefreshDisplay  u8x8_display.o
    0x08003182   0x08003182   0x00000010   Code   RO         9213    i.u8x8_SetPowerSave  u8x8_display.o
    0x08003192   0x08003192   0x00000022   Code   RO         9512    i.u8x8_Setup        u8x8_setup.o
    0x080031b4   0x080031b4   0x00000024   Code   RO         9513    i.u8x8_SetupDefaults  u8x8_setup.o
    0x080031d8   0x080031d8   0x00000010   Code   RO         9214    i.u8x8_SetupMemory  u8x8_display.o
    0x080031e8   0x080031e8   0x0000000e   Code   RO         6676    i.u8x8_ascii_next   u8x8_8x8.o
    0x080031f6   0x080031f6   0x00000010   Code   RO         6801    i.u8x8_byte_EndTransfer  u8x8_byte.o
    0x08003206   0x08003206   0x0000000e   Code   RO         6802    i.u8x8_byte_SendByte  u8x8_byte.o
    0x08003214   0x08003214   0x00000010   Code   RO         6805    i.u8x8_byte_StartTransfer  u8x8_byte.o
    0x08003224   0x08003224   0x00000070   Code   RO          439    i.u8x8_byte_hw_i2c  stm32_u8g2.o
    0x08003294   0x08003294   0x00000010   Code   RO         6921    i.u8x8_cad_EndTransfer  u8x8_cad.o
    0x080032a4   0x080032a4   0x00000010   Code   RO         6922    i.u8x8_cad_SendArg  u8x8_cad.o
    0x080032b4   0x080032b4   0x00000010   Code   RO         6923    i.u8x8_cad_SendCmd  u8x8_cad.o
    0x080032c4   0x080032c4   0x00000010   Code   RO         6924    i.u8x8_cad_SendData  u8x8_cad.o
    0x080032d4   0x080032d4   0x00000068   Code   RO         6926    i.u8x8_cad_SendSequence  u8x8_cad.o
    0x0800333c   0x0800333c   0x00000010   Code   RO         6927    i.u8x8_cad_StartTransfer  u8x8_cad.o
    0x0800334c   0x0800334c   0x000000bc   Code   RO         6930    i.u8x8_cad_ssd13xx_fast_i2c  u8x8_cad.o
    0x08003408   0x08003408   0x00000060   Code   RO         9215    i.u8x8_d_helper_display_init  u8x8_display.o
    0x08003468   0x08003468   0x0000000a   Code   RO         9216    i.u8x8_d_helper_display_setup_memory  u8x8_display.o
    0x08003472   0x08003472   0x00000002   PAD
    0x08003474   0x08003474   0x0000003c   Code   RO         7878    i.u8x8_d_ssd1306_128x64_noname  u8x8_d_ssd1306_128x64_noname.o
    0x080034b0   0x080034b0   0x000000c8   Code   RO         7880    i.u8x8_d_ssd1306_sh1106_generic  u8x8_d_ssd1306_128x64_noname.o
    0x08003578   0x08003578   0x00000004   Code   RO         9515    i.u8x8_dummy_cb     u8x8_setup.o
    0x0800357c   0x0800357c   0x00000062   Code   RO          440    i.u8x8_gpio_and_delay  stm32_u8g2.o
    0x080035de   0x080035de   0x0000000c   Code   RO         9434    i.u8x8_gpio_call    u8x8_gpio.o
    0x080035ea   0x080035ea   0x0000002c   Code   RO         6938    i.u8x8_i2c_data_transfer  u8x8_cad.o
    0x08003616   0x08003616   0x00000008   Code   RO         6684    i.u8x8_utf8_init    u8x8_8x8.o
    0x0800361e   0x0800361e   0x00000002   PAD
    0x08003620   0x08003620   0x0000001c   Code   RO           16    i.ui_data           test.o
    0x0800363c   0x0800363c   0x00000024   Code   RO           17    i.ui_run            test.o
    0x08003660   0x08003660   0x00000012   Data   RO         1431    .constdata          stm32f1xx_hal_rcc.o
    0x08003672   0x08003672   0x00000010   Data   RO         3195    .constdata          system_stm32f1xx.o
    0x08003682   0x08003682   0x00000008   Data   RO         3196    .constdata          system_stm32f1xx.o
    0x0800368a   0x0800368a   0x00000617   Data   RO         5473    .constdata          u8g2_fonts.o
    0x08003ca1   0x08003ca1   0x00000003   PAD
    0x08003ca4   0x08003ca4   0x0000000c   Data   RO         6400    .constdata          u8g2_setup.o
    0x08003cb0   0x08003cb0   0x00000158   Data   RO         7882    .constdata          u8x8_d_ssd1306_128x64_noname.o
    0x08003e08   0x08003e08   0x00000026   Data   RO           18    .conststring        test.o
    0x08003e2e   0x08003e2e   0x00000002   PAD
    0x08003e30   0x08003e30   0x00000020   Data   RO         9983    Region$$Table       anon$$obj.o


    Execution Region RW_IRAM1 (Exec base: 0x20000000, Load base: 0x08003e50, Size: 0x00000bd0, Max: 0x0000c000, ABSOLUTE)

    Exec Addr    Load Addr    Size         Type   Attr      Idx    E Section Name        Object

    0x20000000   0x08003e50   0x00000038   Data   RW           19    .data               test.o
    0x20000038   0x08003e88   0x00000001   Data   RW          442    .data               stm32_u8g2.o
    0x20000039   0x08003e89   0x00000003   PAD
    0x2000003c   0x08003e8c   0x0000000c   Data   RW         1268    .data               stm32f1xx_hal.o
    0x20000048   0x08003e98   0x00000004   Data   RW         3197    .data               system_stm32f1xx.o
    0x2000004c   0x08003e9c   0x00000006   Data   RW         6940    .data               u8x8_cad.o
    0x20000052   0x08003ea2   0x00000002   PAD
    0x20000054        -       0x00000080   Zero   RW          441    .bss                stm32_u8g2.o
    0x200000d4        -       0x00000054   Zero   RW          577    .bss                i2c.o
    0x20000128        -       0x00000048   Zero   RW          619    .bss                tim.o
    0x20000170        -       0x00000400   Zero   RW         3851    .bss                u8g2_d_memory.o
    0x20000570        -       0x00000060   Zero   RW         9837    .bss                c_w.l(libspace.o)
    0x200005d0        -       0x00000200   Zero   RW            2    HEAP                startup_stm32f103xe.o
    0x200007d0        -       0x00000400   Zero   RW            1    STACK               startup_stm32f103xe.o


==============================================================================

Image component sizes


      Code (inc. data)   RO Data    RW Data    ZI Data      Debug   Object Name

       148         12          0          0          0        907   gpio.o
       188         26          0          0         84       1545   i2c.o
       140          0          0          0          0       1868   main.o
        64         26        304          0       1536        784   startup_stm32f103xe.o
       262         28          0          1        128     161789   stm32_u8g2.o
       164         28          0         12          0       6305   stm32f1xx_hal.o
       198         14          0          0          0      28791   stm32f1xx_hal_cortex.o
       310          8          0          0          0       1646   stm32f1xx_hal_dma.o
       524         42          0          0          0       3431   stm32f1xx_hal_gpio.o
      4690         70          0          0          0      27647   stm32f1xx_hal_i2c.o
        60          8          0          0          0        818   stm32f1xx_hal_msp.o
      1208         72         18          0          0       4429   stm32f1xx_hal_rcc.o
       556         20          0          0          0       5899   stm32f1xx_hal_tim.o
       124         20          0          0          0       1308   stm32f1xx_hal_tim_ex.o
        44         12          0          0          0       4476   stm32f1xx_it.o
         2          0         24          4          0       1043   system_stm32f1xx.o
       370         22         38         56          0     647921   test.o
       144         18          0          0         72       1522   tim.o
       258          0          0          0          0        922   u8g2_box.o
       170          0          0          0          0       3612   u8g2_buffer.o
       356          0          0          0          0       3554   u8g2_circle.o
        12          4          0          0       1024        892   u8g2_d_memory.o
        56         14          0          0          0       1101   u8g2_d_setup.o
      1212         10          0          0          0      13936   u8g2_font.o
         0          0       1559          0          0     145378   u8g2_fonts.o
       320          0          0          0          0       4366   u8g2_hvline.o
        72          0          0          0          0       1955   u8g2_intersection.o
       144          0          0          0          0       1430   u8g2_ll_hvline.o
       328          0         12          0          0     146862   u8g2_setup.o
        22          0          0          0          0       1881   u8x8_8x8.o
        46          0          0          0          0       1695   u8x8_byte.o
       416         12          0          6          0       8920   u8x8_cad.o
       260         12        344          0          0       3143   u8x8_d_ssd1306_128x64_noname.o
       200          0          0          0          0       4438   u8x8_display.o
        12          0          0          0          0        597   u8x8_gpio.o
        74          4          0          0          0       1774   u8x8_setup.o

    ----------------------------------------------------------------------
     13192        482       2336         84       2844    1248585   Object Totals
         0          0         32          0          0          0   (incl. Generated)
        38          0          5          5          0          0   (incl. Padding)

    ----------------------------------------------------------------------

      Code (inc. data)   RO Data    RW Data    ZI Data      Debug   Library Member Name

         8          0          0          0          0         68   __main.o
         0          0          0          0          0          0   __rtentry.o
        12          0          0          0          0          0   __rtentry2.o
         6          0          0          0          0          0   __rtentry4.o
        52          8          0          0          0          0   __scatter.o
        26          0          0          0          0          0   __scatter_copy.o
        28          0          0          0          0          0   __scatter_zi.o
        18          0          0          0          0         80   exit.o
         6          0          0          0          0        152   heapauxi.o
         0          0          0          0          0          0   indicate_semi.o
         2          0          0          0          0          0   libinit.o
         2          0          0          0          0          0   libinit2.o
         2          0          0          0          0          0   libshutdown.o
         2          0          0          0          0          0   libshutdown2.o
         8          4          0          0         96         68   libspace.o
        68          0          0          0          0         68   rt_memclr.o
        78          0          0          0          0         80   rt_memclr_w.o
         2          0          0          0          0          0   rtexit.o
        10          0          0          0          0          0   rtexit2.o
        12          4          0          0          0         68   sys_exit.o
        74          0          0          0          0         80   sys_stackheap_outer.o
         2          0          0          0          0         68   use_no_semi.o

    ----------------------------------------------------------------------
       424         16          0          0         96        732   Library Totals
         6          0          0          0          0          0   (incl. Padding)

    ----------------------------------------------------------------------

      Code (inc. data)   RO Data    RW Data    ZI Data      Debug   Library Name

       418         16          0          0         96        732   c_w.l

    ----------------------------------------------------------------------
       424         16          0          0         96        732   Library Totals

    ----------------------------------------------------------------------

==============================================================================


      Code (inc. data)   RO Data    RW Data    ZI Data      Debug   

     13616        498       2336         84       2940    1241097   Grand Totals
     13616        498       2336         84       2940    1241097   ELF Image Totals
     13616        498       2336         84          0          0   ROM Totals

==============================================================================

    Total RO  Size (Code + RO Data)                15952 (  15.58kB)
    Total RW  Size (RW Data + ZI Data)              3024 (   2.95kB)
    Total ROM Size (Code + RO Data + RW Data)      16036 (  15.66kB)

==============================================================================

